Archive member included because of file (symbol)

c:/freescale/kds_v3/toolchain/bin/../lib/gcc/arm-none-eabi/4.8.4/armv6-m\libgcc.a(_udivsi3.o)
                              ./SDK/platform/utilities/src/print_scan.o (__aeabi_uidiv)
c:/freescale/kds_v3/toolchain/bin/../lib/gcc/arm-none-eabi/4.8.4/armv6-m\libgcc.a(_divsi3.o)
                              ./driver_code/mpu6050.o (__aeabi_idiv)
c:/freescale/kds_v3/toolchain/bin/../lib/gcc/arm-none-eabi/4.8.4/armv6-m\libgcc.a(_dvmd_tls.o)
                              c:/freescale/kds_v3/toolchain/bin/../lib/gcc/arm-none-eabi/4.8.4/armv6-m\libgcc.a(_udivsi3.o) (__aeabi_idiv0)
c:/freescale/kds_v3/toolchain/bin/../lib/gcc/arm-none-eabi/4.8.4/armv6-m\libgcc.a(adddf3.o)
                              ./driver_code/mpu6050.o (__aeabi_dadd)
c:/freescale/kds_v3/toolchain/bin/../lib/gcc/arm-none-eabi/4.8.4/armv6-m\libgcc.a(fixdfsi.o)
                              ./driver_code/mpu6050.o (__aeabi_d2iz)
c:/freescale/kds_v3/toolchain/bin/../lib/gcc/arm-none-eabi/4.8.4/armv6-m\libgcc.a(floatsidf.o)
                              ./driver_code/mpu6050.o (__aeabi_i2d)
c:/freescale/kds_v3/toolchain/bin/../lib/gcc/arm-none-eabi/4.8.4/armv6-m\libgcc.a(_clzsi2.o)
                              c:/freescale/kds_v3/toolchain/bin/../lib/gcc/arm-none-eabi/4.8.4/armv6-m\libgcc.a(adddf3.o) (__clzsi2)
c:/freescale/kds_v3/toolchain/bin/../lib/gcc/arm-none-eabi/4.8.4/../../../../arm-none-eabi/lib/armv6-m\libg_s.a(lib_a-assert.o)
                              ./SDK/platform/system/src/interrupt/fsl_interrupt_manager.o (__assert_func)
c:/freescale/kds_v3/toolchain/bin/../lib/gcc/arm-none-eabi/4.8.4/../../../../arm-none-eabi/lib/armv6-m\libg_s.a(lib_a-errno.o)
                              ./SDK/platform/utilities/src/fsl_misc_utilities.o (__errno)
c:/freescale/kds_v3/toolchain/bin/../lib/gcc/arm-none-eabi/4.8.4/../../../../arm-none-eabi/lib/armv6-m\libg_s.a(lib_a-exit.o)
                              c:/freescale/kds_v3/toolchain/bin/../lib/gcc/arm-none-eabi/4.8.4/../../../../arm-none-eabi/lib/armv6-m/crt0.o (exit)
c:/freescale/kds_v3/toolchain/bin/../lib/gcc/arm-none-eabi/4.8.4/../../../../arm-none-eabi/lib/armv6-m\libg_s.a(lib_a-fprintf.o)
                              c:/freescale/kds_v3/toolchain/bin/../lib/gcc/arm-none-eabi/4.8.4/../../../../arm-none-eabi/lib/armv6-m\libg_s.a(lib_a-assert.o) (fiprintf)
c:/freescale/kds_v3/toolchain/bin/../lib/gcc/arm-none-eabi/4.8.4/../../../../arm-none-eabi/lib/armv6-m\libg_s.a(lib_a-impure.o)
                              c:/freescale/kds_v3/toolchain/bin/../lib/gcc/arm-none-eabi/4.8.4/../../../../arm-none-eabi/lib/armv6-m\libg_s.a(lib_a-exit.o) (_global_impure_ptr)
c:/freescale/kds_v3/toolchain/bin/../lib/gcc/arm-none-eabi/4.8.4/../../../../arm-none-eabi/lib/armv6-m\libg_s.a(lib_a-init.o)
                              c:/freescale/kds_v3/toolchain/bin/../lib/gcc/arm-none-eabi/4.8.4/../../../../arm-none-eabi/lib/armv6-m/crt0.o (__libc_init_array)
c:/freescale/kds_v3/toolchain/bin/../lib/gcc/arm-none-eabi/4.8.4/../../../../arm-none-eabi/lib/armv6-m\libg_s.a(lib_a-memcpy-stub.o)
                              ./SDK/rtos/FreeRTOS/src/queue.o (memcpy)
c:/freescale/kds_v3/toolchain/bin/../lib/gcc/arm-none-eabi/4.8.4/../../../../arm-none-eabi/lib/armv6-m\libg_s.a(lib_a-memset.o)
                              c:/freescale/kds_v3/toolchain/bin/../lib/gcc/arm-none-eabi/4.8.4/../../../../arm-none-eabi/lib/armv6-m/crt0.o (memset)
c:/freescale/kds_v3/toolchain/bin/../lib/gcc/arm-none-eabi/4.8.4/../../../../arm-none-eabi/lib/armv6-m\libg_s.a(lib_a-setjmp.o)
                              ./SDK/rtos/FreeRTOS/port/gcc/port.o (setjmp)
c:/freescale/kds_v3/toolchain/bin/../lib/gcc/arm-none-eabi/4.8.4/../../../../arm-none-eabi/lib/armv6-m\libg_s.a(lib_a-strlen.o)
                              ./SDK/platform/utilities/src/print_scan.o (strlen)
c:/freescale/kds_v3/toolchain/bin/../lib/gcc/arm-none-eabi/4.8.4/../../../../arm-none-eabi/lib/armv6-m\libg_s.a(lib_a-vfprintf.o)
                              c:/freescale/kds_v3/toolchain/bin/../lib/gcc/arm-none-eabi/4.8.4/../../../../arm-none-eabi/lib/armv6-m\libg_s.a(lib_a-fprintf.o) (_vfprintf_r)
c:/freescale/kds_v3/toolchain/bin/../lib/gcc/arm-none-eabi/4.8.4/../../../../arm-none-eabi/lib/armv6-m\libg_s.a(lib_a-vfprintf_i.o)
                              c:/freescale/kds_v3/toolchain/bin/../lib/gcc/arm-none-eabi/4.8.4/../../../../arm-none-eabi/lib/armv6-m\libg_s.a(lib_a-vfprintf.o) (_printf_i)
c:/freescale/kds_v3/toolchain/bin/../lib/gcc/arm-none-eabi/4.8.4/../../../../arm-none-eabi/lib/armv6-m\libg_s.a(lib_a-wbuf.o)
                              c:/freescale/kds_v3/toolchain/bin/../lib/gcc/arm-none-eabi/4.8.4/../../../../arm-none-eabi/lib/armv6-m\libg_s.a(lib_a-vfprintf.o) (__swbuf_r)
c:/freescale/kds_v3/toolchain/bin/../lib/gcc/arm-none-eabi/4.8.4/../../../../arm-none-eabi/lib/armv6-m\libg_s.a(lib_a-wsetup.o)
[...]
Memory Configuration

Name             Origin             Length             Attributes
m_interrupts     0x00000000         0x00000200         xr
m_flash_config   0x00000400         0x00000010         xr
m_interrupts_ram 0x1ffff000         0x00000200         rw
m_text           0x00000410         0x0001fbf0         xr
m_data           0x1ffff200         0x00003e00         rw
*default*        0x00000000         0xffffffff

Linker script and memory map

LOAD c:/freescale/kds_v3/toolchain/bin/../lib/gcc/arm-none-eabi/4.8.4/armv6-m/crti.o
LOAD c:/freescale/kds_v3/toolchain/bin/../lib/gcc/arm-none-eabi/4.8.4/armv6-m/crtbegin.o
LOAD c:/freescale/kds_v3/toolchain/bin/../lib/gcc/arm-none-eabi/4.8.4/../../../../arm-none-eabi/lib/armv6-m/crt0.o
LOAD ./driver_code/mpu6050.o
LOAD ./Static_Code/System/PE_low_level_init.o
LOAD ./Sources/Events.o
LOAD ./Sources/main.o
LOAD ./Sources/os_tasks.o
LOAD ./Sources/rtos_main_task.o
LOAD ./SDK/rtos/FreeRTOS/src/croutine.o
LOAD ./SDK/rtos/FreeRTOS/src/event_groups.o
LOAD ./SDK/rtos/FreeRTOS/src/heap_1.o
LOAD ./SDK/rtos/FreeRTOS/src/heap_2.o
LOAD ./SDK/rtos/FreeRTOS/src/heap_3.o
LOAD ./SDK/rtos/FreeRTOS/src/heap_4.o
LOAD ./SDK/rtos/FreeRTOS/src/heap_5.o
LOAD ./SDK/rtos/FreeRTOS/src/list.o
LOAD ./SDK/rtos/FreeRTOS/src/queue.o
LOAD ./SDK/rtos/FreeRTOS/src/tasks.o
LOAD ./SDK/rtos/FreeRTOS/src/timers.o
LOAD ./SDK/rtos/FreeRTOS/port/gcc/port.o
LOAD ./SDK/rtos/FreeRTOS/port/gcc/portasm.o
LOAD ./SDK/platform/utilities/src/fsl_debug_console.o
LOAD ./SDK/platform/utilities/src/fsl_misc_utilities.o
LOAD ./SDK/platform/utilities/src/print_scan.o
LOAD ./SDK/platform/system/src/interrupt/fsl_interrupt_manager.o
LOAD ./SDK/platform/system/src/clock/MKL25Z4/fsl_clock_MKL25Z4.o
LOAD ./SDK/platform/system/src/clock/fsl_clock_manager.o
LOAD ./SDK/platform/system/src/clock/fsl_clock_manager_common.o
LOAD ./SDK/platform/osa/src/fsl_os_abstraction_free_rtos.o
LOAD ./SDK/platform/hal/src/uart/fsl_uart_hal.o
LOAD ./SDK/platform/hal/src/sim/MKL25Z4/fsl_sim_hal_MKL25Z4.o
LOAD ./SDK/platform/hal/src/rtc/fsl_rtc_hal.o
LOAD ./SDK/platform/hal/src/port/fsl_port_hal.o
LOAD ./SDK/platform/hal/src/osc/fsl_osc_hal.o
LOAD ./SDK/platform/hal/src/mcg/fsl_mcg_hal.o
LOAD ./SDK/platform/hal/src/mcg/fsl_mcg_hal_modes.o
LOAD ./SDK/platform/hal/src/lpsci/fsl_lpsci_hal.o
LOAD ./SDK/platform/hal/src/i2c/fsl_i2c_hal.o
LOAD ./SDK/platform/hal/src/gpio/fsl_gpio_hal.o
LOAD ./SDK/platform/drivers/src/rtc/fsl_rtc_common.o
LOAD ./SDK/platform/drivers/src/i2c/fsl_i2c_common.o
LOAD ./SDK/platform/drivers/src/i2c/fsl_i2c_master_driver.o
LOAD ./SDK/platform/drivers/src/i2c/fsl_i2c_shared_function.o
LOAD ./SDK/platform/drivers/src/i2c/fsl_i2c_slave_driver.o
LOAD ./SDK/platform/drivers/src/gpio/fsl_gpio_common.o
LOAD ./SDK/platform/drivers/src/gpio/fsl_gpio_driver.o
LOAD ./SDK/platform/devices/MKL25Z4/startup/gcc/startup_MKL25Z4.o
LOAD ./SDK/platform/devices/MKL25Z4/startup/system_MKL25Z4.o
LOAD ./SDK/platform/devices/startup.o
LOAD ./Generated_Code/Cpu.o
LOAD ./Generated_Code/MainTask.o
LOAD ./Generated_Code/Task1.o
LOAD ./Generated_Code/clockMan1.o
LOAD ./Generated_Code/free_rtos.o
LOAD ./Generated_Code/gpio1.o
LOAD ./Generated_Code/hardware_init.o
LOAD ./Generated_Code/i2cCom1.o
LOAD ./Generated_Code/osa1.o
LOAD ./Generated_Code/pin_init.o
LOAD ./.metadata/.plugins/org.eclipse.cdt.make.core/specs.o
LOAD c:/freescale/kds_v3/toolchain/bin/../lib/gcc/arm-none-eabi/4.8.4/../../../../arm-none-eabi/lib/armv6-m\libstdc++_s.a
LOAD c:/freescale/kds_v3/toolchain/bin/../lib/gcc/arm-none-eabi/4.8.4/../../../../arm-none-eabi/lib/armv6-m\libm.a
START GROUP
LOAD c:/freescale/kds_v3/toolchain/bin/../lib/gcc/arm-none-eabi/4.8.4/armv6-m\libgcc.a
LOAD c:/freescale/kds_v3/toolchain/bin/../lib/gcc/arm-none-eabi/4.8.4/../../../../arm-none-eabi/lib/armv6-m\libg_s.a
LOAD c:/freescale/kds_v3/toolchain/bin/../lib/gcc/arm-none-eabi/4.8.4/../../../../arm-none-eabi/lib/armv6-m\libc_s.a
END GROUP
START GROUP
LOAD c:/freescale/kds_v3/toolchain/bin/../lib/gcc/arm-none-eabi/4.8.4/armv6-m\libgcc.a
LOAD c:/freescale/kds_v3/toolchain/bin/../lib/gcc/arm-none-eabi/4.8.4/../../../../arm-none-eabi/lib/armv6-m\libc_s.a
LOAD c:/freescale/kds_v3/toolchain/bin/../lib/gcc/arm-none-eabi/4.8.4/../../../../arm-none-eabi/lib/armv6-m\libnosys.a
END GROUP
START GROUP
LOAD c:/freescale/kds_v3/toolchain/bin/../lib/gcc/arm-none-eabi/4.8.4/armv6-m\libgcc.a
LOAD c:/freescale/kds_v3/toolchain/bin/../lib/gcc/arm-none-eabi/4.8.4/../../../../arm-none-eabi/lib/armv6-m\libc_s.a
LOAD c:/freescale/kds_v3/toolchain/bin/../lib/gcc/arm-none-eabi/4.8.4/../../../../arm-none-eabi/lib/armv6-m\libnosys.a
END GROUP
LOAD c:/freescale/kds_v3/toolchain/bin/../lib/gcc/arm-none-eabi/4.8.4/armv6-m/crtend.o
LOAD c:/freescale/kds_v3/toolchain/bin/../lib/gcc/arm-none-eabi/4.8.4/armv6-m/crtn.o
                0x00000000                HEAP_SIZE = DEFINED (__heap_size__)?__heap_size__:0x0
                0x00000400                STACK_SIZE = DEFINED (__stack_size__)?__stack_size__:0x400

.interrupts     0x00000000       0xc0
                0x00000000                __VECTOR_TABLE = .
                0x00000000                . = ALIGN (0x4)
 *(.isr_vector)
 .isr_vector    0x00000000       0xc0 ./SDK/platform/devices/MKL25Z4/startup/gcc/startup_MKL25Z4.o
                0x00000000                __isr_vector
                0x000000c0                . = ALIGN (0x4)
                0x1ffff000                __VECTOR_RAM = ORIGIN (m_interrupts_ram)

.flash_config   0x00000400       0x10
                0x00000400                . = ALIGN (0x4)
 *(.FlashConfig)
 .FlashConfig   0x00000400       0x10 ./SDK/platform/devices/MKL25Z4/startup/gcc/startup_MKL25Z4.o
                0x00000410                . = ALIGN (0x4)

.text           0x00000410     0x741c
                0x00000410                . = ALIGN (0x4)
 *(.text)
 .text          0x00000410       0x60 c:/freescale/kds_v3/toolchain/bin/../lib/gcc/arm-none-eabi/4.8.4/armv6-m/crtbegin.o
 .text          0x00000470       0x78 c:/freescale/kds_v3/toolchain/bin/../lib/gcc/arm-none-eabi/4.8.4/../../../../arm-none-eabi/lib/armv6-m/crt0.o
                0x00000470                _start
                0x00000470                _mainCRTStartup
 .text          0x000004e8       0x18 ./SDK/platform/devices/MKL25Z4/startup/gcc/startup_MKL25Z4.o
                0x000004e8                Reset_Handler
                0x000004f8                HardFault_Handler
                0x000004f8                NMI_Handler
                0x000004f8                UART1_IRQHandler
                0x000004f8                DMA2_IRQHandler
                0x000004f8                TPM0_IRQHandler
                0x000004f8                LLWU_IRQHandler
                0x000004f8                TSI0_IRQHandler
                0x000004f8                UART0_IRQHandler
                0x000004f8                ADC0_IRQHandler
                0x000004f8                Reserved39_IRQHandler
                0x000004f8                SPI1_IRQHandler
                0x000004f8                DefaultISR
                0x000004f8                PORTD_IRQHandler
                0x000004f8                TPM2_IRQHandler
                0x000004f8                RTC_IRQHandler
                0x000004f8                I2C0_IRQHandler
                0x000004f8                RTC_Seconds_IRQHandler
                0x000004f8                MCG_IRQHandler
                0x000004f8                UART2_IRQHandler
                0x000004f8                Reserved20_IRQHandler
                0x000004f8                USB0_IRQHandler
                0x000004f8                PIT_IRQHandler
                0x000004f8                DMA3_IRQHandler
                0x000004f8                DMA0_IRQHandler
                0x000004f8                DAC0_IRQHandler
                0x000004f8                Reserved45_IRQHandler
                0x000004f8                TPM1_IRQHandler
                0x000004f8                LVD_LVW_IRQHandler
                0x000004f8                SPI0_IRQHandler
                0x000004f8                PORTA_IRQHandler
                0x000004f8                FTFA_IRQHandler
                0x000004f8                LPTMR0_IRQHandler
                0x000004f8                CMP0_IRQHandler
                0x000004f8                DMA1_IRQHandler
 .text          0x00000500       0x9c c:/freescale/kds_v3/toolchain/bin/../lib/gcc/arm-none-eabi/4.8.4/armv6-m\libgcc.a(_udivsi3.o)
                0x00000500                __aeabi_uidiv
                0x00000500                __udivsi3
                0x00000588                __aeabi_uidivmod
 .text          0x0000059c       0xc0 c:/freescale/kds_v3/toolchain/bin/../lib/gcc/arm-none-eabi/4.8.4/armv6-m\libgcc.a(_divsi3.o)
                0x0000059c                __divsi3
                0x0000059c                __aeabi_idiv
                0x00000648                __aeabi_idivmod
 .text          0x0000065c        0x4 c:/freescale/kds_v3/toolchain/bin/../lib/gcc/arm-none-eabi/4.8.4/armv6-m\libgcc.a(_dvmd_tls.o)
                0x0000065c                __aeabi_idiv0
                0x0000065c                __aeabi_ldiv0
 .text          0x00000660      0x644 c:/freescale/kds_v3/toolchain/bin/../lib/gcc/arm-none-eabi/4.8.4/armv6-m\libgcc.a(adddf3.o)
                0x00000660                __aeabi_dadd
 .text          0x00000ca4       0x68 c:/freescale/kds_v3/toolchain/bin/../lib/gcc/arm-none-eabi/4.8.4/armv6-m\libgcc.a(fixdfsi.o)
                0x00000ca4                __aeabi_d2iz
 .text          0x00000d0c       0x7c c:/freescale/kds_v3/toolchain/bin/../lib/gcc/arm-none-eabi/4.8.4/armv6-m\libgcc.a(floatsidf.o)
                0x00000d0c                __aeabi_i2d
 .text          0x00000d88       0x3c c:/freescale/kds_v3/toolchain/bin/../lib/gcc/arm-none-eabi/4.8.4/armv6-m\libgcc.a(_clzsi2.o)
                0x00000d88                __clzsi2
 .text          0x00000dc4       0x34 c:/freescale/kds_v3/toolchain/bin/../lib/gcc/arm-none-eabi/4.8.4/../../../../arm-none-eabi/lib/armv6-m\libg_s.a(lib_a-setjmp.o)
                0x00000dc4                setjmp
                0x00000ddc                longjmp
 *(.text*)
 .text.MPU6050_Init
                0x00000df8       0xe0 ./driver_code/mpu6050.o
                0x00000df8                MPU6050_Init
 .text.MPU6050_ReadReg8
                0x00000ed8       0x44 ./driver_code/mpu6050.o
                0x00000ed8                MPU6050_ReadReg8
 .text.MPU6050_WriteReg8
                0x00000f1c       0x3c ./driver_code/mpu6050.o
                0x00000f1c                MPU6050_WriteReg8
 .text.MPU6050_WhoAmI
                0x00000f58       0x4c ./driver_code/mpu6050.o
                0x00000f58                MPU6050_WhoAmI
 .text.MPU6050_GetAccelXYZ
                0x00000fa4       0x74 ./driver_code/mpu6050.o
                0x00000fa4                MPU6050_GetAccelXYZ
 .text.MPU6050_GetGyroXYZ
                0x00001018       0x74 ./driver_code/mpu6050.o
                0x00001018                MPU6050_GetGyroXYZ
 *fill*         0x0000108c        0x4 
 .text.MPU6050_GetTemperature
                0x00001090       0x90 ./driver_code/mpu6050.o
                0x00001090                MPU6050_GetTemperature
 .text.init_example
                0x00001120       0x18 ./driver_code/mpu6050.o
                0x00001120                init_example
 .text.PEX_components_init
                0x00001138        0xc ./Static_Code/System/PE_low_level_init.o
                0x00001138                PEX_components_init
 .text.PE_low_level_init
                0x00001144       0x10 ./Static_Code/System/PE_low_level_init.o
                0x00001144                PE_low_level_init
 .text.I2C1_IRQHandler
                0x00001154       0x10 ./Sources/Events.o
                0x00001154                I2C1_IRQHandler
 .text.main     0x00001164       0x14 ./Sources/main.o
                0x00001164                main
 .text.Task1_task
                0x00001178       0x10 ./Sources/os_tasks.o
                0x00001178                Task1_task
 .text.main_task
                0x00001188       0x9c ./Sources/rtos_main_task.o
                0x00001188                main_task
 .text.xEventGroupSetBits
                0x00001224       0xf8 ./SDK/rtos/FreeRTOS/src/event_groups.o
                0x00001224                xEventGroupSetBits
 .text.vEventGroupSetBitsCallback
                0x0000131c       0x1c ./SDK/rtos/FreeRTOS/src/event_groups.o
                0x0000131c                vEventGroupSetBitsCallback
 .text.pvPortMalloc
                0x00001338      0x118 ./SDK/rtos/FreeRTOS/src/heap_2.o
                0x00001338                pvPortMalloc
 .text.vPortFree
                0x00001450       0x70 ./SDK/rtos/FreeRTOS/src/heap_2.o
                0x00001450                vPortFree
 .text.prvHeapInit
                0x000014c0       0x4c ./SDK/rtos/FreeRTOS/src/heap_2.o
 .text.vListInitialise
                0x0000150c       0x3c ./SDK/rtos/FreeRTOS/src/list.o
                0x0000150c                vListInitialise
 .text.vListInitialiseItem
                0x00001548       0x14 ./SDK/rtos/FreeRTOS/src/list.o
                0x00001548                vListInitialiseItem
 .text.vListInsertEnd
                0x0000155c       0x44 ./SDK/rtos/FreeRTOS/src/list.o
                0x0000155c                vListInsertEnd
 .text.vListInsert
                0x000015a0       0x6c ./SDK/rtos/FreeRTOS/src/list.o
                0x000015a0                vListInsert
 .text.uxListRemove
                0x0000160c       0x50 ./SDK/rtos/FreeRTOS/src/list.o
                0x0000160c                uxListRemove
 .text.xQueueGenericReset
                0x0000165c       0xac ./SDK/rtos/FreeRTOS/src/queue.o
                0x0000165c                xQueueGenericReset
 .text.xQueueGenericCreate
                0x00001708       0x94 ./SDK/rtos/FreeRTOS/src/queue.o
                0x00001708                xQueueGenericCreate
 .text.xQueueCreateCountingSemaphore
                0x0000179c       0x58 ./SDK/rtos/FreeRTOS/src/queue.o
                0x0000179c                xQueueCreateCountingSemaphore
 .text.xQueueGenericSend
                0x000017f4      0x198 ./SDK/rtos/FreeRTOS/src/queue.o
                0x000017f4                xQueueGenericSend
 .text.xQueueGenericSendFromISR
                0x0000198c       0xd8 ./SDK/rtos/FreeRTOS/src/queue.o
                0x0000198c                xQueueGenericSendFromISR
 .text.xQueueGiveFromISR
                0x00001a64       0x9c ./SDK/rtos/FreeRTOS/src/queue.o
                0x00001a64                xQueueGiveFromISR
 .text.xQueueGenericReceive
                0x00001b00      0x1c4 ./SDK/rtos/FreeRTOS/src/queue.o
                0x00001b00                xQueueGenericReceive
 .text.prvCopyDataToQueue
                0x00001cc4       0xe0 ./SDK/rtos/FreeRTOS/src/queue.o
 .text.prvCopyDataFromQueue
                0x00001da4       0x50 ./SDK/rtos/FreeRTOS/src/queue.o
 .text.prvUnlockQueue
                0x00001df4       0x98 ./SDK/rtos/FreeRTOS/src/queue.o
 .text.prvIsQueueEmpty
                0x00001e8c       0x2c ./SDK/rtos/FreeRTOS/src/queue.o
 .text.prvIsQueueFull
                0x00001eb8       0x30 ./SDK/rtos/FreeRTOS/src/queue.o
 .text.vQueueWaitForMessageRestricted
                0x00001ee8       0x58 ./SDK/rtos/FreeRTOS/src/queue.o
                0x00001ee8                vQueueWaitForMessageRestricted
 .text.xTaskGenericCreate
                0x00001f40      0x170 ./SDK/rtos/FreeRTOS/src/tasks.o
                0x00001f40                xTaskGenericCreate
 .text.vTaskDelay
                0x000020b0       0x68 ./SDK/rtos/FreeRTOS/src/tasks.o
                0x000020b0                vTaskDelay
 .text.vTaskStartScheduler
                0x00002118       0x78 ./SDK/rtos/FreeRTOS/src/tasks.o
                0x00002118                vTaskStartScheduler
 .text.vTaskSuspendAll
                0x00002190       0x18 ./SDK/rtos/FreeRTOS/src/tasks.o
                0x00002190                vTaskSuspendAll
 .text.xTaskResumeAll
                0x000021a8      0x10c ./SDK/rtos/FreeRTOS/src/tasks.o
                0x000021a8                xTaskResumeAll
 .text.xTaskGetTickCount
                0x000022b4       0x24 ./SDK/rtos/FreeRTOS/src/tasks.o
                0x000022b4                xTaskGetTickCount
 .text.xTaskIncrementTick
                0x000022d8      0x16c ./SDK/rtos/FreeRTOS/src/tasks.o
                0x000022d8                xTaskIncrementTick
 .text.vTaskSwitchContext
                0x00002444       0xa0 ./SDK/rtos/FreeRTOS/src/tasks.o
                0x00002444                vTaskSwitchContext
 .text.vTaskPlaceOnEventList
                0x000024e4       0x70 ./SDK/rtos/FreeRTOS/src/tasks.o
                0x000024e4                vTaskPlaceOnEventList
 .text.vTaskPlaceOnEventListRestricted
                0x00002554       0x54 ./SDK/rtos/FreeRTOS/src/tasks.o
                0x00002554                vTaskPlaceOnEventListRestricted
 .text.xTaskRemoveFromEventList
                0x000025a8       0xb8 ./SDK/rtos/FreeRTOS/src/tasks.o
                0x000025a8                xTaskRemoveFromEventList
 .text.xTaskRemoveFromUnorderedEventList
                0x00002660       0xb4 ./SDK/rtos/FreeRTOS/src/tasks.o
                0x00002660                xTaskRemoveFromUnorderedEventList
 .text.vTaskSetTimeOutState
                0x00002714       0x34 ./SDK/rtos/FreeRTOS/src/tasks.o
                0x00002714                vTaskSetTimeOutState
 .text.xTaskCheckForTimeOut
                0x00002748       0xa0 ./SDK/rtos/FreeRTOS/src/tasks.o
                0x00002748                xTaskCheckForTimeOut
 .text.vTaskMissedYield
                0x000027e8       0x14 ./SDK/rtos/FreeRTOS/src/tasks.o
                0x000027e8                vTaskMissedYield
 .text.prvIdleTask
                0x000027fc       0x20 ./SDK/rtos/FreeRTOS/src/tasks.o
 .text.prvInitialiseTCBVariables
                0x0000281c       0xa4 ./SDK/rtos/FreeRTOS/src/tasks.o
 .text.prvInitialiseTaskLists
                0x000028c0       0x88 ./SDK/rtos/FreeRTOS/src/tasks.o
 .text.prvCheckTasksWaitingTermination
                0x00002948       0x74 ./SDK/rtos/FreeRTOS/src/tasks.o
 .text.prvAddCurrentTaskToDelayedList
                0x000029bc       0x6c ./SDK/rtos/FreeRTOS/src/tasks.o
 .text.prvAllocateTCBAndStack
                0x00002a28       0x78 ./SDK/rtos/FreeRTOS/src/tasks.o
 .text.prvDeleteTCB
                0x00002aa0       0x20 ./SDK/rtos/FreeRTOS/src/tasks.o
 .text.prvResetNextTaskUnblockTime
                0x00002ac0       0x44 ./SDK/rtos/FreeRTOS/src/tasks.o
 .text.xTaskGetSchedulerState
                0x00002b04       0x38 ./SDK/rtos/FreeRTOS/src/tasks.o
                0x00002b04                xTaskGetSchedulerState
 .text.vTaskPriorityInherit
                0x00002b3c       0xbc ./SDK/rtos/FreeRTOS/src/tasks.o
                0x00002b3c                vTaskPriorityInherit
 .text.xTaskPriorityDisinherit
                0x00002bf8       0xa8 ./SDK/rtos/FreeRTOS/src/tasks.o
                0x00002bf8                xTaskPriorityDisinherit
 .text.pvTaskIncrementMutexHeldCount
                0x00002ca0       0x24 ./SDK/rtos/FreeRTOS/src/tasks.o
                0x00002ca0                pvTaskIncrementMutexHeldCount
 .text.xTimerCreateTimerTask
                0x00002cc4       0x5c ./SDK/rtos/FreeRTOS/src/timers.o
                0x00002cc4                xTimerCreateTimerTask
 .text.xTimerGenericCommand
                0x00002d20       0xa0 ./SDK/rtos/FreeRTOS/src/timers.o
                0x00002d20                xTimerGenericCommand
 .text.prvProcessExpiredTimer
                0x00002dc0       0x78 ./SDK/rtos/FreeRTOS/src/timers.o
 .text.prvTimerTask
                0x00002e38       0x28 ./SDK/rtos/FreeRTOS/src/timers.o
 .text.prvProcessTimerOrBlockTask
                0x00002e60       0x74 ./SDK/rtos/FreeRTOS/src/timers.o
 .text.prvGetNextExpireTime
                0x00002ed4       0x40 ./SDK/rtos/FreeRTOS/src/timers.o
 .text.prvSampleTimeNow
                0x00002f14       0x40 ./SDK/rtos/FreeRTOS/src/timers.o
 .text.prvInsertTimerInActiveList
                0x00002f54       0x84 ./SDK/rtos/FreeRTOS/src/timers.o
 .text.prvProcessReceivedCommands
                0x00002fd8      0x144 ./SDK/rtos/FreeRTOS/src/timers.o
 .text.prvSwitchTimerLists
                0x0000311c       0xb8 ./SDK/rtos/FreeRTOS/src/timers.o
 .text.prvCheckForValidListAndQueue
                0x000031d4       0x68 ./SDK/rtos/FreeRTOS/src/timers.o
 .text.xTimerPendFunctionCallFromISR
                0x0000323c       0x58 ./SDK/rtos/FreeRTOS/src/timers.o
                0x0000323c                xTimerPendFunctionCallFromISR
 .text.prvTaskExitError
                0x00003294       0x1c ./SDK/rtos/FreeRTOS/port/gcc/port.o
                0x00003294                prvTaskExitError
 .text.pxPortInitialiseStack
                0x000032b0       0x54 ./SDK/rtos/FreeRTOS/port/gcc/port.o
                0x000032b0                pxPortInitialiseStack
 .text.vPortInitTickTimer
                0x00003304       0x3c ./SDK/rtos/FreeRTOS/port/gcc/port.o
                0x00003304                vPortInitTickTimer
 .text.vPortStartTickTimer
                0x00003340       0x14 ./SDK/rtos/FreeRTOS/port/gcc/port.o
                0x00003340                vPortStartTickTimer
 .text.xPortStartScheduler
                0x00003354       0x4c ./SDK/rtos/FreeRTOS/port/gcc/port.o
                0x00003354                xPortStartScheduler
 .text.vPortEnterCritical
                0x000033a0       0x24 ./SDK/rtos/FreeRTOS/port/gcc/port.o
                0x000033a0                vPortEnterCritical
 .text.vPortExitCritical
                0x000033c4       0x24 ./SDK/rtos/FreeRTOS/port/gcc/port.o
                0x000033c4                vPortExitCritical
 .text.vPortYieldFromISR
                0x000033e8       0x1c ./SDK/rtos/FreeRTOS/port/gcc/port.o
                0x000033e8                vPortYieldFromISR
 .text.SysTick_Handler
                0x00003404       0x20 ./SDK/rtos/FreeRTOS/port/gcc/port.o
                0x00003404                SysTick_Handler
 .text.vPortStartFirstTask
                0x00003424       0x1c ./SDK/rtos/FreeRTOS/port/gcc/port.o
                0x00003424                vPortStartFirstTask
 .text.SVC_Handler
                0x00003440       0x28 ./SDK/rtos/FreeRTOS/port/gcc/port.o
                0x00003440                SVC_Handler
 .text.PendSV_Handler
                0x00003468       0x44 ./SDK/rtos/FreeRTOS/port/gcc/port.o
                0x00003468                PendSV_Handler
 .text.ulPortSetInterruptMask
                0x000034ac        0xc ./SDK/rtos/FreeRTOS/port/gcc/port.o
                0x000034ac                ulPortSetInterruptMask
 .text.vPortClearInterruptMask
                0x000034b8        0x8 ./SDK/rtos/FreeRTOS/port/gcc/port.o
                0x000034b8                vPortClearInterruptMask
 .text._write   0x000034c0       0x5c ./SDK/platform/utilities/src/fsl_debug_console.o
                0x000034c0                _write
 .text._read    0x0000351c       0x48 ./SDK/platform/utilities/src/fsl_debug_console.o
                0x0000351c                _read
 .text._sbrk    0x00003564       0x5c ./SDK/platform/utilities/src/fsl_misc_utilities.o
                0x00003564                _sbrk
 .text.SIM_HAL_EnableClock
                0x000035c0       0x58 ./SDK/platform/system/src/clock/MKL25Z4/fsl_clock_MKL25Z4.o
 .text.CLOCK_HAL_GetOutDiv1
                0x00003618       0x28 ./SDK/platform/system/src/clock/MKL25Z4/fsl_clock_MKL25Z4.o
 .text.CLOCK_HAL_GetOutDiv4
                0x00003640       0x28 ./SDK/platform/system/src/clock/MKL25Z4/fsl_clock_MKL25Z4.o
 .text.CLOCK_SYS_GetSystemClockFreq
                0x00003668       0x34 ./SDK/platform/system/src/clock/MKL25Z4/fsl_clock_MKL25Z4.o
                0x00003668                CLOCK_SYS_GetSystemClockFreq
 .text.CLOCK_SYS_GetBusClockFreq
                0x0000369c       0x2c ./SDK/platform/system/src/clock/MKL25Z4/fsl_clock_MKL25Z4.o
                0x0000369c                CLOCK_SYS_GetBusClockFreq
 .text.CLOCK_SYS_GetI2cFreq
                0x000036c8       0x28 ./SDK/platform/system/src/clock/MKL25Z4/fsl_clock_MKL25Z4.o
                0x000036c8                CLOCK_SYS_GetI2cFreq
 .text.CLOCK_SYS_EnablePortClock
                0x000036f0       0x4c ./SDK/platform/system/src/clock/MKL25Z4/fsl_clock_MKL25Z4.o
                0x000036f0                CLOCK_SYS_EnablePortClock
 .text.CLOCK_SYS_EnableI2cClock
                0x0000373c       0x4c ./SDK/platform/system/src/clock/MKL25Z4/fsl_clock_MKL25Z4.o
                0x0000373c                CLOCK_SYS_EnableI2cClock
 .text.OSA_SemaCreate
                0x00003788       0x58 ./SDK/platform/osa/src/fsl_os_abstraction_free_rtos.o
                0x00003788                OSA_SemaCreate
 .text.OSA_SemaWait
                0x000037e0       0x78 ./SDK/platform/osa/src/fsl_os_abstraction_free_rtos.o
                0x000037e0                OSA_SemaWait
 .text.OSA_SemaphorePostFromTask
                0x00003858       0x2c ./SDK/platform/osa/src/fsl_os_abstraction_free_rtos.o
 .text.OSA_SemaphorePostFromISR
                0x00003884       0x3c ./SDK/platform/osa/src/fsl_os_abstraction_free_rtos.o
 .text.OSA_SemaPost
                0x000038c0       0x54 ./SDK/platform/osa/src/fsl_os_abstraction_free_rtos.o
                0x000038c0                OSA_SemaPost
 .text.OSA_EventSet
                0x00003914       0x74 ./SDK/platform/osa/src/fsl_os_abstraction_free_rtos.o
                0x00003914                OSA_EventSet
 .text.OSA_TaskCreate
                0x00003988       0x50 ./SDK/platform/osa/src/fsl_os_abstraction_free_rtos.o
                0x00003988                OSA_TaskCreate
 .text.OSA_TimeDelay
                0x000039d8       0x2c ./SDK/platform/osa/src/fsl_os_abstraction_free_rtos.o
                0x000039d8                OSA_TimeDelay
 .text.OSA_Init
                0x00003a04        0xc ./SDK/platform/osa/src/fsl_os_abstraction_free_rtos.o
                0x00003a04                OSA_Init
 .text.OSA_Start
                0x00003a10       0x10 ./SDK/platform/osa/src/fsl_os_abstraction_free_rtos.o
                0x00003a10                OSA_Start
 .text.CLOCK_HAL_GetClkOutStat
                0x00003a20       0x20 ./SDK/platform/hal/src/mcg/fsl_mcg_hal.o
 .text.CLOCK_HAL_IsPllSelected
                0x00003a40       0x24 ./SDK/platform/hal/src/mcg/fsl_mcg_hal.o
 .text.CLOCK_HAL_GetMcgExternalClkFreq
                0x00003a64       0x18 ./SDK/platform/hal/src/mcg/fsl_mcg_hal.o
 .text.CLOCK_HAL_TestFllExternalRefFreq
                0x00003a7c       0x7c ./SDK/platform/hal/src/mcg/fsl_mcg_hal.o
                0x00003a7c                CLOCK_HAL_TestFllExternalRefFreq
 .text.CLOCK_HAL_GetFllRefClk
                0x00003af8       0x8c ./SDK/platform/hal/src/mcg/fsl_mcg_hal.o
                0x00003af8                CLOCK_HAL_GetFllRefClk
 .text.CLOCK_HAL_TestFllFreq
                0x00003b84       0x6c ./SDK/platform/hal/src/mcg/fsl_mcg_hal.o
                0x00003b84                CLOCK_HAL_TestFllFreq
 .text.CLOCK_HAL_GetFllClk
                0x00003bf0       0x7c ./SDK/platform/hal/src/mcg/fsl_mcg_hal.o
                0x00003bf0                CLOCK_HAL_GetFllClk
 .text.CLOCK_HAL_GetPll0RefFreq
                0x00003c6c       0x1c ./SDK/platform/hal/src/mcg/fsl_mcg_hal.o
                0x00003c6c                CLOCK_HAL_GetPll0RefFreq
 .text.CLOCK_HAL_GetPll0Clk
                0x00003c88       0x90 ./SDK/platform/hal/src/mcg/fsl_mcg_hal.o
                0x00003c88                CLOCK_HAL_GetPll0Clk
 .text.CLOCK_HAL_GetInternalRefClk
                0x00003d18       0x64 ./SDK/platform/hal/src/mcg/fsl_mcg_hal.o
                0x00003d18                CLOCK_HAL_GetInternalRefClk
 .text.CLOCK_HAL_GetOutClk
                0x00003d7c       0x7c ./SDK/platform/hal/src/mcg/fsl_mcg_hal.o
                0x00003d7c                CLOCK_HAL_GetOutClk
 .text.I2C_HAL_GetStatusFlag
                0x00003df8       0x34 ./SDK/platform/hal/src/i2c/fsl_i2c_hal.o
 .text.I2C_HAL_Init
                0x00003e2c       0x50 ./SDK/platform/hal/src/i2c/fsl_i2c_hal.o
                0x00003e2c                I2C_HAL_Init
 .text.I2C_HAL_SetBaudRate
                0x00003e7c       0xe0 ./SDK/platform/hal/src/i2c/fsl_i2c_hal.o
                0x00003e7c                I2C_HAL_SetBaudRate
 .text.I2C_HAL_SendStart
                0x00003f5c       0x8c ./SDK/platform/hal/src/i2c/fsl_i2c_hal.o
                0x00003f5c                I2C_HAL_SendStart
 .text.I2C_HAL_SendStop
                0x00003fe8       0x78 ./SDK/platform/hal/src/i2c/fsl_i2c_hal.o
                0x00003fe8                I2C_HAL_SendStop
 .text.GPIO_HAL_SetPinDir
                0x00004060       0x6c ./SDK/platform/hal/src/gpio/fsl_gpio_hal.o
                0x00004060                GPIO_HAL_SetPinDir
 .text.GPIO_HAL_WritePinOutput
                0x000040cc       0x50 ./SDK/platform/hal/src/gpio/fsl_gpio_hal.o
                0x000040cc                GPIO_HAL_WritePinOutput
 .text.NVIC_EnableIRQ
                0x0000411c       0x2c ./SDK/platform/drivers/src/i2c/fsl_i2c_master_driver.o
 .text.I2C_HAL_Enable
                0x00004148       0x1c ./SDK/platform/drivers/src/i2c/fsl_i2c_master_driver.o
 .text.I2C_HAL_SendAck
                0x00004164       0x1c ./SDK/platform/drivers/src/i2c/fsl_i2c_master_driver.o
 .text.I2C_HAL_SendNak
                0x00004180       0x1c ./SDK/platform/drivers/src/i2c/fsl_i2c_master_driver.o
 .text.I2C_HAL_SetDirMode
                0x0000419c       0x28 ./SDK/platform/drivers/src/i2c/fsl_i2c_master_driver.o
 .text.I2C_HAL_GetDirMode
                0x000041c4       0x20 ./SDK/platform/drivers/src/i2c/fsl_i2c_master_driver.o
 .text.I2C_HAL_ReadByte
                0x000041e4       0x18 ./SDK/platform/drivers/src/i2c/fsl_i2c_master_driver.o
 .text.I2C_HAL_WriteByte
                0x000041fc       0x1c ./SDK/platform/drivers/src/i2c/fsl_i2c_master_driver.o
 .text.I2C_HAL_GetStatusFlag
                0x00004218       0x34 ./SDK/platform/drivers/src/i2c/fsl_i2c_master_driver.o
 .text.I2C_HAL_IsMaster
                0x0000424c       0x24 ./SDK/platform/drivers/src/i2c/fsl_i2c_master_driver.o
 .text.I2C_HAL_ClearArbitrationLost
                0x00004270       0x14 ./SDK/platform/drivers/src/i2c/fsl_i2c_master_driver.o
 .text.I2C_HAL_SetIntCmd
                0x00004284       0x28 ./SDK/platform/drivers/src/i2c/fsl_i2c_master_driver.o
 .text.I2C_HAL_ClearInt
                0x000042ac       0x14 ./SDK/platform/drivers/src/i2c/fsl_i2c_master_driver.o
 .text.INT_SYS_EnableIRQ
                0x000042c0       0x5c ./SDK/platform/drivers/src/i2c/fsl_i2c_master_driver.o
 .text.I2C_DRV_MasterInit
                0x0000431c       0xc4 ./SDK/platform/drivers/src/i2c/fsl_i2c_master_driver.o
                0x0000431c                I2C_DRV_MasterInit
 .text.I2C_DRV_MasterSetBaudRate
                0x000043e0       0x98 ./SDK/platform/drivers/src/i2c/fsl_i2c_master_driver.o
                0x000043e0                I2C_DRV_MasterSetBaudRate
 .text.I2C_DRV_MasterSendDataBlocking
                0x00004478       0x34 ./SDK/platform/drivers/src/i2c/fsl_i2c_master_driver.o
                0x00004478                I2C_DRV_MasterSendDataBlocking
 .text.I2C_DRV_MasterReceiveDataBlocking
                0x000044ac       0x34 ./SDK/platform/drivers/src/i2c/fsl_i2c_master_driver.o
                0x000044ac                I2C_DRV_MasterReceiveDataBlocking
 .text.I2C_DRV_MasterIRQHandler
                0x000044e0      0x180 ./SDK/platform/drivers/src/i2c/fsl_i2c_master_driver.o
                0x000044e0                I2C_DRV_MasterIRQHandler
 .text.I2C_DRV_MasterWait
                0x00004660       0x78 ./SDK/platform/drivers/src/i2c/fsl_i2c_master_driver.o
 .text.I2C_DRV_CompleteTransfer
                0x000046d8       0x98 ./SDK/platform/drivers/src/i2c/fsl_i2c_master_driver.o
 .text.I2C_DRV_SendAddress
                0x00004770      0x228 ./SDK/platform/drivers/src/i2c/fsl_i2c_master_driver.o
 .text.I2C_DRV_MasterSend
                0x00004998      0x1ac ./SDK/platform/drivers/src/i2c/fsl_i2c_master_driver.o
 .text.I2C_DRV_MasterReceive
                0x00004b44      0x1bc ./SDK/platform/drivers/src/i2c/fsl_i2c_master_driver.o
 .text.I2C_HAL_GetStatusFlag
                0x00004d00       0x34 ./SDK/platform/drivers/src/i2c/fsl_i2c_shared_function.o
 .text.I2C_HAL_IsMaster
                0x00004d34       0x24 ./SDK/platform/drivers/src/i2c/fsl_i2c_shared_function.o
 .text.I2C_DRV_IRQHandler
                0x00004d58       0x78 ./SDK/platform/drivers/src/i2c/fsl_i2c_shared_function.o
                0x00004d58                I2C_DRV_IRQHandler
 .text.I2C_HAL_SetDirMode
                0x00004dd0       0x28 ./SDK/platform/drivers/src/i2c/fsl_i2c_slave_driver.o
 .text.I2C_HAL_GetDirMode
                0x00004df8       0x20 ./SDK/platform/drivers/src/i2c/fsl_i2c_slave_driver.o
 .text.I2C_HAL_ReadByte
                0x00004e18       0x18 ./SDK/platform/drivers/src/i2c/fsl_i2c_slave_driver.o
 .text.I2C_HAL_WriteByte
                0x00004e30       0x1c ./SDK/platform/drivers/src/i2c/fsl_i2c_slave_driver.o
 .text.I2C_HAL_GetStatusFlag
                0x00004e4c       0x34 ./SDK/platform/drivers/src/i2c/fsl_i2c_slave_driver.o
 .text.I2C_HAL_SetIntCmd
                0x00004e80       0x28 ./SDK/platform/drivers/src/i2c/fsl_i2c_slave_driver.o
 .text.I2C_HAL_ClearInt
                0x00004ea8       0x14 ./SDK/platform/drivers/src/i2c/fsl_i2c_slave_driver.o
 .text.I2C_HAL_GetStopFlag
                0x00004ebc       0x24 ./SDK/platform/drivers/src/i2c/fsl_i2c_slave_driver.o
 .text.I2C_HAL_ClearStopFlag
                0x00004ee0       0x1c ./SDK/platform/drivers/src/i2c/fsl_i2c_slave_driver.o
 .text.I2C_HAL_GetStopIntCmd
                0x00004efc       0x24 ./SDK/platform/drivers/src/i2c/fsl_i2c_slave_driver.o
 .text.I2C_DRV_SlaveIRQHandler
                0x00004f20      0x370 ./SDK/platform/drivers/src/i2c/fsl_i2c_slave_driver.o
                0x00004f20                I2C_DRV_SlaveIRQHandler
 .text.NVIC_EnableIRQ
                0x00005290       0x2c ./SDK/platform/drivers/src/gpio/fsl_gpio_driver.o
 .text.PORT_HAL_SetPullCmd
                0x000052bc       0x4c ./SDK/platform/drivers/src/gpio/fsl_gpio_driver.o
 .text.PORT_HAL_SetSlewRateMode
                0x00005308       0x4c ./SDK/platform/drivers/src/gpio/fsl_gpio_driver.o
 .text.PORT_HAL_SetPassiveFilterCmd
                0x00005354       0x4c ./SDK/platform/drivers/src/gpio/fsl_gpio_driver.o
 .text.PORT_HAL_SetDriveStrengthMode
                0x000053a0       0x4c ./SDK/platform/drivers/src/gpio/fsl_gpio_driver.o
 .text.PORT_HAL_SetMuxMode
                0x000053ec       0x4c ./SDK/platform/drivers/src/gpio/fsl_gpio_driver.o
 .text.PORT_HAL_SetPinIntMode
                0x00005438       0x4c ./SDK/platform/drivers/src/gpio/fsl_gpio_driver.o
 .text.GPIO_HAL_ReadPinInput
                0x00005484       0x40 ./SDK/platform/drivers/src/gpio/fsl_gpio_driver.o
 .text.INT_SYS_EnableIRQ
                0x000054c4       0x5c ./SDK/platform/drivers/src/gpio/fsl_gpio_driver.o
 .text.GPIO_DRV_Init
                0x00005520       0x4c ./SDK/platform/drivers/src/gpio/fsl_gpio_driver.o
                0x00005520                GPIO_DRV_Init
 .text.GPIO_DRV_InputPinInit
                0x0000556c       0xc4 ./SDK/platform/drivers/src/gpio/fsl_gpio_driver.o
                0x0000556c                GPIO_DRV_InputPinInit
 .text.GPIO_DRV_OutputPinInit
                0x00005630       0x9c ./SDK/platform/drivers/src/gpio/fsl_gpio_driver.o
                0x00005630                GPIO_DRV_OutputPinInit
 .text.GPIO_DRV_ReadPinInput
                0x000056cc       0x3c ./SDK/platform/drivers/src/gpio/fsl_gpio_driver.o
                0x000056cc                GPIO_DRV_ReadPinInput
 .text.SystemInit
                0x00005708      0x178 ./SDK/platform/devices/MKL25Z4/startup/system_MKL25Z4.o
                0x00005708                SystemInit
 .text.init_data_bss
                0x00005880       0xc8 ./SDK/platform/devices/startup.o
                0x00005880                init_data_bss
 .text.Components_Init
                0x00005948       0x38 ./Generated_Code/Cpu.o
                0x00005948                Components_Init
 .text.MainTask_Init
                0x00005980       0x4c ./Generated_Code/MainTask.o
                0x00005980                MainTask_Init
 .text.Task1_Init
                0x000059cc       0x4c ./Generated_Code/Task1.o
                0x000059cc                Task1_Init
 .text.SIM_HAL_EnableClock
                0x00005a18       0x58 ./Generated_Code/hardware_init.o
 .text.hardware_init
                0x00005a70       0x4c ./Generated_Code/hardware_init.o
                0x00005a70                hardware_init
 .text.PORT_HAL_SetPullCmd
                0x00005abc       0x4c ./Generated_Code/pin_init.o
 .text.PORT_HAL_SetMuxMode
                0x00005b08       0x4c ./Generated_Code/pin_init.o
 .text.init_gpio_pins
                0x00005b54       0x34 ./Generated_Code/pin_init.o
                0x00005b54                init_gpio_pins
 .text.init_i2c_pins
                0x00005b88       0x34 ./Generated_Code/pin_init.o
                0x00005b88                init_i2c_pins
 .text.init_osc_pins
                0x00005bbc       0x2c ./Generated_Code/pin_init.o
                0x00005bbc                init_osc_pins
 .text.init_rcm_pins
                0x00005be8       0x20 ./Generated_Code/pin_init.o
                0x00005be8                init_rcm_pins
 .text.init_swd_pins
                0x00005c08       0x2c ./Generated_Code/pin_init.o
                0x00005c08                init_swd_pins
 .text.__assert_func
                0x00005c34       0x3c c:/freescale/kds_v3/toolchain/bin/../lib/gcc/arm-none-eabi/4.8.4/../../../../arm-none-eabi/lib/armv6-m\libg_s.a(lib_a-assert.o)
                0x00005c34                __assert_func
 .text.__errno  0x00005c70        0xc c:/freescale/kds_v3/toolchain/bin/../lib/gcc/arm-none-eabi/4.8.4/../../../../arm-none-eabi/lib/armv6-m\libg_s.a(lib_a-errno.o)
                0x00005c70                __errno
 .text.exit     0x00005c7c       0x2c c:/freescale/kds_v3/toolchain/bin/../lib/gcc/arm-none-eabi/4.8.4/../../../../arm-none-eabi/lib/armv6-m\libg_s.a(lib_a-exit.o)
                0x00005c7c                exit
 .text.fprintf  0x00005ca8       0x24 c:/freescale/kds_v3/toolchain/bin/../lib/gcc/arm-none-eabi/4.8.4/../../../../arm-none-eabi/lib/armv6-m\libg_s.a(lib_a-fprintf.o)
                0x00005ca8                fiprintf
                0x00005ca8                fprintf
 .text.__libc_init_array
                0x00005ccc       0x4c c:/freescale/kds_v3/toolchain/bin/../lib/gcc/arm-none-eabi/4.8.4/../../../../arm-none-eabi/lib/armv6-m\libg_s.a(lib_a-init.o)
                0x00005ccc                __libc_init_array
 .text.memcpy   0x00005d18       0x12 c:/freescale/kds_v3/toolchain/bin/../lib/gcc/arm-none-eabi/4.8.4/../../../../arm-none-eabi/lib/armv6-m\libg_s.a(lib_a-memcpy-stub.o)
                0x00005d18                memcpy
 .text.memset   0x00005d2a       0x10 c:/freescale/kds_v3/toolchain/bin/../lib/gcc/arm-none-eabi/4.8.4/../../../../arm-none-eabi/lib/armv6-m\libg_s.a(lib_a-memset.o)
                0x00005d2a                memset
 .text.strlen   0x00005d3a        0xe c:/freescale/kds_v3/toolchain/bin/../lib/gcc/arm-none-eabi/4.8.4/../../../../arm-none-eabi/lib/armv6-m\libg_s.a(lib_a-strlen.o)
                0x00005d3a                strlen
 .text.__sfputc_r
                0x00005d48       0x2a c:/freescale/kds_v3/toolchain/bin/../lib/gcc/arm-none-eabi/4.8.4/../../../../arm-none-eabi/lib/armv6-m\libg_s.a(lib_a-vfprintf.o)
 .text.__sfputs_r
                0x00005d72       0x24 c:/freescale/kds_v3/toolchain/bin/../lib/gcc/arm-none-eabi/4.8.4/../../../../arm-none-eabi/lib/armv6-m\libg_s.a(lib_a-vfprintf.o)
                0x00005d72                __sfputs_r
 *fill*         0x00005d96        0x2 
 .text._vfprintf_r
                0x00005d98      0x210 c:/freescale/kds_v3/toolchain/bin/../lib/gcc/arm-none-eabi/4.8.4/../../../../arm-none-eabi/lib/armv6-m\libg_s.a(lib_a-vfprintf.o)
                0x00005d98                _vfprintf_r
                0x00005d98                _vfiprintf_r
 .text._printf_common
                0x00005fa8       0xe8 c:/freescale/kds_v3/toolchain/bin/../lib/gcc/arm-none-eabi/4.8.4/../../../../arm-none-eabi/lib/armv6-m\libg_s.a(lib_a-vfprintf_i.o)
                0x00005fa8                _printf_common
 .text._printf_i
                0x00006090      0x22c c:/freescale/kds_v3/toolchain/bin/../lib/gcc/arm-none-eabi/4.8.4/../../../../arm-none-eabi/lib/armv6-m\libg_s.a(lib_a-vfprintf_i.o)
                0x00006090                _printf_i
 .text.__swbuf_r
                0x000062bc       0xb0 c:/freescale/kds_v3/toolchain/bin/../lib/gcc/arm-none-eabi/4.8.4/../../../../arm-none-eabi/lib/armv6-m\libg_s.a(lib_a-wbuf.o)
                0x000062bc                __swbuf_r
 .text.__swsetup_r
                0x0000636c       0xe4 c:/freescale/kds_v3/toolchain/bin/../lib/gcc/arm-none-eabi/4.8.4/../../../../arm-none-eabi/lib/armv6-m\libg_s.a(lib_a-wsetup.o)
                0x0000636c                __swsetup_r
 .text.abort    0x00006450        0xe c:/freescale/kds_v3/toolchain/bin/../lib/gcc/arm-none-eabi/4.8.4/../../../../arm-none-eabi/lib/armv6-m\libg_s.a(lib_a-abort.o)
                0x00006450                abort
 .text.__sflush_r
                0x0000645e      0x112 c:/freescale/kds_v3/toolchain/bin/../lib/gcc/arm-none-eabi/4.8.4/../../../../arm-none-eabi/lib/armv6-m\libg_s.a(lib_a-fflush.o)
                0x0000645e                __sflush_r
 .text._fflush_r
                0x00006570       0x58 c:/freescale/kds_v3/toolchain/bin/../lib/gcc/arm-none-eabi/4.8.4/../../../../arm-none-eabi/lib/armv6-m\libg_s.a(lib_a-fflush.o)
                0x00006570                _fflush_r
 .text._cleanup_r
                0x000065c8       0x34 c:/freescale/kds_v3/toolchain/bin/../lib/gcc/arm-none-eabi/4.8.4/../../../../arm-none-eabi/lib/armv6-m\libg_s.a(lib_a-findfp.o)
                0x000065c8                _cleanup_r
 .text.std.isra.0
                0x000065fc       0x48 c:/freescale/kds_v3/toolchain/bin/../lib/gcc/arm-none-eabi/4.8.4/../../../../arm-none-eabi/lib/armv6-m\libg_s.a(lib_a-findfp.o)
 .text.__sfmoreglue
                0x00006644       0x2c c:/freescale/kds_v3/toolchain/bin/../lib/gcc/arm-none-eabi/4.8.4/../../../../arm-none-eabi/lib/armv6-m\libg_s.a(lib_a-findfp.o)
                0x00006644                __sfmoreglue
 .text.__sinit  0x00006670       0x64 c:/freescale/kds_v3/toolchain/bin/../lib/gcc/arm-none-eabi/4.8.4/../../../../arm-none-eabi/lib/armv6-m\libg_s.a(lib_a-findfp.o)
                0x00006670                __sinit
 .text.__sfp    0x000066d4       0x7c c:/freescale/kds_v3/toolchain/bin/../lib/gcc/arm-none-eabi/4.8.4/../../../../arm-none-eabi/lib/armv6-m\libg_s.a(lib_a-findfp.o)
                0x000066d4                __sfp
 .text.__smakebuf_r
                0x00006750       0xa0 c:/freescale/kds_v3/toolchain/bin/../lib/gcc/arm-none-eabi/4.8.4/../../../../arm-none-eabi/lib/armv6-m\libg_s.a(lib_a-makebuf.o)
                0x00006750                __smakebuf_r
 .text.memchr   0x000067f0       0x16 c:/freescale/kds_v3/toolchain/bin/../lib/gcc/arm-none-eabi/4.8.4/../../../../arm-none-eabi/lib/armv6-m\libg_s.a(lib_a-memchr-stub.o)
                0x000067f0                memchr
 *fill*         0x00006806        0x2 
 .text._free_r  0x00006808       0x90 c:/freescale/kds_v3/toolchain/bin/../lib/gcc/arm-none-eabi/4.8.4/../../../../arm-none-eabi/lib/armv6-m\libg_s.a(lib_a-nano-freer.o)
                0x00006808                _free_r
 .text._malloc_r
                0x00006898       0xa8 c:/freescale/kds_v3/toolchain/bin/../lib/gcc/arm-none-eabi/4.8.4/../../../../arm-none-eabi/lib/armv6-m\libg_s.a(lib_a-nano-mallocr.o)
                0x00006898                _malloc_r
 .text._sbrk_r  0x00006940       0x24 c:/freescale/kds_v3/toolchain/bin/../lib/gcc/arm-none-eabi/4.8.4/../../../../arm-none-eabi/lib/armv6-m\libg_s.a(lib_a-sbrkr.o)
                0x00006940                _sbrk_r
 .text._raise_r
                0x00006964       0x56 c:/freescale/kds_v3/toolchain/bin/../lib/gcc/arm-none-eabi/4.8.4/../../../../arm-none-eabi/lib/armv6-m\libg_s.a(lib_a-signal.o)
                0x00006964                _raise_r
 *fill*         0x000069ba        0x2 
 .text.raise    0x000069bc       0x14 c:/freescale/kds_v3/toolchain/bin/../lib/gcc/arm-none-eabi/4.8.4/../../../../arm-none-eabi/lib/armv6-m\libg_s.a(lib_a-signal.o)
                0x000069bc                raise
 .text._kill_r  0x000069d0       0x24 c:/freescale/kds_v3/toolchain/bin/../lib/gcc/arm-none-eabi/4.8.4/../../../../arm-none-eabi/lib/armv6-m\libg_s.a(lib_a-signalr.o)
                0x000069d0                _kill_r
 .text._getpid_r
                0x000069f4        0x8 c:/freescale/kds_v3/toolchain/bin/../lib/gcc/arm-none-eabi/4.8.4/../../../../arm-none-eabi/lib/armv6-m\libg_s.a(lib_a-signalr.o)
                0x000069f4                _getpid_r
 .text.__sread  0x000069fc       0x28 c:/freescale/kds_v3/toolchain/bin/../lib/gcc/arm-none-eabi/4.8.4/../../../../arm-none-eabi/lib/armv6-m\libg_s.a(lib_a-stdio.o)
                0x000069fc                __sread
 .text.__swrite
                0x00006a24       0x38 c:/freescale/kds_v3/toolchain/bin/../lib/gcc/arm-none-eabi/4.8.4/../../../../arm-none-eabi/lib/armv6-m\libg_s.a(lib_a-stdio.o)
                0x00006a24                __swrite
 .text.__sseek  0x00006a5c       0x2c c:/freescale/kds_v3/toolchain/bin/../lib/gcc/arm-none-eabi/4.8.4/../../../../arm-none-eabi/lib/armv6-m\libg_s.a(lib_a-stdio.o)
                0x00006a5c                __sseek
 .text.__sclose
                0x00006a88        0xc c:/freescale/kds_v3/toolchain/bin/../lib/gcc/arm-none-eabi/4.8.4/../../../../arm-none-eabi/lib/armv6-m\libg_s.a(lib_a-stdio.o)
                0x00006a88                __sclose
 .text._write_r
                0x00006a94       0x28 c:/freescale/kds_v3/toolchain/bin/../lib/gcc/arm-none-eabi/4.8.4/../../../../arm-none-eabi/lib/armv6-m\libg_s.a(lib_a-writer.o)
                0x00006a94                _write_r
 .text._close_r
                0x00006abc       0x24 c:/freescale/kds_v3/toolchain/bin/../lib/gcc/arm-none-eabi/4.8.4/../../../../arm-none-eabi/lib/armv6-m\libg_s.a(lib_a-closer.o)
                0x00006abc                _close_r
 .text._fstat_r
                0x00006ae0       0x24 c:/freescale/kds_v3/toolchain/bin/../lib/gcc/arm-none-eabi/4.8.4/../../../../arm-none-eabi/lib/armv6-m\libg_s.a(lib_a-fstatr.o)
                0x00006ae0                _fstat_r
 .text._isatty_r
                0x00006b04       0x24 c:/freescale/kds_v3/toolchain/bin/../lib/gcc/arm-none-eabi/4.8.4/../../../../arm-none-eabi/lib/armv6-m\libg_s.a(lib_a-isattyr.o)
                0x00006b04                _isatty_r
 .text._lseek_r
                0x00006b28       0x28 c:/freescale/kds_v3/toolchain/bin/../lib/gcc/arm-none-eabi/4.8.4/../../../../arm-none-eabi/lib/armv6-m\libg_s.a(lib_a-lseekr.o)
                0x00006b28                _lseek_r
 .text._read_r  0x00006b50       0x28 c:/freescale/kds_v3/toolchain/bin/../lib/gcc/arm-none-eabi/4.8.4/../../../../arm-none-eabi/lib/armv6-m\libg_s.a(lib_a-readr.o)
                0x00006b50                _read_r
 .text._close   0x00006b78       0x10 c:/freescale/kds_v3/toolchain/bin/../lib/gcc/arm-none-eabi/4.8.4/../../../../arm-none-eabi/lib/armv6-m\libnosys.a(close.o)
                0x00006b78                _close
 .text._fstat   0x00006b88       0x10 c:/freescale/kds_v3/toolchain/bin/../lib/gcc/arm-none-eabi/4.8.4/../../../../arm-none-eabi/lib/armv6-m\libnosys.a(fstat.o)
                0x00006b88                _fstat
 .text._getpid  0x00006b98       0x10 c:/freescale/kds_v3/toolchain/bin/../lib/gcc/arm-none-eabi/4.8.4/../../../../arm-none-eabi/lib/armv6-m\libnosys.a(getpid.o)
                0x00006b98                _getpid
 .text._isatty  0x00006ba8       0x10 c:/freescale/kds_v3/toolchain/bin/../lib/gcc/arm-none-eabi/4.8.4/../../../../arm-none-eabi/lib/armv6-m\libnosys.a(isatty.o)
                0x00006ba8                _isatty
 .text._kill    0x00006bb8       0x10 c:/freescale/kds_v3/toolchain/bin/../lib/gcc/arm-none-eabi/4.8.4/../../../../arm-none-eabi/lib/armv6-m\libnosys.a(kill.o)
                0x00006bb8                _kill
 .text._lseek   0x00006bc8       0x10 c:/freescale/kds_v3/toolchain/bin/../lib/gcc/arm-none-eabi/4.8.4/../../../../arm-none-eabi/lib/armv6-m\libnosys.a(lseek.o)
                0x00006bc8                _lseek
 .text._exit    0x00006bd8        0x4 c:/freescale/kds_v3/toolchain/bin/../lib/gcc/arm-none-eabi/4.8.4/../../../../arm-none-eabi/lib/armv6-m\libnosys.a(_exit.o)
                0x00006bd8                _exit
 *(.rodata)
 .rodata        0x00006bdc        0x8 ./SDK/rtos/FreeRTOS/src/tasks.o
 .rodata        0x00006be4        0x8 ./SDK/rtos/FreeRTOS/src/timers.o
 .rodata        0x00006bec      0x21c ./SDK/platform/system/src/clock/MKL25Z4/fsl_clock_MKL25Z4.o
 .rodata        0x00006e08       0xb8 ./SDK/platform/osa/src/fsl_os_abstraction_free_rtos.o
 .rodata        0x00006ec0       0x48 ./SDK/platform/hal/src/i2c/fsl_i2c_hal.o
 .rodata        0x00006f08       0x38 ./SDK/platform/hal/src/gpio/fsl_gpio_hal.o
 .rodata        0x00006f40      0x104 ./SDK/platform/drivers/src/i2c/fsl_i2c_master_driver.o
 .rodata        0x00007044       0x5c ./SDK/platform/drivers/src/i2c/fsl_i2c_shared_function.o
 .rodata        0x000070a0       0xfc ./SDK/platform/drivers/src/i2c/fsl_i2c_slave_driver.o
 .rodata        0x0000719c      0x12c ./SDK/platform/drivers/src/gpio/fsl_gpio_driver.o
 .rodata        0x000072c8        0xc ./Generated_Code/MainTask.o
 .rodata        0x000072d4        0x8 ./Generated_Code/Task1.o
 .rodata        0x000072dc       0x50 ./Generated_Code/pin_init.o
 *(.rodata*)
 .rodata.mpu6050_parameters
                0x0000732c        0x8 ./driver_code/mpu6050.o
                0x0000732c                mpu6050_parameters
 .rodata.addr.5972
                0x00007334        0x1 ./driver_code/mpu6050.o
 *fill*         0x00007335        0x3 
 .rodata.prvProcessReceivedCommands
                0x00007338       0x28 ./SDK/rtos/FreeRTOS/src/timers.o
 .rodata.portGateTable
                0x00007360        0x8 ./SDK/platform/system/src/clock/MKL25Z4/fsl_clock_MKL25Z4.o
 .rodata.i2cGateTable
                0x00007368        0x4 ./SDK/platform/system/src/clock/MKL25Z4/fsl_clock_MKL25Z4.o
 .rodata.__func__.6995
                0x0000736c       0x1c ./SDK/platform/system/src/clock/MKL25Z4/fsl_clock_MKL25Z4.o
 .rodata.__func__.7047
                0x00007388       0x1c ./SDK/platform/system/src/clock/MKL25Z4/fsl_clock_MKL25Z4.o
 .rodata.__func__.5714
                0x000073a4       0x10 ./SDK/platform/osa/src/fsl_os_abstraction_free_rtos.o
 .rodata.__func__.5720
                0x000073b4       0x10 ./SDK/platform/osa/src/fsl_os_abstraction_free_rtos.o
 .rodata.__func__.5731
                0x000073c4       0x10 ./SDK/platform/osa/src/fsl_os_abstraction_free_rtos.o
 .rodata.__func__.5774
                0x000073d4       0x10 ./SDK/platform/osa/src/fsl_os_abstraction_free_rtos.o
 .rodata.fllFactorTable.5325
                0x000073e4       0x10 ./SDK/platform/hal/src/mcg/fsl_mcg_hal.o
 .rodata.kI2CDividerTable
                0x000073f4       0xc8 ./SDK/platform/hal/src/i2c/fsl_i2c_hal.o
                0x000073f4                kI2CDividerTable
 .rodata.__func__.5300
                0x000074bc       0x14 ./SDK/platform/hal/src/i2c/fsl_i2c_hal.o
 .rodata.__func__.5175
                0x000074d0       0x14 ./SDK/platform/hal/src/gpio/fsl_gpio_hal.o
 .rodata.__func__.5181
                0x000074e4       0x18 ./SDK/platform/hal/src/gpio/fsl_gpio_hal.o
 .rodata.g_i2cBase
                0x000074fc        0x8 ./SDK/platform/drivers/src/i2c/fsl_i2c_common.o
                0x000074fc                g_i2cBase
 .rodata.g_i2cIrqId
                0x00007504        0x4 ./SDK/platform/drivers/src/i2c/fsl_i2c_common.o
                0x00007504                g_i2cIrqId
 .rodata.__func__.7308
                0x00007508       0x14 ./SDK/platform/drivers/src/i2c/fsl_i2c_master_driver.o
 .rodata.__func__.7265
                0x0000751c       0x14 ./SDK/platform/drivers/src/i2c/fsl_i2c_master_driver.o
 .rodata.__func__.7320
                0x00007530       0x1c ./SDK/platform/drivers/src/i2c/fsl_i2c_master_driver.o
 .rodata.__func__.7379
                0x0000754c       0x1c ./SDK/platform/drivers/src/i2c/fsl_i2c_master_driver.o
 .rodata.__func__.7392
                0x00007568       0x14 ./SDK/platform/drivers/src/i2c/fsl_i2c_master_driver.o
 .rodata.__func__.7400
                0x0000757c       0x1c ./SDK/platform/drivers/src/i2c/fsl_i2c_master_driver.o
 .rodata.__func__.7411
                0x00007598       0x14 ./SDK/platform/drivers/src/i2c/fsl_i2c_master_driver.o
 .rodata.__func__.7431
                0x000075ac       0x14 ./SDK/platform/drivers/src/i2c/fsl_i2c_master_driver.o
 .rodata.__func__.7444
                0x000075c0       0x18 ./SDK/platform/drivers/src/i2c/fsl_i2c_master_driver.o
 .rodata.__func__.5280
                0x000075d8       0x14 ./SDK/platform/drivers/src/i2c/fsl_i2c_shared_function.o
 .rodata.__func__.7368
                0x000075ec       0x18 ./SDK/platform/drivers/src/i2c/fsl_i2c_slave_driver.o
 .rodata.g_gpioBase
                0x00007604       0x14 ./SDK/platform/drivers/src/gpio/fsl_gpio_common.o
                0x00007604                g_gpioBase
 .rodata.g_portBase
                0x00007618       0x14 ./SDK/platform/drivers/src/gpio/fsl_gpio_common.o
                0x00007618                g_portBase
 .rodata.g_portIrqId
                0x0000762c        0x8 ./SDK/platform/drivers/src/gpio/fsl_gpio_common.o
                0x0000762c                g_portIrqId
 .rodata.__func__.5094
                0x00007634       0x14 ./SDK/platform/drivers/src/gpio/fsl_gpio_driver.o
 .rodata.__func__.5070
                0x00007648       0x14 ./SDK/platform/drivers/src/gpio/fsl_gpio_driver.o
 .rodata.__func__.5082
                0x0000765c       0x20 ./SDK/platform/drivers/src/gpio/fsl_gpio_driver.o
 .rodata.__func__.5108
                0x0000767c       0x18 ./SDK/platform/drivers/src/gpio/fsl_gpio_driver.o
 .rodata.__func__.6588
                0x00007694       0x14 ./SDK/platform/drivers/src/gpio/fsl_gpio_driver.o
 .rodata.__func__.5076
                0x000076a8       0x1c ./SDK/platform/drivers/src/gpio/fsl_gpio_driver.o
 .rodata.__func__.5088
                0x000076c4       0x20 ./SDK/platform/drivers/src/gpio/fsl_gpio_driver.o
 .rodata.__func__.5206
                0x000076e4       0x18 ./SDK/platform/drivers/src/gpio/fsl_gpio_driver.o
 .rodata.gpio1_InpConfig0
                0x000076fc       0x10 ./Generated_Code/gpio1.o
                0x000076fc                gpio1_InpConfig0
 .rodata.i2cCom1_MasterConfig0
                0x0000770c        0x8 ./Generated_Code/i2cCom1.o
                0x0000770c                i2cCom1_MasterConfig0
 .rodata.__func__.5094
                0x00007714       0x14 ./Generated_Code/pin_init.o
 .rodata.__func__.5070
                0x00007728       0x14 ./Generated_Code/pin_init.o
 .rodata.str1.1
                0x0000773c       0x3c c:/freescale/kds_v3/toolchain/bin/../lib/gcc/arm-none-eabi/4.8.4/../../../../arm-none-eabi/lib/armv6-m\libg_s.a(lib_a-assert.o)
                                 0x3d (size before relaxing)
 .rodata.str1.1
                0x00007778        0x2 c:/freescale/kds_v3/toolchain/bin/../lib/gcc/arm-none-eabi/4.8.4/../../../../arm-none-eabi/lib/armv6-m\libg_s.a(lib_a-impure.o)
 *fill*         0x0000777a        0x2 
 .rodata._global_impure_ptr
                0x0000777c        0x4 c:/freescale/kds_v3/toolchain/bin/../lib/gcc/arm-none-eabi/4.8.4/../../../../arm-none-eabi/lib/armv6-m\libg_s.a(lib_a-impure.o)
                0x0000777c                _global_impure_ptr
 .rodata.str1.1
                0x00007780       0x11 c:/freescale/kds_v3/toolchain/bin/../lib/gcc/arm-none-eabi/4.8.4/../../../../arm-none-eabi/lib/armv6-m\libg_s.a(lib_a-vfprintf.o)
 .rodata.str1.1
                0x00007791       0x22 c:/freescale/kds_v3/toolchain/bin/../lib/gcc/arm-none-eabi/4.8.4/../../../../arm-none-eabi/lib/armv6-m\libg_s.a(lib_a-vfprintf_i.o)
 *fill*         0x000077b3        0x1 
 .rodata.__sf_fake_stdin
                0x000077b4       0x20 c:/freescale/kds_v3/toolchain/bin/../lib/gcc/arm-none-eabi/4.8.4/../../../../arm-none-eabi/lib/armv6-m\libg_s.a(lib_a-findfp.o)
                0x000077b4                __sf_fake_stdin
 .rodata.__sf_fake_stdout
                0x000077d4       0x20 c:/freescale/kds_v3/toolchain/bin/../lib/gcc/arm-none-eabi/4.8.4/../../../../arm-none-eabi/lib/armv6-m\libg_s.a(lib_a-findfp.o)
                0x000077d4                __sf_fake_stdout
 .rodata.__sf_fake_stderr
                0x000077f4       0x20 c:/freescale/kds_v3/toolchain/bin/../lib/gcc/arm-none-eabi/4.8.4/../../../../arm-none-eabi/lib/armv6-m\libg_s.a(lib_a-findfp.o)
                0x000077f4                __sf_fake_stderr
 *(.glue_7)
 .glue_7        0x00000000        0x0 linker stubs
 *(.glue_7t)
 .glue_7t       0x00000000        0x0 linker stubs
 *(.eh_frame)
 .eh_frame      0x00007814        0x0 c:/freescale/kds_v3/toolchain/bin/../lib/gcc/arm-none-eabi/4.8.4/armv6-m/crtbegin.o
 *(.init)
 .init          0x00007814        0x4 c:/freescale/kds_v3/toolchain/bin/../lib/gcc/arm-none-eabi/4.8.4/armv6-m/crti.o
                0x00007814                _init
 .init          0x00007818        0x8 c:/freescale/kds_v3/toolchain/bin/../lib/gcc/arm-none-eabi/4.8.4/armv6-m/crtn.o
 *(.fini)
 .fini          0x00007820        0x4 c:/freescale/kds_v3/toolchain/bin/../lib/gcc/arm-none-eabi/4.8.4/armv6-m/crti.o
                0x00007820                _fini
 .fini          0x00007824        0x8 c:/freescale/kds_v3/toolchain/bin/../lib/gcc/arm-none-eabi/4.8.4/armv6-m/crtn.o
                0x0000782c                . = ALIGN (0x4)

.vfp11_veneer   0x0000782c        0x0
 .vfp11_veneer  0x00000000        0x0 linker stubs

.v4_bx          0x0000782c        0x0
 .v4_bx         0x00000000        0x0 linker stubs

.iplt           0x0000782c        0x0
 .iplt          0x00000000        0x0 c:/freescale/kds_v3/toolchain/bin/../lib/gcc/arm-none-eabi/4.8.4/armv6-m/crtbegin.o

.ARM.extab
 *(.ARM.extab* .gnu.linkonce.armextab.*)

.ARM            0x0000782c        0x8
                0x0000782c                __exidx_start = .
 *(.ARM.exidx*)
 .ARM.exidx     0x0000782c        0x8 c:/freescale/kds_v3/toolchain/bin/../lib/gcc/arm-none-eabi/4.8.4/../../../../arm-none-eabi/lib/armv6-m/crt0.o
                0x00007834                __exidx_end = .

.rel.dyn        0x00007834        0x0
 .rel.iplt      0x00000000        0x0 c:/freescale/kds_v3/toolchain/bin/../lib/gcc/arm-none-eabi/4.8.4/armv6-m/crtbegin.o

.ctors          0x00007834        0x0
                0x00007834                __CTOR_LIST__ = .
 *crtbegin.o(.ctors)
 *crtbegin?.o(.ctors)
 *(EXCLUDE_FILE(*crtend.o *crtend?.o) .ctors)
 *(SORT(.ctors.*))
 *(.ctors)
                0x00007834                __CTOR_END__ = .

.dtors          0x00007834        0x0
                0x00007834                __DTOR_LIST__ = .
 *crtbegin.o(.dtors)
 *crtbegin?.o(.dtors)
 *(EXCLUDE_FILE(*crtend.o *crtend?.o) .dtors)
 *(SORT(.dtors.*))
 *(.dtors)
                0x00007834                __DTOR_END__ = .

.preinit_array  0x00007834        0x0
                0x00007834                PROVIDE (__preinit_array_start, .)
 *(.preinit_array*)
                0x00007834                PROVIDE (__preinit_array_end, .)

.init_array     0x00007834        0x4
                0x00007834                PROVIDE (__init_array_start, .)
 *(SORT(.init_array.*))
 *(.init_array*)
 .init_array    0x00007834        0x4 c:/freescale/kds_v3/toolchain/bin/../lib/gcc/arm-none-eabi/4.8.4/armv6-m/crtbegin.o
                0x00007838                PROVIDE (__init_array_end, .)

.fini_array     0x00007838        0x4
                0x00007838                PROVIDE (__fini_array_start, .)
 *(SORT(.fini_array.*))
 *(.fini_array*)
 .fini_array    0x00007838        0x4 c:/freescale/kds_v3/toolchain/bin/../lib/gcc/arm-none-eabi/4.8.4/armv6-m/crtbegin.o
                0x0000783c                PROVIDE (__fini_array_end, .)
                0x0000783c                __etext = .
                0x0000783c                __DATA_ROM = .

.mtb            0x1ffff200        0x0
                0x1ffff200                . = ALIGN (0x8)
                0x1ffff200                _mtb_start = .
 *(.mtb_buf)
                0x1ffff200                . = ALIGN (0x8)
                0x1ffff200                _mtb_end = .

.data           0x1ffff200       0x7c load address 0x0000783c
                0x1ffff200                . = ALIGN (0x4)
                0x1ffff200                __DATA_RAM = .
                0x1ffff200                __data_start__ = .
 *(.data)
 *(.data*)
 .data.xFreeBytesRemaining
                0x1ffff200        0x4 ./SDK/rtos/FreeRTOS/src/heap_2.o
 .data.xNextTaskUnblockTime
                0x1ffff204        0x4 ./SDK/rtos/FreeRTOS/src/tasks.o
 .data.uxCriticalNesting
                0x1ffff208        0x4 ./SDK/rtos/FreeRTOS/port/gcc/port.o
 .data.g_fastInternalRefClkFreq
                0x1ffff20c        0x4 ./SDK/platform/hal/src/mcg/fsl_mcg_hal.o
                0x1ffff20c                g_fastInternalRefClkFreq
 .data.g_slowInternalRefClkFreq
                0x1ffff210        0x4 ./SDK/platform/hal/src/mcg/fsl_mcg_hal.o
                0x1ffff210                g_slowInternalRefClkFreq
 .data.impure_data
                0x1ffff214       0x60 c:/freescale/kds_v3/toolchain/bin/../lib/gcc/arm-none-eabi/4.8.4/../../../../arm-none-eabi/lib/armv6-m\libg_s.a(lib_a-impure.o)
 .data._impure_ptr
                0x1ffff274        0x4 c:/freescale/kds_v3/toolchain/bin/../lib/gcc/arm-none-eabi/4.8.4/../../../../arm-none-eabi/lib/armv6-m\libg_s.a(lib_a-impure.o)
                0x1ffff274                _impure_ptr
 *(.jcr*)
 .jcr           0x1ffff278        0x0 c:/freescale/kds_v3/toolchain/bin/../lib/gcc/arm-none-eabi/4.8.4/armv6-m/crtbegin.o
 .jcr           0x1ffff278        0x4 c:/freescale/kds_v3/toolchain/bin/../lib/gcc/arm-none-eabi/4.8.4/armv6-m/crtend.o
                0x1ffff27c                . = ALIGN (0x4)
                0x1ffff27c                __data_end__ = .
                0x000078b8                __DATA_END = (__DATA_ROM + (__data_end__ - __data_start__))

.igot.plt       0x1ffff27c        0x0 load address 0x000078b8
 .igot.plt      0x00000000        0x0 c:/freescale/kds_v3/toolchain/bin/../lib/gcc/arm-none-eabi/4.8.4/armv6-m/crtbegin.o

.m_interrupts_ram
                0x1ffff000      0x200
                0x1ffff000                . = ALIGN (0x4)
                0x1ffff000                __m_interrupts_ram_RAMStart = .
 *(.m_interrupts_ram)
                0x1ffff200                . = (. + 0x200)
 *fill*         0x1ffff000      0x200 
                0x1ffff200                __m_interrupts_ram_RAMEnd = .
                0x1ffff200                . = ALIGN (0x4)
                0x00000200                __m_interrupts_ram_ROMSize = (__m_interrupts_ram_RAMEnd - __m_interrupts_ram_RAMStart)
                0x00000200                __RAM_VECTOR_TABLE_SIZE_BYTES = (__m_interrupts_ram_RAMEnd - __m_interrupts_ram_RAMStart)
                0x00020000                text_end = (ORIGIN (m_text) + 0x1fbf0)
                0x000078b8                data_init_end = (__DATA_ROM + SIZEOF (.data))
                0x00000001                ASSERT ((data_init_end <= text_end), region m_text overflowed with text and data)

.bss            0x1ffff27c     0x2258 load address 0x000078b8
                0x1ffff27c                . = ALIGN (0x4)
                0x1ffff27c                __START_BSS = .
                0x1ffff27c                __bss_start__ = .
 *(.bss)
 .bss           0x1ffff27c       0x1c c:/freescale/kds_v3/toolchain/bin/../lib/gcc/arm-none-eabi/4.8.4/armv6-m/crtbegin.o
 *(.bss*)
 .bss.ucHeap    0x1ffff298     0x2000 ./SDK/rtos/FreeRTOS/src/heap_2.o
 .bss.xStart    0x20001298        0x8 ./SDK/rtos/FreeRTOS/src/heap_2.o
 .bss.xEnd      0x200012a0        0x8 ./SDK/rtos/FreeRTOS/src/heap_2.o
 .bss.xHeapHasBeenInitialised.4627
                0x200012a8        0x4 ./SDK/rtos/FreeRTOS/src/heap_2.o
 .bss.pxCurrentTCB
                0x200012ac        0x4 ./SDK/rtos/FreeRTOS/src/tasks.o
                0x200012ac                pxCurrentTCB
 .bss.pxReadyTasksLists
                0x200012b0       0xa0 ./SDK/rtos/FreeRTOS/src/tasks.o
 .bss.xDelayedTaskList1
                0x20001350       0x14 ./SDK/rtos/FreeRTOS/src/tasks.o
 .bss.xDelayedTaskList2
                0x20001364       0x14 ./SDK/rtos/FreeRTOS/src/tasks.o
 .bss.pxDelayedTaskList
                0x20001378        0x4 ./SDK/rtos/FreeRTOS/src/tasks.o
 .bss.pxOverflowDelayedTaskList
                0x2000137c        0x4 ./SDK/rtos/FreeRTOS/src/tasks.o
 .bss.xPendingReadyList
                0x20001380       0x14 ./SDK/rtos/FreeRTOS/src/tasks.o
 .bss.xTasksWaitingTermination
                0x20001394       0x14 ./SDK/rtos/FreeRTOS/src/tasks.o
 .bss.uxTasksDeleted
                0x200013a8        0x4 ./SDK/rtos/FreeRTOS/src/tasks.o
 .bss.xSuspendedTaskList
                0x200013ac       0x14 ./SDK/rtos/FreeRTOS/src/tasks.o
 .bss.uxCurrentNumberOfTasks
                0x200013c0        0x4 ./SDK/rtos/FreeRTOS/src/tasks.o
 .bss.xTickCount
                0x200013c4        0x4 ./SDK/rtos/FreeRTOS/src/tasks.o
 .bss.uxTopReadyPriority
                0x200013c8        0x4 ./SDK/rtos/FreeRTOS/src/tasks.o
 .bss.xSchedulerRunning
                0x200013cc        0x4 ./SDK/rtos/FreeRTOS/src/tasks.o
 .bss.uxPendedTicks
                0x200013d0        0x4 ./SDK/rtos/FreeRTOS/src/tasks.o
 .bss.xYieldPending
                0x200013d4        0x4 ./SDK/rtos/FreeRTOS/src/tasks.o
 .bss.xNumOfOverflows
                0x200013d8        0x4 ./SDK/rtos/FreeRTOS/src/tasks.o
 .bss.uxTaskNumber
                0x200013dc        0x4 ./SDK/rtos/FreeRTOS/src/tasks.o
 .bss.uxSchedulerSuspended
                0x200013e0        0x4 ./SDK/rtos/FreeRTOS/src/tasks.o
 .bss.xActiveTimerList1
                0x200013e4       0x14 ./SDK/rtos/FreeRTOS/src/timers.o
 .bss.xActiveTimerList2
                0x200013f8       0x14 ./SDK/rtos/FreeRTOS/src/timers.o
 .bss.pxCurrentTimerList
                0x2000140c        0x4 ./SDK/rtos/FreeRTOS/src/timers.o
 .bss.pxOverflowTimerList
                0x20001410        0x4 ./SDK/rtos/FreeRTOS/src/timers.o
 .bss.xTimerQueue
                0x20001414        0x4 ./SDK/rtos/FreeRTOS/src/timers.o
 .bss.xLastTime.4863
                0x20001418        0x4 ./SDK/rtos/FreeRTOS/src/timers.o
 .bss.xJumpBuf  0x2000141c       0x5c ./SDK/rtos/FreeRTOS/port/gcc/port.o
 .bss.s_debugConsole
                0x20001478       0x10 ./SDK/platform/utilities/src/fsl_debug_console.o
 .bss.heap_end.5561
                0x20001488        0x4 ./SDK/platform/utilities/src/fsl_misc_utilities.o
 .bss.g_i2cStatePtr
                0x2000148c        0x8 ./SDK/platform/drivers/src/i2c/fsl_i2c_common.o
                0x2000148c                g_i2cStatePtr
 .bss.MainTask_stack
                0x20001494        0x4 ./Generated_Code/MainTask.o
                0x20001494                MainTask_stack
 .bss.Task1_stack
                0x20001498        0x4 ./Generated_Code/Task1.o
                0x20001498                Task1_stack
 .bss.__malloc_sbrk_start
                0x2000149c        0x4 c:/freescale/kds_v3/toolchain/bin/../lib/gcc/arm-none-eabi/4.8.4/../../../../arm-none-eabi/lib/armv6-m\libg_s.a(lib_a-nano-mallocr.o)
                0x2000149c                __malloc_sbrk_start
 .bss.__malloc_free_list
                0x200014a0        0x4 c:/freescale/kds_v3/toolchain/bin/../lib/gcc/arm-none-eabi/4.8.4/../../../../arm-none-eabi/lib/armv6-m\libg_s.a(lib_a-nano-mallocr.o)
                0x200014a0                __malloc_free_list
 *(COMMON)
 COMMON         0x200014a4        0x8 ./SDK/platform/hal/src/mcg/fsl_mcg_hal.o
                0x200014a4                g_xtal0ClkFreq
                0x200014a8                g_xtalRtcClkFreq
 COMMON         0x200014ac        0x4 ./Generated_Code/MainTask.o
                0x200014ac                MainTask_task_handler
 COMMON         0x200014b0        0x4 ./Generated_Code/Task1.o
                0x200014b0                Task1_task_handler
 COMMON         0x200014b4       0x1c ./Generated_Code/i2cCom1.o
                0x200014b4                i2cCom1_MasterState
 COMMON         0x200014d0        0x4 c:/freescale/kds_v3/toolchain/bin/../lib/gcc/arm-none-eabi/4.8.4/../../../../arm-none-eabi/lib/armv6-m\libg_s.a(lib_a-reent.o)
                0x200014d0                errno
                0x200014d4                . = ALIGN (0x4)
                0x200014d4                __bss_end__ = .
                0x200014d4                __END_BSS = .

.heap           0x200014d4        0x4 load address 0x00009b10
                0x200014d8                . = ALIGN (0x8)
 *fill*         0x200014d4        0x4 
                0x200014d8                __end__ = .
                0x200014d8                PROVIDE (end, .)
                0x200014d8                __HeapBase = .
                0x200014d8                . = (. + HEAP_SIZE)
                0x200014d8                __HeapLimit = .

.stack          0x200014d8      0x400 load address 0x00009b14
                0x200014d8                . = ALIGN (0x8)
                0x200018d8                . = (. + STACK_SIZE)
 *fill*         0x200014d8      0x400 
                0x20003000                __StackTop = (ORIGIN (m_data) + 0x3e00)
                0x20002c00                __StackLimit = (__StackTop - STACK_SIZE)
                0x20003000                PROVIDE (__stack, __StackTop)

.ARM.attributes
                0x00000000       0x28
 *(.ARM.attributes)
 .ARM.attributes
                0x00000000       0x1e c:/freescale/kds_v3/toolchain/bin/../lib/gcc/arm-none-eabi/4.8.4/armv6-m/crti.o
 .ARM.attributes
                0x0000001e       0x2c c:/freescale/kds_v3/toolchain/bin/../lib/gcc/arm-none-eabi/4.8.4/armv6-m/crtbegin.o
 .ARM.attributes
                0x0000004a       0x1b c:/freescale/kds_v3/toolchain/bin/../lib/gcc/arm-none-eabi/4.8.4/../../../../arm-none-eabi/lib/armv6-m/crt0.o
 .ARM.attributes
                0x00000065       0x32 ./driver_code/mpu6050.o
 .ARM.attributes
                0x00000097       0x32 ./Static_Code/System/PE_low_level_init.o
 .ARM.attributes
                0x000000c9       0x32 ./Sources/Events.o
 .ARM.attributes
                0x000000fb       0x32 ./Sources/main.o
 .ARM.attributes
                0x0000012d       0x32 ./Sources/os_tasks.o
 .ARM.attributes
                0x0000015f       0x32 ./Sources/rtos_main_task.o
 .ARM.attributes
                0x00000191       0x32 ./SDK/rtos/FreeRTOS/src/event_groups.o
 .ARM.attributes
                0x000001c3       0x32 ./SDK/rtos/FreeRTOS/src/heap_2.o
 .ARM.attributes
                0x000001f5       0x32 ./SDK/rtos/FreeRTOS/src/list.o
 .ARM.attributes
                0x00000227       0x32 ./SDK/rtos/FreeRTOS/src/queue.o
 .ARM.attributes
                0x00000259       0x32 ./SDK/rtos/FreeRTOS/src/tasks.o
 .ARM.attributes
                0x0000028b       0x32 ./SDK/rtos/FreeRTOS/src/timers.o
 .ARM.attributes
                0x000002bd       0x32 ./SDK/rtos/FreeRTOS/port/gcc/port.o
 .ARM.attributes
                0x000002ef       0x32 ./SDK/platform/utilities/src/fsl_debug_console.o
 .ARM.attributes
                0x00000321       0x32 ./SDK/platform/utilities/src/fsl_misc_utilities.o
 .ARM.attributes
                0x00000353       0x32 ./SDK/platform/system/src/clock/MKL25Z4/fsl_clock_MKL25Z4.o
 .ARM.attributes
                0x00000385       0x32 ./SDK/platform/osa/src/fsl_os_abstraction_free_rtos.o
 .ARM.attributes
                0x000003b7       0x32 ./SDK/platform/hal/src/mcg/fsl_mcg_hal.o
 .ARM.attributes
                0x000003e9       0x32 ./SDK/platform/hal/src/i2c/fsl_i2c_hal.o
 .ARM.attributes
                0x0000041b       0x32 ./SDK/platform/hal/src/gpio/fsl_gpio_hal.o
 .ARM.attributes
                0x0000044d       0x32 ./SDK/platform/drivers/src/i2c/fsl_i2c_common.o
 .ARM.attributes
                0x0000047f       0x32 ./SDK/platform/drivers/src/i2c/fsl_i2c_master_driver.o
 .ARM.attributes
                0x000004b1       0x32 ./SDK/platform/drivers/src/i2c/fsl_i2c_shared_function.o
 .ARM.attributes
                0x000004e3       0x32 ./SDK/platform/drivers/src/i2c/fsl_i2c_slave_driver.o
 .ARM.attributes
                0x00000515       0x32 ./SDK/platform/drivers/src/gpio/fsl_gpio_common.o
 .ARM.attributes
                0x00000547       0x32 ./SDK/platform/drivers/src/gpio/fsl_gpio_driver.o
 .ARM.attributes
                0x00000579       0x1b ./SDK/platform/devices/MKL25Z4/startup/gcc/startup_MKL25Z4.o
 .ARM.attributes
                0x00000594       0x32 ./SDK/platform/devices/MKL25Z4/startup/system_MKL25Z4.o
 .ARM.attributes
                0x000005c6       0x32 ./SDK/platform/devices/startup.o
 .ARM.attributes
                0x000005f8       0x32 ./Generated_Code/Cpu.o
 .ARM.attributes
                0x0000062a       0x32 ./Generated_Code/MainTask.o
 .ARM.attributes
                0x0000065c       0x32 ./Generated_Code/Task1.o
 .ARM.attributes
                0x0000068e       0x32 ./Generated_Code/gpio1.o
 .ARM.attributes
                0x000006c0       0x32 ./Generated_Code/hardware_init.o
 .ARM.attributes
                0x000006f2       0x32 ./Generated_Code/i2cCom1.o
 .ARM.attributes
                0x00000724       0x32 ./Generated_Code/pin_init.o
 .ARM.attributes
                0x00000756       0x1e c:/freescale/kds_v3/toolchain/bin/../lib/gcc/arm-none-eabi/4.8.4/armv6-m\libgcc.a(_udivsi3.o)
 .ARM.attributes
                0x00000774       0x1e c:/freescale/kds_v3/toolchain/bin/../lib/gcc/arm-none-eabi/4.8.4/armv6-m\libgcc.a(_divsi3.o)
 .ARM.attributes
                0x00000792       0x1e c:/freescale/kds_v3/toolchain/bin/../lib/gcc/arm-none-eabi/4.8.4/armv6-m\libgcc.a(_dvmd_tls.o)
 .ARM.attributes
                0x000007b0       0x2c c:/freescale/kds_v3/toolchain/bin/../lib/gcc/arm-none-eabi/4.8.4/armv6-m\libgcc.a(adddf3.o)
 .ARM.attributes
                0x000007dc       0x2c c:/freescale/kds_v3/toolchain/bin/../lib/gcc/arm-none-eabi/4.8.4/armv6-m\libgcc.a(fixdfsi.o)
 .ARM.attributes
                0x00000808       0x2c c:/freescale/kds_v3/toolchain/bin/../lib/gcc/arm-none-eabi/4.8.4/armv6-m\libgcc.a(floatsidf.o)
 .ARM.attributes
                0x00000834       0x1e c:/freescale/kds_v3/toolchain/bin/../lib/gcc/arm-none-eabi/4.8.4/armv6-m\libgcc.a(_clzsi2.o)
 .ARM.attributes
                0x00000852       0x2c c:/freescale/kds_v3/toolchain/bin/../lib/gcc/arm-none-eabi/4.8.4/../../../../arm-none-eabi/lib/armv6-m\libg_s.a(lib_a-assert.o)
 .ARM.attributes
                0x0000087e       0x2c c:/freescale/kds_v3/toolchain/bin/../lib/gcc/arm-none-eabi/4.8.4/../../../../arm-none-eabi/lib/armv6-m\libg_s.a(lib_a-errno.o)
 .ARM.attributes
                0x000008aa       0x2c c:/freescale/kds_v3/toolchain/bin/../lib/gcc/arm-none-eabi/4.8.4/../../../../arm-none-eabi/lib/armv6-m\libg_s.a(lib_a-exit.o)
 .ARM.attributes
                0x000008d6       0x2c c:/freescale/kds_v3/toolchain/bin/../lib/gcc/arm-none-eabi/4.8.4/../../../../arm-none-eabi/lib/armv6-m\libg_s.a(lib_a-fprintf.o)
 .ARM.attributes
                0x00000902       0x2c c:/freescale/kds_v3/toolchain/bin/../lib/gcc/arm-none-eabi/4.8.4/../../../../arm-none-eabi/lib/armv6-m\libg_s.a(lib_a-impure.o)
 .ARM.attributes
                0x0000092e       0x2c c:/freescale/kds_v3/toolchain/bin/../lib/gcc/arm-none-eabi/4.8.4/../../../../arm-none-eabi/lib/armv6-m\libg_s.a(lib_a-init.o)
 .ARM.attributes
                0x0000095a       0x2c c:/freescale/kds_v3/toolchain/bin/../lib/gcc/arm-none-eabi/4.8.4/../../../../arm-none-eabi/lib/armv6-m\libg_s.a(lib_a-memcpy-stub.o)
 .ARM.attributes
                0x00000986       0x2c c:/freescale/kds_v3/toolchain/bin/../lib/gcc/arm-none-eabi/4.8.4/../../../../arm-none-eabi/lib/armv6-m\libg_s.a(lib_a-memset.o)
 .ARM.attributes
                0x000009b2       0x1c c:/freescale/kds_v3/toolchain/bin/../lib/gcc/arm-none-eabi/4.8.4/../../../../arm-none-eabi/lib/armv6-m\libg_s.a(lib_a-setjmp.o)
 .ARM.attributes
                0x000009ce       0x2c c:/freescale/kds_v3/toolchain/bin/../lib/gcc/arm-none-eabi/4.8.4/../../../../arm-none-eabi/lib/armv6-m\libg_s.a(lib_a-strlen.o)
 .ARM.attributes
                0x000009fa       0x2c c:/freescale/kds_v3/toolchain/bin/../lib/gcc/arm-none-eabi/4.8.4/../../../../arm-none-eabi/lib/armv6-m\libg_s.a(lib_a-vfprintf.o)
 .ARM.attributes
                0x00000a26       0x2c c:/freescale/kds_v3/toolchain/bin/../lib/gcc/arm-none-eabi/4.8.4/../../../../arm-none-eabi/lib/armv6-m\libg_s.a(lib_a-vfprintf_i.o)
 .ARM.attributes
                0x00000a52       0x2c c:/freescale/kds_v3/toolchain/bin/../lib/gcc/arm-none-eabi/4.8.4/../../../../arm-none-eabi/lib/armv6-m\libg_s.a(lib_a-wbuf.o)
 .ARM.attributes
                0x00000a7e       0x2c c:/freescale/kds_v3/toolchain/bin/../lib/gcc/arm-none-eabi/4.8.4/../../../../arm-none-eabi/lib/armv6-m\libg_s.a(lib_a-wsetup.o)
 .ARM.attributes
                0x00000aaa       0x2c c:/freescale/kds_v3/toolchain/bin/../lib/gcc/arm-none-eabi/4.8.4/../../../../arm-none-eabi/lib/armv6-m\libg_s.a(lib_a-abort.o)
 .ARM.attributes
                0x00000ad6       0x2c c:/freescale/kds_v3/toolchain/bin/../lib/gcc/arm-none-eabi/4.8.4/../../../../arm-none-eabi/lib/armv6-m\libg_s.a(lib_a-fflush.o)
 .ARM.attributes
                0x00000b02       0x2c c:/freescale/kds_v3/toolchain/bin/../lib/gcc/arm-none-eabi/4.8.4/../../../../arm-none-eabi/lib/armv6-m\libg_s.a(lib_a-findfp.o)
 .ARM.attributes
                0x00000b2e       0x2c c:/freescale/kds_v3/toolchain/bin/../lib/gcc/arm-none-eabi/4.8.4/../../../../arm-none-eabi/lib/armv6-m\libg_s.a(lib_a-makebuf.o)
 .ARM.attributes
                0x00000b5a       0x2c c:/freescale/kds_v3/toolchain/bin/../lib/gcc/arm-none-eabi/4.8.4/../../../../arm-none-eabi/lib/armv6-m\libg_s.a(lib_a-memchr-stub.o)
 .ARM.attributes
                0x00000b86       0x2c c:/freescale/kds_v3/toolchain/bin/../lib/gcc/arm-none-eabi/4.8.4/../../../../arm-none-eabi/lib/armv6-m\libg_s.a(lib_a-nano-freer.o)
 .ARM.attributes
                0x00000bb2       0x2c c:/freescale/kds_v3/toolchain/bin/../lib/gcc/arm-none-eabi/4.8.4/../../../../arm-none-eabi/lib/armv6-m\libg_s.a(lib_a-nano-mallocr.o)
 .ARM.attributes
                0x00000bde       0x2c c:/freescale/kds_v3/toolchain/bin/../lib/gcc/arm-none-eabi/4.8.4/../../../../arm-none-eabi/lib/armv6-m\libg_s.a(lib_a-sbrkr.o)
 .ARM.attributes
                0x00000c0a       0x2c c:/freescale/kds_v3/toolchain/bin/../lib/gcc/arm-none-eabi/4.8.4/../../../../arm-none-eabi/lib/armv6-m\libg_s.a(lib_a-signal.o)
 .ARM.attributes
                0x00000c36       0x2c c:/freescale/kds_v3/toolchain/bin/../lib/gcc/arm-none-eabi/4.8.4/../../../../arm-none-eabi/lib/armv6-m\libg_s.a(lib_a-signalr.o)
 .ARM.attributes
                0x00000c62       0x2c c:/freescale/kds_v3/toolchain/bin/../lib/gcc/arm-none-eabi/4.8.4/../../../../arm-none-eabi/lib/armv6-m\libg_s.a(lib_a-stdio.o)
 .ARM.attributes
                0x00000c8e       0x2c c:/freescale/kds_v3/toolchain/bin/../lib/gcc/arm-none-eabi/4.8.4/../../../../arm-none-eabi/lib/armv6-m\libg_s.a(lib_a-writer.o)
 .ARM.attributes
                0x00000cba       0x2c c:/freescale/kds_v3/toolchain/bin/../lib/gcc/arm-none-eabi/4.8.4/../../../../arm-none-eabi/lib/armv6-m\libg_s.a(lib_a-closer.o)
 .ARM.attributes
                0x00000ce6       0x2c c:/freescale/kds_v3/toolchain/bin/../lib/gcc/arm-none-eabi/4.8.4/../../../../arm-none-eabi/lib/armv6-m\libg_s.a(lib_a-fstatr.o)
 .ARM.attributes
                0x00000d12       0x2c c:/freescale/kds_v3/toolchain/bin/../lib/gcc/arm-none-eabi/4.8.4/../../../../arm-none-eabi/lib/armv6-m\libg_s.a(lib_a-isattyr.o)
 .ARM.attributes
                0x00000d3e       0x2c c:/freescale/kds_v3/toolchain/bin/../lib/gcc/arm-none-eabi/4.8.4/../../../../arm-none-eabi/lib/armv6-m\libg_s.a(lib_a-lseekr.o)
 .ARM.attributes
                0x00000d6a       0x2c c:/freescale/kds_v3/toolchain/bin/../lib/gcc/arm-none-eabi/4.8.4/../../../../arm-none-eabi/lib/armv6-m\libg_s.a(lib_a-readr.o)
 .ARM.attributes
                0x00000d96       0x2c c:/freescale/kds_v3/toolchain/bin/../lib/gcc/arm-none-eabi/4.8.4/../../../../arm-none-eabi/lib/armv6-m\libg_s.a(lib_a-reent.o)
 .ARM.attributes
                0x00000dc2       0x2c c:/freescale/kds_v3/toolchain/bin/../lib/gcc/arm-none-eabi/4.8.4/../../../../arm-none-eabi/lib/armv6-m\libnosys.a(close.o)
 .ARM.attributes
                0x00000dee       0x2c c:/freescale/kds_v3/toolchain/bin/../lib/gcc/arm-none-eabi/4.8.4/../../../../arm-none-eabi/lib/armv6-m\libnosys.a(fstat.o)
 .ARM.attributes
                0x00000e1a       0x2c c:/freescale/kds_v3/toolchain/bin/../lib/gcc/arm-none-eabi/4.8.4/../../../../arm-none-eabi/lib/armv6-m\libnosys.a(getpid.o)
 .ARM.attributes
                0x00000e46       0x2c c:/freescale/kds_v3/toolchain/bin/../lib/gcc/arm-none-eabi/4.8.4/../../../../arm-none-eabi/lib/armv6-m\libnosys.a(isatty.o)
 .ARM.attributes
                0x00000e72       0x2c c:/freescale/kds_v3/toolchain/bin/../lib/gcc/arm-none-eabi/4.8.4/../../../../arm-none-eabi/lib/armv6-m\libnosys.a(kill.o)
 .ARM.attributes
                0x00000e9e       0x2c c:/freescale/kds_v3/toolchain/bin/../lib/gcc/arm-none-eabi/4.8.4/../../../../arm-none-eabi/lib/armv6-m\libnosys.a(lseek.o)
 .ARM.attributes
                0x00000eca       0x2c c:/freescale/kds_v3/toolchain/bin/../lib/gcc/arm-none-eabi/4.8.4/../../../../arm-none-eabi/lib/armv6-m\libnosys.a(_exit.o)
 .ARM.attributes
                0x00000ef6       0x2c c:/freescale/kds_v3/toolchain/bin/../lib/gcc/arm-none-eabi/4.8.4/armv6-m/crtend.o
 .ARM.attributes
                0x00000f22       0x1e c:/freescale/kds_v3/toolchain/bin/../lib/gcc/arm-none-eabi/4.8.4/armv6-m/crtn.o
OUTPUT(acelerometro.elf elf32-littlearm)

.debug_info     0x00000000     0xe8e6
 .debug_info    0x00000000      0x566 ./driver_code/mpu6050.o
 .debug_info    0x00000566      0x1db ./Static_Code/System/PE_low_level_init.o
 .debug_info    0x00000741      0x1ca ./Sources/Events.o
 .debug_info    0x0000090b      0x1ce ./Sources/main.o
 .debug_info    0x00000ad9      0x1ea ./Sources/os_tasks.o
 .debug_info    0x00000cc3      0x2b0 ./Sources/rtos_main_task.o
 .debug_info    0x00000f73      0x60e ./SDK/rtos/FreeRTOS/src/event_groups.o
 .debug_info    0x00001581      0x2e2 ./SDK/rtos/FreeRTOS/src/heap_2.o
 .debug_info    0x00001863      0x2a1 ./SDK/rtos/FreeRTOS/src/list.o
 .debug_info    0x00001b04      0xaff ./SDK/rtos/FreeRTOS/src/queue.o
 .debug_info    0x00002603     0x12e1 ./SDK/rtos/FreeRTOS/src/tasks.o
 .debug_info    0x000038e4      0x964 ./SDK/rtos/FreeRTOS/src/timers.o
 .debug_info    0x00004248      0x29e ./SDK/rtos/FreeRTOS/port/gcc/port.o
 .debug_info    0x000044e6      0xa71 ./SDK/platform/utilities/src/fsl_debug_console.o
 .debug_info    0x00004f57      0x16b ./SDK/platform/utilities/src/fsl_misc_utilities.o
 .debug_info    0x000050c2     0x17c9 ./SDK/platform/system/src/clock/MKL25Z4/fsl_clock_MKL25Z4.o
 .debug_info    0x0000688b      0xe95 ./SDK/platform/osa/src/fsl_os_abstraction_free_rtos.o
 .debug_info    0x00007720      0xc53 ./SDK/platform/hal/src/mcg/fsl_mcg_hal.o
 .debug_info    0x00008373      0x966 ./SDK/platform/hal/src/i2c/fsl_i2c_hal.o
 .debug_info    0x00008cd9      0x2f0 ./SDK/platform/hal/src/gpio/fsl_gpio_hal.o
 .debug_info    0x00008fc9      0x2aa ./SDK/platform/drivers/src/i2c/fsl_i2c_common.o
 .debug_info    0x00009273     0x117d ./SDK/platform/drivers/src/i2c/fsl_i2c_master_driver.o
 .debug_info    0x0000a3f0      0x29a ./SDK/platform/drivers/src/i2c/fsl_i2c_shared_function.o
 .debug_info    0x0000a68a     0x1043 ./SDK/platform/drivers/src/i2c/fsl_i2c_slave_driver.o
 .debug_info    0x0000b6cd      0x397 ./SDK/platform/drivers/src/gpio/fsl_gpio_common.o
 .debug_info    0x0000ba64      0xe80 ./SDK/platform/drivers/src/gpio/fsl_gpio_driver.o
 .debug_info    0x0000c8e4       0x89 ./SDK/platform/devices/MKL25Z4/startup/gcc/startup_MKL25Z4.o
 .debug_info    0x0000c96d      0x672 ./SDK/platform/devices/MKL25Z4/startup/system_MKL25Z4.o
 .debug_info    0x0000cfdf      0x296 ./SDK/platform/devices/startup.o
 .debug_info    0x0000d275      0x439 ./Generated_Code/Cpu.o
 .debug_info    0x0000d6ae      0x254 ./Generated_Code/MainTask.o
 .debug_info    0x0000d902      0x254 ./Generated_Code/Task1.o
 .debug_info    0x0000db56      0x2a4 ./Generated_Code/gpio1.o
 .debug_info    0x0000ddfa      0x3cf ./Generated_Code/hardware_init.o
 .debug_info    0x0000e1c9      0x357 ./Generated_Code/i2cCom1.o
 .debug_info    0x0000e520      0x3c6 ./Generated_Code/pin_init.o

.debug_abbrev   0x00000000     0x304b
 .debug_abbrev  0x00000000      0x1c7 ./driver_code/mpu6050.o
 .debug_abbrev  0x000001c7       0xc4 ./Static_Code/System/PE_low_level_init.o
 .debug_abbrev  0x0000028b       0xc4 ./Sources/Events.o
 .debug_abbrev  0x0000034f       0xc6 ./Sources/main.o
 .debug_abbrev  0x00000415       0xdc ./Sources/os_tasks.o
 .debug_abbrev  0x000004f1      0x11f ./Sources/rtos_main_task.o
 .debug_abbrev  0x00000610      0x11e ./SDK/rtos/FreeRTOS/src/event_groups.o
 .debug_abbrev  0x0000072e      0x155 ./SDK/rtos/FreeRTOS/src/heap_2.o
 .debug_abbrev  0x00000883       0xc1 ./SDK/rtos/FreeRTOS/src/list.o
 .debug_abbrev  0x00000944      0x142 ./SDK/rtos/FreeRTOS/src/queue.o
 .debug_abbrev  0x00000a86      0x204 ./SDK/rtos/FreeRTOS/src/tasks.o
 .debug_abbrev  0x00000c8a      0x194 ./SDK/rtos/FreeRTOS/src/timers.o
 .debug_abbrev  0x00000e1e      0x140 ./SDK/rtos/FreeRTOS/port/gcc/port.o
 .debug_abbrev  0x00000f5e      0x23a ./SDK/platform/utilities/src/fsl_debug_console.o
 .debug_abbrev  0x00001198       0xc4 ./SDK/platform/utilities/src/fsl_misc_utilities.o
 .debug_abbrev  0x0000125c      0x2f2 ./SDK/platform/system/src/clock/MKL25Z4/fsl_clock_MKL25Z4.o
 .debug_abbrev  0x0000154e      0x221 ./SDK/platform/osa/src/fsl_os_abstraction_free_rtos.o
 .debug_abbrev  0x0000176f      0x237 ./SDK/platform/hal/src/mcg/fsl_mcg_hal.o
 .debug_abbrev  0x000019a6      0x244 ./SDK/platform/hal/src/i2c/fsl_i2c_hal.o
 .debug_abbrev  0x00001bea      0x11b ./SDK/platform/hal/src/gpio/fsl_gpio_hal.o
 .debug_abbrev  0x00001d05       0xc7 ./SDK/platform/drivers/src/i2c/fsl_i2c_common.o
 .debug_abbrev  0x00001dcc      0x295 ./SDK/platform/drivers/src/i2c/fsl_i2c_master_driver.o
 .debug_abbrev  0x00002061      0x132 ./SDK/platform/drivers/src/i2c/fsl_i2c_shared_function.o
 .debug_abbrev  0x00002193      0x246 ./SDK/platform/drivers/src/i2c/fsl_i2c_slave_driver.o
 .debug_abbrev  0x000023d9       0xc0 ./SDK/platform/drivers/src/gpio/fsl_gpio_common.o
 .debug_abbrev  0x00002499      0x27a ./SDK/platform/drivers/src/gpio/fsl_gpio_driver.o
 .debug_abbrev  0x00002713       0x14 ./SDK/platform/devices/MKL25Z4/startup/gcc/startup_MKL25Z4.o
 .debug_abbrev  0x00002727      0x121 ./SDK/platform/devices/MKL25Z4/startup/system_MKL25Z4.o
 .debug_abbrev  0x00002848       0xe9 ./SDK/platform/devices/startup.o
 .debug_abbrev  0x00002931      0x106 ./Generated_Code/Cpu.o
 .debug_abbrev  0x00002a37       0xf6 ./Generated_Code/MainTask.o
 .debug_abbrev  0x00002b2d       0xf6 ./Generated_Code/Task1.o
 .debug_abbrev  0x00002c23       0xef ./Generated_Code/gpio1.o
 .debug_abbrev  0x00002d12      0x10c ./Generated_Code/hardware_init.o
 .debug_abbrev  0x00002e1e       0xf6 ./Generated_Code/i2cCom1.o
 .debug_abbrev  0x00002f14      0x137 ./Generated_Code/pin_init.o

.debug_aranges  0x00000000     0x10d0
 .debug_aranges
                0x00000000       0x60 ./driver_code/mpu6050.o
 .debug_aranges
                0x00000060       0x28 ./Static_Code/System/PE_low_level_init.o
 .debug_aranges
                0x00000088       0x20 ./Sources/Events.o
 .debug_aranges
                0x000000a8       0x20 ./Sources/main.o
 .debug_aranges
                0x000000c8       0x20 ./Sources/os_tasks.o
 .debug_aranges
                0x000000e8       0x20 ./Sources/rtos_main_task.o
 .debug_aranges
                0x00000108       0x68 ./SDK/rtos/FreeRTOS/src/event_groups.o
 .debug_aranges
                0x00000170       0x40 ./SDK/rtos/FreeRTOS/src/heap_2.o
 .debug_aranges
                0x000001b0       0x40 ./SDK/rtos/FreeRTOS/src/list.o
 .debug_aranges
                0x000001f0       0xe0 ./SDK/rtos/FreeRTOS/src/queue.o
 .debug_aranges
                0x000002d0      0x1a0 ./SDK/rtos/FreeRTOS/src/tasks.o
 .debug_aranges
                0x00000470       0xa0 ./SDK/rtos/FreeRTOS/src/timers.o
 .debug_aranges
                0x00000510       0xa0 ./SDK/rtos/FreeRTOS/port/gcc/port.o
 .debug_aranges
                0x000005b0       0xa0 ./SDK/platform/utilities/src/fsl_debug_console.o
 .debug_aranges
                0x00000650       0x28 ./SDK/platform/utilities/src/fsl_misc_utilities.o
 .debug_aranges
                0x00000678      0x210 ./SDK/platform/system/src/clock/MKL25Z4/fsl_clock_MKL25Z4.o
 .debug_aranges
                0x00000888      0x148 ./SDK/platform/osa/src/fsl_os_abstraction_free_rtos.o
 .debug_aranges
                0x000009d0       0xf0 ./SDK/platform/hal/src/mcg/fsl_mcg_hal.o
 .debug_aranges
                0x00000ac0       0xd0 ./SDK/platform/hal/src/i2c/fsl_i2c_hal.o
 .debug_aranges
                0x00000b90       0x38 ./SDK/platform/hal/src/gpio/fsl_gpio_hal.o
 .debug_aranges
                0x00000bc8       0x18 ./SDK/platform/drivers/src/i2c/fsl_i2c_common.o
 .debug_aranges
                0x00000be0      0x120 ./SDK/platform/drivers/src/i2c/fsl_i2c_master_driver.o
 .debug_aranges
                0x00000d00       0x30 ./SDK/platform/drivers/src/i2c/fsl_i2c_shared_function.o
 .debug_aranges
                0x00000d30      0x100 ./SDK/platform/drivers/src/i2c/fsl_i2c_slave_driver.o
 .debug_aranges
                0x00000e30       0x18 ./SDK/platform/drivers/src/gpio/fsl_gpio_common.o
 .debug_aranges
                0x00000e48       0xf0 ./SDK/platform/drivers/src/gpio/fsl_gpio_driver.o
 .debug_aranges
                0x00000f38       0x20 ./SDK/platform/devices/MKL25Z4/startup/gcc/startup_MKL25Z4.o
 .debug_aranges
                0x00000f58       0x28 ./SDK/platform/devices/MKL25Z4/startup/system_MKL25Z4.o
 .debug_aranges
                0x00000f80       0x20 ./SDK/platform/devices/startup.o
 .debug_aranges
                0x00000fa0       0x20 ./Generated_Code/Cpu.o
 .debug_aranges
                0x00000fc0       0x20 ./Generated_Code/MainTask.o
 .debug_aranges
                0x00000fe0       0x20 ./Generated_Code/Task1.o
 .debug_aranges
                0x00001000       0x18 ./Generated_Code/gpio1.o
 .debug_aranges
                0x00001018       0x28 ./Generated_Code/hardware_init.o
 .debug_aranges
                0x00001040       0x18 ./Generated_Code/i2cCom1.o
 .debug_aranges
                0x00001058       0x78 ./Generated_Code/pin_init.o

.debug_ranges   0x00000000      0xe60
 .debug_ranges  0x00000000       0x50 ./driver_code/mpu6050.o
 .debug_ranges  0x00000050       0x18 ./Static_Code/System/PE_low_level_init.o
 .debug_ranges  0x00000068       0x10 ./Sources/Events.o
 .debug_ranges  0x00000078       0x10 ./Sources/main.o
 .debug_ranges  0x00000088       0x10 ./Sources/os_tasks.o
 .debug_ranges  0x00000098       0x10 ./Sources/rtos_main_task.o
 .debug_ranges  0x000000a8       0x58 ./SDK/rtos/FreeRTOS/src/event_groups.o
 .debug_ranges  0x00000100       0x30 ./SDK/rtos/FreeRTOS/src/heap_2.o
 .debug_ranges  0x00000130       0x30 ./SDK/rtos/FreeRTOS/src/list.o
 .debug_ranges  0x00000160       0xd0 ./SDK/rtos/FreeRTOS/src/queue.o
 .debug_ranges  0x00000230      0x190 ./SDK/rtos/FreeRTOS/src/tasks.o
 .debug_ranges  0x000003c0       0x90 ./SDK/rtos/FreeRTOS/src/timers.o
 .debug_ranges  0x00000450       0x90 ./SDK/rtos/FreeRTOS/port/gcc/port.o
 .debug_ranges  0x000004e0       0x90 ./SDK/platform/utilities/src/fsl_debug_console.o
 .debug_ranges  0x00000570       0x18 ./SDK/platform/utilities/src/fsl_misc_utilities.o
 .debug_ranges  0x00000588      0x200 ./SDK/platform/system/src/clock/MKL25Z4/fsl_clock_MKL25Z4.o
 .debug_ranges  0x00000788      0x138 ./SDK/platform/osa/src/fsl_os_abstraction_free_rtos.o
 .debug_ranges  0x000008c0       0xe0 ./SDK/platform/hal/src/mcg/fsl_mcg_hal.o
 .debug_ranges  0x000009a0       0xc0 ./SDK/platform/hal/src/i2c/fsl_i2c_hal.o
 .debug_ranges  0x00000a60       0x28 ./SDK/platform/hal/src/gpio/fsl_gpio_hal.o
 .debug_ranges  0x00000a88      0x110 ./SDK/platform/drivers/src/i2c/fsl_i2c_master_driver.o
 .debug_ranges  0x00000b98       0x20 ./SDK/platform/drivers/src/i2c/fsl_i2c_shared_function.o
 .debug_ranges  0x00000bb8       0xf0 ./SDK/platform/drivers/src/i2c/fsl_i2c_slave_driver.o
 .debug_ranges  0x00000ca8       0xe0 ./SDK/platform/drivers/src/gpio/fsl_gpio_driver.o
 .debug_ranges  0x00000d88       0x18 ./SDK/platform/devices/MKL25Z4/startup/system_MKL25Z4.o
 .debug_ranges  0x00000da0       0x10 ./SDK/platform/devices/startup.o
 .debug_ranges  0x00000db0       0x10 ./Generated_Code/Cpu.o
 .debug_ranges  0x00000dc0       0x10 ./Generated_Code/MainTask.o
 .debug_ranges  0x00000dd0       0x10 ./Generated_Code/Task1.o
 .debug_ranges  0x00000de0       0x18 ./Generated_Code/hardware_init.o
 .debug_ranges  0x00000df8       0x68 ./Generated_Code/pin_init.o

.debug_macro    0x00000000    0x18f1e
 .debug_macro   0x00000000      0x25c ./driver_code/mpu6050.o
 .debug_macro   0x0000025c      0x80e ./driver_code/mpu6050.o
 .debug_macro   0x00000a6a       0x10 ./driver_code/mpu6050.o
 .debug_macro   0x00000a7a       0x58 ./driver_code/mpu6050.o
 .debug_macro   0x00000ad2       0x16 ./driver_code/mpu6050.o
 .debug_macro   0x00000ae8       0x35 ./driver_code/mpu6050.o
 .debug_macro   0x00000b1d       0xa3 ./driver_code/mpu6050.o
 .debug_macro   0x00000bc0       0x16 ./driver_code/mpu6050.o
 .debug_macro   0x00000bd6      0x10e ./driver_code/mpu6050.o
 .debug_macro   0x00000ce4       0x7f ./driver_code/mpu6050.o
 .debug_macro   0x00000d63       0x4a ./driver_code/mpu6050.o
 .debug_macro   0x00000dad       0x52 ./driver_code/mpu6050.o
 .debug_macro   0x00000dff       0x16 ./driver_code/mpu6050.o
 .debug_macro   0x00000e15       0x43 ./driver_code/mpu6050.o
 .debug_macro   0x00000e58      0x180 ./driver_code/mpu6050.o
 .debug_macro   0x00000fd8       0x22 ./driver_code/mpu6050.o