Archive member included because of file (symbol)

c:/freescale/kds_v3/toolchain/bin/../lib/gcc/arm-none-eabi/4.8.4/armv6-m\libgcc.a(_udivsi3.o)
                              ./SDK/platform/utilities/src/print_scan.o (__aeabi_uidiv)
c:/freescale/kds_v3/toolchain/bin/../lib/gcc/arm-none-eabi/4.8.4/armv6-m\libgcc.a(_divsi3.o)
                              ./SDK/platform/utilities/src/print_scan.o (__aeabi_idiv)
c:/freescale/kds_v3/toolchain/bin/../lib/gcc/arm-none-eabi/4.8.4/armv6-m\libgcc.a(_dvmd_tls.o)
                              c:/freescale/kds_v3/toolchain/bin/../lib/gcc/arm-none-eabi/4.8.4/armv6-m\libgcc.a(_udivsi3.o) (__aeabi_idiv0)
c:/freescale/kds_v3/toolchain/bin/../lib/gcc/arm-none-eabi/4.8.4/../../../../arm-none-eabi/lib/armv6-m\libg_s.a(lib_a-assert.o)
                              ./SDK/platform/system/src/interrupt/fsl_interrupt_manager.o (__assert_func)
c:/freescale/kds_v3/toolchain/bin/../lib/gcc/arm-none-eabi/4.8.4/../../../../arm-none-eabi/lib/armv6-m\libg_s.a(lib_a-errno.o)
                              ./SDK/platform/utilities/src/fsl_misc_utilities.o (__errno)
c:/freescale/kds_v3/toolchain/bin/../lib/gcc/arm-none-eabi/4.8.4/../../../../arm-none-eabi/lib/armv6-m\libg_s.a(lib_a-exit.o)
                              c:/freescale/kds_v3/toolchain/bin/../lib/gcc/arm-none-eabi/4.8.4/../../../../arm-none-eabi/lib/armv6-m/crt0.o (exit)
c:/freescale/kds_v3/toolchain/bin/../lib/gcc/arm-none-eabi/4.8.4/../../../../arm-none-eabi/lib/armv6-m\libg_s.a(lib_a-fprintf.o)
                              c:/freescale/kds_v3/toolchain/bin/../lib/gcc/arm-none-eabi/4.8.4/../../../../arm-none-eabi/lib/armv6-m\libg_s.a(lib_a-assert.o) (fiprintf)
c:/freescale/kds_v3/toolchain/bin/../lib/gcc/arm-none-eabi/4.8.4/../../../../arm-none-eabi/lib/armv6-m\libg_s.a(lib_a-impure.o)
                              c:/freescale/kds_v3/toolchain/bin/../lib/gcc/arm-none-eabi/4.8.4/../../../../arm-none-eabi/lib/armv6-m\libg_s.a(lib_a-exit.o) (_global_impure_ptr)
c:/freescale/kds_v3/toolchain/bin/../lib/gcc/arm-none-eabi/4.8.4/../../../../arm-none-eabi/lib/armv6-m\libg_s.a(lib_a-init.o)
                              c:/freescale/kds_v3/toolchain/bin/../lib/gcc/arm-none-eabi/4.8.4/../../../../arm-none-eabi/lib/armv6-m/crt0.o (__libc_init_array)
c:/freescale/kds_v3/toolchain/bin/../lib/gcc/arm-none-eabi/4.8.4/../../../../arm-none-eabi/lib/armv6-m\libg_s.a(lib_a-memcpy-stub.o)
                              ./SDK/rtos/FreeRTOS/src/queue.o (memcpy)
c:/freescale/kds_v3/toolchain/bin/../lib/gcc/arm-none-eabi/4.8.4/../../../../arm-none-eabi/lib/armv6-m\libg_s.a(lib_a-memset.o)
                              c:/freescale/kds_v3/toolchain/bin/../lib/gcc/arm-none-eabi/4.8.4/../../../../arm-none-eabi/lib/armv6-m/crt0.o (memset)
c:/freescale/kds_v3/toolchain/bin/../lib/gcc/arm-none-eabi/4.8.4/../../../../arm-none-eabi/lib/armv6-m\libg_s.a(lib_a-setjmp.o)
                              ./SDK/rtos/FreeRTOS/port/gcc/port.o (setjmp)
c:/freescale/kds_v3/toolchain/bin/../lib/gcc/arm-none-eabi/4.8.4/../../../../arm-none-eabi/lib/armv6-m\libg_s.a(lib_a-strlen.o)
                              ./SDK/platform/utilities/src/print_scan.o (strlen)
c:/freescale/kds_v3/toolchain/bin/../lib/gcc/arm-none-eabi/4.8.4/../../../../arm-none-eabi/lib/armv6-m\libg_s.a(lib_a-vfprintf.o)
                              c:/freescale/kds_v3/toolchain/bin/../lib/gcc/arm-none-eabi/4.8.4/../../../../arm-none-eabi/lib/armv6-m\libg_s.a(lib_a-fprintf.o) (_vfprintf_r)
c:/freescale/kds_v3/toolchain/bin/../lib/gcc/arm-none-eabi/4.8.4/../../../../arm-none-eabi/lib/armv6-m\libg_s.a(lib_a-vfprintf_i.o)
                              c:/freescale/kds_v3/toolchain/bin/../lib/gcc/arm-none-eabi/4.8.4/../../../../arm-none-eabi/lib/armv6-m\libg_s.a(lib_a-vfprintf.o) (_printf_i)
c:/freescale/kds_v3/toolchain/bin/../lib/gcc/arm-none-eabi/4.8.4/../../../../arm-none-eabi/lib/armv6-m\libg_s.a(lib_a-wbuf.o)
                              c:/freescale/kds_v3/toolchain/bin/../lib/gcc/arm-none-eabi/4.8.4/../../../../arm-none-eabi/lib/armv6-m\libg_s.a(lib_a-vfprintf.o) (__swbuf_r)
c:/freescale/kds_v3/toolchain/bin/../lib/gcc/arm-none-eabi/4.8.4/../../../../arm-none-eabi/lib/armv6-m\libg_s.a(lib_a-wsetup.o)
                              c:/freescale/kds_v3/toolchain/bin/../lib/gcc/arm-none-eabi/4.8.4/../../../../arm-none-eabi/lib/armv6-m\libg_s.a(lib_a-vfprintf.o) (__swsetup_r)
c:/freescale/kds_v3/toolchain/bin/../lib/gcc/arm-none-eabi/4.8.4/../../../../arm-none-eabi/lib/armv6-m\libg_s.a(lib_a-abort.o)
                              c:/freescale/kds_v3/toolchain/bin/../lib/gcc/arm-none-eabi/4.8.4/../../../../arm-none-eabi/lib/armv6-m\libg_s.a(lib_a-assert.o) (abort)
c:/freescale/kds_v3/toolchain/bin/../lib/gcc/arm-none-eabi/4.8.4/../../../../arm-none-eabi/lib/armv6-m\libg_s.a(lib_a-fflush.o)
                              c:/freescale/kds_v3/toolchain/bin/../lib/gcc/arm-none-eabi/4.8.4/../../../../arm-none-eabi/lib/armv6-m\libg_s.a(lib_a-wbuf.o) (_fflush_r)
[...]
Memory Configuration

Name             Origin             Length             Attributes
m_interrupts     0x00000000         0x00000200         xr
m_flash_config   0x00000400         0x00000010         xr
m_interrupts_ram 0x1ffff000         0x00000200         rw
m_text           0x00000410         0x0001fbf0         xr
m_data           0x1ffff200         0x00003e00         rw
*default*        0x00000000         0xffffffff

Linker script and memory map

LOAD c:/freescale/kds_v3/toolchain/bin/../lib/gcc/arm-none-eabi/4.8.4/armv6-m/crti.o
LOAD c:/freescale/kds_v3/toolchain/bin/../lib/gcc/arm-none-eabi/4.8.4/armv6-m/crtbegin.o
LOAD c:/freescale/kds_v3/toolchain/bin/../lib/gcc/arm-none-eabi/4.8.4/../../../../arm-none-eabi/lib/armv6-m/crt0.o
LOAD ./driver_code/mpu6050.o
LOAD ./Static_Code/System/PE_low_level_init.o
LOAD ./Sources/Events.o
LOAD ./Sources/main.o
LOAD ./Sources/os_tasks.o
LOAD ./Sources/rtos_main_task.o
LOAD ./SDK/rtos/FreeRTOS/src/croutine.o
LOAD ./SDK/rtos/FreeRTOS/src/event_groups.o
LOAD ./SDK/rtos/FreeRTOS/src/heap_1.o
LOAD ./SDK/rtos/FreeRTOS/src/heap_2.o
LOAD ./SDK/rtos/FreeRTOS/src/heap_3.o
LOAD ./SDK/rtos/FreeRTOS/src/heap_4.o
LOAD ./SDK/rtos/FreeRTOS/src/heap_5.o
LOAD ./SDK/rtos/FreeRTOS/src/list.o
LOAD ./SDK/rtos/FreeRTOS/src/queue.o
LOAD ./SDK/rtos/FreeRTOS/src/tasks.o
LOAD ./SDK/rtos/FreeRTOS/src/timers.o
LOAD ./SDK/rtos/FreeRTOS/port/gcc/port.o
LOAD ./SDK/rtos/FreeRTOS/port/gcc/portasm.o
LOAD ./SDK/platform/utilities/src/fsl_debug_console.o
LOAD ./SDK/platform/utilities/src/fsl_misc_utilities.o
LOAD ./SDK/platform/utilities/src/print_scan.o
LOAD ./SDK/platform/system/src/interrupt/fsl_interrupt_manager.o
LOAD ./SDK/platform/system/src/clock/MKL25Z4/fsl_clock_MKL25Z4.o
LOAD ./SDK/platform/system/src/clock/fsl_clock_manager.o
LOAD ./SDK/platform/system/src/clock/fsl_clock_manager_common.o
LOAD ./SDK/platform/osa/src/fsl_os_abstraction_free_rtos.o
LOAD ./SDK/platform/hal/src/uart/fsl_uart_hal.o
LOAD ./SDK/platform/hal/src/sim/MKL25Z4/fsl_sim_hal_MKL25Z4.o
LOAD ./SDK/platform/hal/src/rtc/fsl_rtc_hal.o
LOAD ./SDK/platform/hal/src/port/fsl_port_hal.o
LOAD ./SDK/platform/hal/src/osc/fsl_osc_hal.o
LOAD ./SDK/platform/hal/src/mcg/fsl_mcg_hal.o
LOAD ./SDK/platform/hal/src/mcg/fsl_mcg_hal_modes.o
LOAD ./SDK/platform/hal/src/lpsci/fsl_lpsci_hal.o
LOAD ./SDK/platform/hal/src/i2c/fsl_i2c_hal.o
LOAD ./SDK/platform/drivers/src/rtc/fsl_rtc_common.o
LOAD ./SDK/platform/drivers/src/i2c/fsl_i2c_common.o
LOAD ./SDK/platform/drivers/src/i2c/fsl_i2c_master_driver.o
LOAD ./SDK/platform/drivers/src/i2c/fsl_i2c_shared_function.o
LOAD ./SDK/platform/drivers/src/i2c/fsl_i2c_slave_driver.o
LOAD ./SDK/platform/devices/MKL25Z4/startup/gcc/startup_MKL25Z4.o
LOAD ./SDK/platform/devices/MKL25Z4/startup/system_MKL25Z4.o
LOAD ./SDK/platform/devices/startup.o
LOAD ./Generated_Code/Cpu.o
LOAD ./Generated_Code/MainTask.o
LOAD ./Generated_Code/Task1.o
LOAD ./Generated_Code/clockMan1.o
LOAD ./Generated_Code/free_rtos.o
LOAD ./Generated_Code/hardware_init.o
LOAD ./Generated_Code/i2cCom1.o
LOAD ./Generated_Code/osa1.o
LOAD ./Generated_Code/pin_init.o
LOAD c:/freescale/kds_v3/toolchain/bin/../lib/gcc/arm-none-eabi/4.8.4/../../../../arm-none-eabi/lib/armv6-m\libstdc++_s.a
LOAD c:/freescale/kds_v3/toolchain/bin/../lib/gcc/arm-none-eabi/4.8.4/../../../../arm-none-eabi/lib/armv6-m\libm.a
START GROUP
LOAD c:/freescale/kds_v3/toolchain/bin/../lib/gcc/arm-none-eabi/4.8.4/armv6-m\libgcc.a
LOAD c:/freescale/kds_v3/toolchain/bin/../lib/gcc/arm-none-eabi/4.8.4/../../../../arm-none-eabi/lib/armv6-m\libg_s.a
LOAD c:/freescale/kds_v3/toolchain/bin/../lib/gcc/arm-none-eabi/4.8.4/../../../../arm-none-eabi/lib/armv6-m\libc_s.a
END GROUP
START GROUP
LOAD c:/freescale/kds_v3/toolchain/bin/../lib/gcc/arm-none-eabi/4.8.4/armv6-m\libgcc.a
LOAD c:/freescale/kds_v3/toolchain/bin/../lib/gcc/arm-none-eabi/4.8.4/../../../../arm-none-eabi/lib/armv6-m\libc_s.a
LOAD c:/freescale/kds_v3/toolchain/bin/../lib/gcc/arm-none-eabi/4.8.4/../../../../arm-none-eabi/lib/armv6-m\libnosys.a
END GROUP
START GROUP
LOAD c:/freescale/kds_v3/toolchain/bin/../lib/gcc/arm-none-eabi/4.8.4/armv6-m\libgcc.a
LOAD c:/freescale/kds_v3/toolchain/bin/../lib/gcc/arm-none-eabi/4.8.4/../../../../arm-none-eabi/lib/armv6-m\libc_s.a
LOAD c:/freescale/kds_v3/toolchain/bin/../lib/gcc/arm-none-eabi/4.8.4/../../../../arm-none-eabi/lib/armv6-m\libnosys.a
END GROUP
LOAD c:/freescale/kds_v3/toolchain/bin/../lib/gcc/arm-none-eabi/4.8.4/armv6-m/crtend.o
LOAD c:/freescale/kds_v3/toolchain/bin/../lib/gcc/arm-none-eabi/4.8.4/armv6-m/crtn.o
                0x00000000                HEAP_SIZE = DEFINED (__heap_size__)?__heap_size__:0x0
                0x00000400                STACK_SIZE = DEFINED (__stack_size__)?__stack_size__:0x400

.interrupts     0x00000000       0xc0
                0x00000000                __VECTOR_TABLE = .
                0x00000000                . = ALIGN (0x4)
 *(.isr_vector)
 .isr_vector    0x00000000       0xc0 ./SDK/platform/devices/MKL25Z4/startup/gcc/startup_MKL25Z4.o
                0x00000000                __isr_vector
                0x000000c0                . = ALIGN (0x4)
                0x1ffff000                __VECTOR_RAM = ORIGIN (m_interrupts_ram)

.flash_config   0x00000400       0x10
                0x00000400                . = ALIGN (0x4)
 *(.FlashConfig)
 .FlashConfig   0x00000400       0x10 ./SDK/platform/devices/MKL25Z4/startup/gcc/startup_MKL25Z4.o
                0x00000410                . = ALIGN (0x4)

.text           0x00000410     0x6020
                0x00000410                . = ALIGN (0x4)
 *(.text)
 .text          0x00000410       0x60 c:/freescale/kds_v3/toolchain/bin/../lib/gcc/arm-none-eabi/4.8.4/armv6-m/crtbegin.o
 .text          0x00000470       0x78 c:/freescale/kds_v3/toolchain/bin/../lib/gcc/arm-none-eabi/4.8.4/../../../../arm-none-eabi/lib/armv6-m/crt0.o
                0x00000470                _start
                0x00000470                _mainCRTStartup
 .text          0x000004e8       0x18 ./SDK/platform/devices/MKL25Z4/startup/gcc/startup_MKL25Z4.o
                0x000004e8                Reset_Handler
                0x000004f8                HardFault_Handler
                0x000004f8                NMI_Handler
                0x000004f8                UART1_IRQHandler
                0x000004f8                DMA2_IRQHandler
                0x000004f8                TPM0_IRQHandler
                0x000004f8                LLWU_IRQHandler
                0x000004f8                TSI0_IRQHandler
                0x000004f8                UART0_IRQHandler
                0x000004f8                ADC0_IRQHandler
                0x000004f8                Reserved39_IRQHandler
                0x000004f8                SPI1_IRQHandler
                0x000004f8                DefaultISR
                0x000004f8                PORTD_IRQHandler
                0x000004f8                TPM2_IRQHandler
                0x000004f8                RTC_IRQHandler
                0x000004f8                I2C0_IRQHandler
                0x000004f8                RTC_Seconds_IRQHandler
                0x000004f8                MCG_IRQHandler
                0x000004f8                UART2_IRQHandler
                0x000004f8                Reserved20_IRQHandler
                0x000004f8                USB0_IRQHandler
                0x000004f8                PIT_IRQHandler
                0x000004f8                DMA3_IRQHandler
                0x000004f8                DMA0_IRQHandler
                0x000004f8                DAC0_IRQHandler
                0x000004f8                Reserved45_IRQHandler
                0x000004f8                TPM1_IRQHandler
                0x000004f8                LVD_LVW_IRQHandler
                0x000004f8                SPI0_IRQHandler
                0x000004f8                PORTA_IRQHandler
                0x000004f8                FTFA_IRQHandler
                0x000004f8                LPTMR0_IRQHandler
                0x000004f8                CMP0_IRQHandler
                0x000004f8                DMA1_IRQHandler
 .text          0x00000500       0x9c c:/freescale/kds_v3/toolchain/bin/../lib/gcc/arm-none-eabi/4.8.4/armv6-m\libgcc.a(_udivsi3.o)
                0x00000500                __aeabi_uidiv
                0x00000500                __udivsi3
                0x00000588                __aeabi_uidivmod
 .text          0x0000059c        0x4 c:/freescale/kds_v3/toolchain/bin/../lib/gcc/arm-none-eabi/4.8.4/armv6-m\libgcc.a(_dvmd_tls.o)
                0x0000059c                __aeabi_idiv0
                0x0000059c                __aeabi_ldiv0
 .text          0x000005a0       0x34 c:/freescale/kds_v3/toolchain/bin/../lib/gcc/arm-none-eabi/4.8.4/../../../../arm-none-eabi/lib/armv6-m\libg_s.a(lib_a-setjmp.o)
                0x000005a0                setjmp
                0x000005b8                longjmp
 *(.text*)
 .text.MPU6050_Init
                0x000005d4       0x4c ./driver_code/mpu6050.o
                0x000005d4                MPU6050_Init
 .text.MPU6050_WhoAmI
                0x00000620       0x38 ./driver_code/mpu6050.o
                0x00000620                MPU6050_WhoAmI
 .text.init_example
                0x00000658       0x18 ./driver_code/mpu6050.o
                0x00000658                init_example
 .text.PEX_components_init
                0x00000670        0xc ./Static_Code/System/PE_low_level_init.o
                0x00000670                PEX_components_init
 .text.PE_low_level_init
                0x0000067c       0x10 ./Static_Code/System/PE_low_level_init.o
                0x0000067c                PE_low_level_init
 .text.I2C1_IRQHandler
                0x0000068c       0x10 ./Sources/Events.o
                0x0000068c                I2C1_IRQHandler
 .text.main     0x0000069c       0x14 ./Sources/main.o
                0x0000069c                main
 .text.Task1_task
                0x000006b0       0x10 ./Sources/os_tasks.o
                0x000006b0                Task1_task
 .text.main_task
                0x000006c0       0x4c ./Sources/rtos_main_task.o
                0x000006c0                main_task
 .text.xEventGroupSetBits
                0x0000070c       0xf8 ./SDK/rtos/FreeRTOS/src/event_groups.o
                0x0000070c                xEventGroupSetBits
 .text.vEventGroupSetBitsCallback
                0x00000804       0x1c ./SDK/rtos/FreeRTOS/src/event_groups.o
                0x00000804                vEventGroupSetBitsCallback
 .text.pvPortMalloc
                0x00000820      0x118 ./SDK/rtos/FreeRTOS/src/heap_2.o
                0x00000820                pvPortMalloc
 .text.vPortFree
                0x00000938       0x70 ./SDK/rtos/FreeRTOS/src/heap_2.o
                0x00000938                vPortFree
 .text.prvHeapInit
                0x000009a8       0x4c ./SDK/rtos/FreeRTOS/src/heap_2.o
 .text.vListInitialise
                0x000009f4       0x3c ./SDK/rtos/FreeRTOS/src/list.o
                0x000009f4                vListInitialise
 .text.vListInitialiseItem
                0x00000a30       0x14 ./SDK/rtos/FreeRTOS/src/list.o
                0x00000a30                vListInitialiseItem
 .text.vListInsertEnd
                0x00000a44       0x44 ./SDK/rtos/FreeRTOS/src/list.o
                0x00000a44                vListInsertEnd
 .text.vListInsert
                0x00000a88       0x6c ./SDK/rtos/FreeRTOS/src/list.o
                0x00000a88                vListInsert
 .text.uxListRemove
                0x00000af4       0x50 ./SDK/rtos/FreeRTOS/src/list.o
                0x00000af4                uxListRemove
 .text.xQueueGenericReset
                0x00000b44       0xac ./SDK/rtos/FreeRTOS/src/queue.o
                0x00000b44                xQueueGenericReset
 .text.xQueueGenericCreate
                0x00000bf0       0x94 ./SDK/rtos/FreeRTOS/src/queue.o
                0x00000bf0                xQueueGenericCreate
 .text.xQueueCreateCountingSemaphore
                0x00000c84       0x58 ./SDK/rtos/FreeRTOS/src/queue.o
                0x00000c84                xQueueCreateCountingSemaphore
 .text.xQueueGenericSend
                0x00000cdc      0x198 ./SDK/rtos/FreeRTOS/src/queue.o
                0x00000cdc                xQueueGenericSend
 .text.xQueueGenericSendFromISR
                0x00000e74       0xd8 ./SDK/rtos/FreeRTOS/src/queue.o
                0x00000e74                xQueueGenericSendFromISR
 .text.xQueueGiveFromISR
                0x00000f4c       0x9c ./SDK/rtos/FreeRTOS/src/queue.o
                0x00000f4c                xQueueGiveFromISR
 .text.xQueueGenericReceive
                0x00000fe8      0x1c4 ./SDK/rtos/FreeRTOS/src/queue.o
                0x00000fe8                xQueueGenericReceive
 .text.prvCopyDataToQueue
                0x000011ac       0xe0 ./SDK/rtos/FreeRTOS/src/queue.o
 .text.prvCopyDataFromQueue
                0x0000128c       0x50 ./SDK/rtos/FreeRTOS/src/queue.o
 .text.prvUnlockQueue
                0x000012dc       0x98 ./SDK/rtos/FreeRTOS/src/queue.o
 .text.prvIsQueueEmpty
                0x00001374       0x2c ./SDK/rtos/FreeRTOS/src/queue.o
 .text.prvIsQueueFull
                0x000013a0       0x30 ./SDK/rtos/FreeRTOS/src/queue.o
 .text.vQueueWaitForMessageRestricted
                0x000013d0       0x58 ./SDK/rtos/FreeRTOS/src/queue.o
                0x000013d0                vQueueWaitForMessageRestricted
 .text.xTaskGenericCreate
                0x00001428      0x170 ./SDK/rtos/FreeRTOS/src/tasks.o
                0x00001428                xTaskGenericCreate
 .text.vTaskDelay
                0x00001598       0x68 ./SDK/rtos/FreeRTOS/src/tasks.o
                0x00001598                vTaskDelay
 .text.vTaskStartScheduler
                0x00001600       0x78 ./SDK/rtos/FreeRTOS/src/tasks.o
                0x00001600                vTaskStartScheduler
 .text.vTaskSuspendAll
                0x00001678       0x18 ./SDK/rtos/FreeRTOS/src/tasks.o
                0x00001678                vTaskSuspendAll
 .text.xTaskResumeAll
                0x00001690      0x10c ./SDK/rtos/FreeRTOS/src/tasks.o
                0x00001690                xTaskResumeAll
 .text.xTaskGetTickCount
                0x0000179c       0x24 ./SDK/rtos/FreeRTOS/src/tasks.o
                0x0000179c                xTaskGetTickCount
 .text.xTaskIncrementTick
                0x000017c0      0x16c ./SDK/rtos/FreeRTOS/src/tasks.o
                0x000017c0                xTaskIncrementTick
 .text.vTaskSwitchContext
                0x0000192c       0xa0 ./SDK/rtos/FreeRTOS/src/tasks.o
                0x0000192c                vTaskSwitchContext
 .text.vTaskPlaceOnEventList
                0x000019cc       0x70 ./SDK/rtos/FreeRTOS/src/tasks.o
                0x000019cc                vTaskPlaceOnEventList
 .text.vTaskPlaceOnEventListRestricted
                0x00001a3c       0x54 ./SDK/rtos/FreeRTOS/src/tasks.o
                0x00001a3c                vTaskPlaceOnEventListRestricted
 .text.xTaskRemoveFromEventList
                0x00001a90       0xb8 ./SDK/rtos/FreeRTOS/src/tasks.o
                0x00001a90                xTaskRemoveFromEventList
 .text.xTaskRemoveFromUnorderedEventList
                0x00001b48       0xb4 ./SDK/rtos/FreeRTOS/src/tasks.o
                0x00001b48                xTaskRemoveFromUnorderedEventList
 .text.vTaskSetTimeOutState
                0x00001bfc       0x34 ./SDK/rtos/FreeRTOS/src/tasks.o
                0x00001bfc                vTaskSetTimeOutState
 .text.xTaskCheckForTimeOut
                0x00001c30       0xa0 ./SDK/rtos/FreeRTOS/src/tasks.o
                0x00001c30                xTaskCheckForTimeOut
 .text.vTaskMissedYield
                0x00001cd0       0x14 ./SDK/rtos/FreeRTOS/src/tasks.o
                0x00001cd0                vTaskMissedYield
 .text.prvIdleTask
                0x00001ce4       0x20 ./SDK/rtos/FreeRTOS/src/tasks.o
 .text.prvInitialiseTCBVariables
                0x00001d04       0xa4 ./SDK/rtos/FreeRTOS/src/tasks.o
 .text.prvInitialiseTaskLists
                0x00001da8       0x88 ./SDK/rtos/FreeRTOS/src/tasks.o
 .text.prvCheckTasksWaitingTermination
                0x00001e30       0x74 ./SDK/rtos/FreeRTOS/src/tasks.o
 .text.prvAddCurrentTaskToDelayedList
                0x00001ea4       0x6c ./SDK/rtos/FreeRTOS/src/tasks.o
 .text.prvAllocateTCBAndStack
                0x00001f10       0x78 ./SDK/rtos/FreeRTOS/src/tasks.o
 .text.prvDeleteTCB
                0x00001f88       0x20 ./SDK/rtos/FreeRTOS/src/tasks.o
 .text.prvResetNextTaskUnblockTime
                0x00001fa8       0x44 ./SDK/rtos/FreeRTOS/src/tasks.o
 .text.xTaskGetSchedulerState
                0x00001fec       0x38 ./SDK/rtos/FreeRTOS/src/tasks.o
                0x00001fec                xTaskGetSchedulerState
 .text.vTaskPriorityInherit
                0x00002024       0xbc ./SDK/rtos/FreeRTOS/src/tasks.o
                0x00002024                vTaskPriorityInherit
 .text.xTaskPriorityDisinherit
                0x000020e0       0xa8 ./SDK/rtos/FreeRTOS/src/tasks.o
                0x000020e0                xTaskPriorityDisinherit
 .text.pvTaskIncrementMutexHeldCount
                0x00002188       0x24 ./SDK/rtos/FreeRTOS/src/tasks.o
                0x00002188                pvTaskIncrementMutexHeldCount
 .text.xTimerCreateTimerTask
                0x000021ac       0x5c ./SDK/rtos/FreeRTOS/src/timers.o
                0x000021ac                xTimerCreateTimerTask
 .text.xTimerGenericCommand
                0x00002208       0xa0 ./SDK/rtos/FreeRTOS/src/timers.o
                0x00002208                xTimerGenericCommand
 .text.prvProcessExpiredTimer
                0x000022a8       0x78 ./SDK/rtos/FreeRTOS/src/timers.o
 .text.prvTimerTask
                0x00002320       0x28 ./SDK/rtos/FreeRTOS/src/timers.o
 .text.prvProcessTimerOrBlockTask
                0x00002348       0x74 ./SDK/rtos/FreeRTOS/src/timers.o
 .text.prvGetNextExpireTime
                0x000023bc       0x40 ./SDK/rtos/FreeRTOS/src/timers.o
 .text.prvSampleTimeNow
                0x000023fc       0x40 ./SDK/rtos/FreeRTOS/src/timers.o
 .text.prvInsertTimerInActiveList
                0x0000243c       0x84 ./SDK/rtos/FreeRTOS/src/timers.o
 .text.prvProcessReceivedCommands
                0x000024c0      0x144 ./SDK/rtos/FreeRTOS/src/timers.o
 .text.prvSwitchTimerLists
                0x00002604       0xb8 ./SDK/rtos/FreeRTOS/src/timers.o
 .text.prvCheckForValidListAndQueue
                0x000026bc       0x68 ./SDK/rtos/FreeRTOS/src/timers.o
 .text.xTimerPendFunctionCallFromISR
                0x00002724       0x58 ./SDK/rtos/FreeRTOS/src/timers.o
                0x00002724                xTimerPendFunctionCallFromISR
 .text.prvTaskExitError
                0x0000277c       0x1c ./SDK/rtos/FreeRTOS/port/gcc/port.o
                0x0000277c                prvTaskExitError
 .text.pxPortInitialiseStack
                0x00002798       0x54 ./SDK/rtos/FreeRTOS/port/gcc/port.o
                0x00002798                pxPortInitialiseStack
 .text.vPortInitTickTimer
                0x000027ec       0x3c ./SDK/rtos/FreeRTOS/port/gcc/port.o
                0x000027ec                vPortInitTickTimer
 .text.vPortStartTickTimer
                0x00002828       0x14 ./SDK/rtos/FreeRTOS/port/gcc/port.o
                0x00002828                vPortStartTickTimer
 .text.xPortStartScheduler
                0x0000283c       0x4c ./SDK/rtos/FreeRTOS/port/gcc/port.o
                0x0000283c                xPortStartScheduler
 .text.vPortEnterCritical
                0x00002888       0x24 ./SDK/rtos/FreeRTOS/port/gcc/port.o
                0x00002888                vPortEnterCritical
 .text.vPortExitCritical
                0x000028ac       0x24 ./SDK/rtos/FreeRTOS/port/gcc/port.o
                0x000028ac                vPortExitCritical
 .text.vPortYieldFromISR
                0x000028d0       0x1c ./SDK/rtos/FreeRTOS/port/gcc/port.o
                0x000028d0                vPortYieldFromISR
 .text.SysTick_Handler
                0x000028ec       0x20 ./SDK/rtos/FreeRTOS/port/gcc/port.o
                0x000028ec                SysTick_Handler
 .text.vPortStartFirstTask
                0x0000290c       0x1c ./SDK/rtos/FreeRTOS/port/gcc/port.o
                0x0000290c                vPortStartFirstTask
 .text.SVC_Handler
                0x00002928       0x28 ./SDK/rtos/FreeRTOS/port/gcc/port.o
                0x00002928                SVC_Handler
 .text.PendSV_Handler
                0x00002950       0x44 ./SDK/rtos/FreeRTOS/port/gcc/port.o
                0x00002950                PendSV_Handler
 .text.ulPortSetInterruptMask
                0x00002994        0xc ./SDK/rtos/FreeRTOS/port/gcc/port.o
                0x00002994                ulPortSetInterruptMask
 .text.vPortClearInterruptMask
                0x000029a0        0x8 ./SDK/rtos/FreeRTOS/port/gcc/port.o
                0x000029a0                vPortClearInterruptMask
 .text._write   0x000029a8       0x5c ./SDK/platform/utilities/src/fsl_debug_console.o
                0x000029a8                _write
 .text._read    0x00002a04       0x48 ./SDK/platform/utilities/src/fsl_debug_console.o
                0x00002a04                _read
 .text._sbrk    0x00002a4c       0x5c ./SDK/platform/utilities/src/fsl_misc_utilities.o
                0x00002a4c                _sbrk
 .text.SIM_HAL_EnableClock
                0x00002aa8       0x58 ./SDK/platform/system/src/clock/MKL25Z4/fsl_clock_MKL25Z4.o
 .text.CLOCK_HAL_GetOutDiv1
                0x00002b00       0x28 ./SDK/platform/system/src/clock/MKL25Z4/fsl_clock_MKL25Z4.o
 .text.CLOCK_HAL_GetOutDiv4
                0x00002b28       0x28 ./SDK/platform/system/src/clock/MKL25Z4/fsl_clock_MKL25Z4.o
 .text.CLOCK_SYS_GetSystemClockFreq
                0x00002b50       0x34 ./SDK/platform/system/src/clock/MKL25Z4/fsl_clock_MKL25Z4.o
                0x00002b50                CLOCK_SYS_GetSystemClockFreq
 .text.CLOCK_SYS_GetBusClockFreq
                0x00002b84       0x2c ./SDK/platform/system/src/clock/MKL25Z4/fsl_clock_MKL25Z4.o
                0x00002b84                CLOCK_SYS_GetBusClockFreq
 .text.CLOCK_SYS_GetI2cFreq
                0x00002bb0       0x28 ./SDK/platform/system/src/clock/MKL25Z4/fsl_clock_MKL25Z4.o
                0x00002bb0                CLOCK_SYS_GetI2cFreq
 .text.CLOCK_SYS_EnableI2cClock
                0x00002bd8       0x4c ./SDK/platform/system/src/clock/MKL25Z4/fsl_clock_MKL25Z4.o
                0x00002bd8                CLOCK_SYS_EnableI2cClock
 .text.OSA_SemaCreate
                0x00002c24       0x58 ./SDK/platform/osa/src/fsl_os_abstraction_free_rtos.o
                0x00002c24                OSA_SemaCreate
 .text.OSA_SemaWait
                0x00002c7c       0x78 ./SDK/platform/osa/src/fsl_os_abstraction_free_rtos.o
                0x00002c7c                OSA_SemaWait
 .text.OSA_SemaphorePostFromTask
                0x00002cf4       0x2c ./SDK/platform/osa/src/fsl_os_abstraction_free_rtos.o
 .text.OSA_SemaphorePostFromISR
                0x00002d20       0x3c ./SDK/platform/osa/src/fsl_os_abstraction_free_rtos.o
 .text.OSA_SemaPost
                0x00002d5c       0x54 ./SDK/platform/osa/src/fsl_os_abstraction_free_rtos.o
                0x00002d5c                OSA_SemaPost
 .text.OSA_EventSet
                0x00002db0       0x74 ./SDK/platform/osa/src/fsl_os_abstraction_free_rtos.o
                0x00002db0                OSA_EventSet
 .text.OSA_TaskCreate
                0x00002e24       0x50 ./SDK/platform/osa/src/fsl_os_abstraction_free_rtos.o
                0x00002e24                OSA_TaskCreate
 .text.OSA_TimeDelay
                0x00002e74       0x2c ./SDK/platform/osa/src/fsl_os_abstraction_free_rtos.o
                0x00002e74                OSA_TimeDelay
 .text.OSA_Init
                0x00002ea0        0xc ./SDK/platform/osa/src/fsl_os_abstraction_free_rtos.o
                0x00002ea0                OSA_Init
 .text.OSA_Start
                0x00002eac       0x10 ./SDK/platform/osa/src/fsl_os_abstraction_free_rtos.o
                0x00002eac                OSA_Start
 .text.CLOCK_HAL_GetClkOutStat
                0x00002ebc       0x20 ./SDK/platform/hal/src/mcg/fsl_mcg_hal.o
 .text.CLOCK_HAL_IsPllSelected
                0x00002edc       0x24 ./SDK/platform/hal/src/mcg/fsl_mcg_hal.o
 .text.CLOCK_HAL_GetMcgExternalClkFreq
                0x00002f00       0x18 ./SDK/platform/hal/src/mcg/fsl_mcg_hal.o
 .text.CLOCK_HAL_TestFllExternalRefFreq
                0x00002f18       0x7c ./SDK/platform/hal/src/mcg/fsl_mcg_hal.o
                0x00002f18                CLOCK_HAL_TestFllExternalRefFreq
 .text.CLOCK_HAL_GetFllRefClk
                0x00002f94       0x8c ./SDK/platform/hal/src/mcg/fsl_mcg_hal.o
                0x00002f94                CLOCK_HAL_GetFllRefClk
 .text.CLOCK_HAL_TestFllFreq
                0x00003020       0x6c ./SDK/platform/hal/src/mcg/fsl_mcg_hal.o
                0x00003020                CLOCK_HAL_TestFllFreq
 .text.CLOCK_HAL_GetFllClk
                0x0000308c       0x7c ./SDK/platform/hal/src/mcg/fsl_mcg_hal.o
                0x0000308c                CLOCK_HAL_GetFllClk
 .text.CLOCK_HAL_GetPll0RefFreq
                0x00003108       0x1c ./SDK/platform/hal/src/mcg/fsl_mcg_hal.o
                0x00003108                CLOCK_HAL_GetPll0RefFreq
 .text.CLOCK_HAL_GetPll0Clk
                0x00003124       0x90 ./SDK/platform/hal/src/mcg/fsl_mcg_hal.o
                0x00003124                CLOCK_HAL_GetPll0Clk
 .text.CLOCK_HAL_GetInternalRefClk
                0x000031b4       0x64 ./SDK/platform/hal/src/mcg/fsl_mcg_hal.o
                0x000031b4                CLOCK_HAL_GetInternalRefClk
 .text.CLOCK_HAL_GetOutClk
                0x00003218       0x7c ./SDK/platform/hal/src/mcg/fsl_mcg_hal.o
                0x00003218                CLOCK_HAL_GetOutClk
 .text.I2C_HAL_GetStatusFlag
                0x00003294       0x34 ./SDK/platform/hal/src/i2c/fsl_i2c_hal.o
 .text.I2C_HAL_Init
                0x000032c8       0x50 ./SDK/platform/hal/src/i2c/fsl_i2c_hal.o
                0x000032c8                I2C_HAL_Init
 .text.I2C_HAL_SetBaudRate
                0x00003318       0xe0 ./SDK/platform/hal/src/i2c/fsl_i2c_hal.o
                0x00003318                I2C_HAL_SetBaudRate
 .text.I2C_HAL_SendStart
                0x000033f8       0x8c ./SDK/platform/hal/src/i2c/fsl_i2c_hal.o
                0x000033f8                I2C_HAL_SendStart
 .text.I2C_HAL_SendStop
                0x00003484       0x78 ./SDK/platform/hal/src/i2c/fsl_i2c_hal.o
                0x00003484                I2C_HAL_SendStop
 .text.NVIC_EnableIRQ
                0x000034fc       0x2c ./SDK/platform/drivers/src/i2c/fsl_i2c_master_driver.o
 .text.I2C_HAL_Enable
                0x00003528       0x1c ./SDK/platform/drivers/src/i2c/fsl_i2c_master_driver.o
 .text.I2C_HAL_SendAck
                0x00003544       0x1c ./SDK/platform/drivers/src/i2c/fsl_i2c_master_driver.o
 .text.I2C_HAL_SendNak
                0x00003560       0x1c ./SDK/platform/drivers/src/i2c/fsl_i2c_master_driver.o
 .text.I2C_HAL_SetDirMode
                0x0000357c       0x28 ./SDK/platform/drivers/src/i2c/fsl_i2c_master_driver.o
 .text.I2C_HAL_GetDirMode
                0x000035a4       0x20 ./SDK/platform/drivers/src/i2c/fsl_i2c_master_driver.o
 .text.I2C_HAL_ReadByte
                0x000035c4       0x18 ./SDK/platform/drivers/src/i2c/fsl_i2c_master_driver.o
 .text.I2C_HAL_WriteByte
                0x000035dc       0x1c ./SDK/platform/drivers/src/i2c/fsl_i2c_master_driver.o
 .text.I2C_HAL_GetStatusFlag
                0x000035f8       0x34 ./SDK/platform/drivers/src/i2c/fsl_i2c_master_driver.o
 .text.I2C_HAL_IsMaster
                0x0000362c       0x24 ./SDK/platform/drivers/src/i2c/fsl_i2c_master_driver.o
 .text.I2C_HAL_ClearArbitrationLost
                0x00003650       0x14 ./SDK/platform/drivers/src/i2c/fsl_i2c_master_driver.o
 .text.I2C_HAL_SetIntCmd
                0x00003664       0x28 ./SDK/platform/drivers/src/i2c/fsl_i2c_master_driver.o
 .text.I2C_HAL_ClearInt
                0x0000368c       0x14 ./SDK/platform/drivers/src/i2c/fsl_i2c_master_driver.o
 .text.INT_SYS_EnableIRQ
                0x000036a0       0x5c ./SDK/platform/drivers/src/i2c/fsl_i2c_master_driver.o
 .text.I2C_DRV_MasterInit
                0x000036fc       0xc4 ./SDK/platform/drivers/src/i2c/fsl_i2c_master_driver.o
                0x000036fc                I2C_DRV_MasterInit
 .text.I2C_DRV_MasterSetBaudRate
                0x000037c0       0x98 ./SDK/platform/drivers/src/i2c/fsl_i2c_master_driver.o
                0x000037c0                I2C_DRV_MasterSetBaudRate
 .text.I2C_DRV_MasterSendDataBlocking
                0x00003858       0x34 ./SDK/platform/drivers/src/i2c/fsl_i2c_master_driver.o
                0x00003858                I2C_DRV_MasterSendDataBlocking
 .text.I2C_DRV_MasterReceiveDataBlocking
                0x0000388c       0x34 ./SDK/platform/drivers/src/i2c/fsl_i2c_master_driver.o
                0x0000388c                I2C_DRV_MasterReceiveDataBlocking
 .text.I2C_DRV_MasterIRQHandler
                0x000038c0      0x180 ./SDK/platform/drivers/src/i2c/fsl_i2c_master_driver.o
                0x000038c0                I2C_DRV_MasterIRQHandler
 .text.I2C_DRV_MasterWait
                0x00003a40       0x78 ./SDK/platform/drivers/src/i2c/fsl_i2c_master_driver.o
 .text.I2C_DRV_CompleteTransfer
                0x00003ab8       0x98 ./SDK/platform/drivers/src/i2c/fsl_i2c_master_driver.o
 .text.I2C_DRV_SendAddress
                0x00003b50      0x228 ./SDK/platform/drivers/src/i2c/fsl_i2c_master_driver.o
 .text.I2C_DRV_MasterSend
                0x00003d78      0x1ac ./SDK/platform/drivers/src/i2c/fsl_i2c_master_driver.o
 .text.I2C_DRV_MasterReceive
                0x00003f24      0x1bc ./SDK/platform/drivers/src/i2c/fsl_i2c_master_driver.o
 .text.I2C_HAL_GetStatusFlag
                0x000040e0       0x34 ./SDK/platform/drivers/src/i2c/fsl_i2c_shared_function.o
 .text.I2C_HAL_IsMaster
                0x00004114       0x24 ./SDK/platform/drivers/src/i2c/fsl_i2c_shared_function.o
 .text.I2C_DRV_IRQHandler
                0x00004138       0x78 ./SDK/platform/drivers/src/i2c/fsl_i2c_shared_function.o
                0x00004138                I2C_DRV_IRQHandler
 .text.I2C_HAL_SetDirMode
                0x000041b0       0x28 ./SDK/platform/drivers/src/i2c/fsl_i2c_slave_driver.o
 .text.I2C_HAL_GetDirMode
                0x000041d8       0x20 ./SDK/platform/drivers/src/i2c/fsl_i2c_slave_driver.o
 .text.I2C_HAL_ReadByte
                0x000041f8       0x18 ./SDK/platform/drivers/src/i2c/fsl_i2c_slave_driver.o
 .text.I2C_HAL_WriteByte
                0x00004210       0x1c ./SDK/platform/drivers/src/i2c/fsl_i2c_slave_driver.o
 .text.I2C_HAL_GetStatusFlag
                0x0000422c       0x34 ./SDK/platform/drivers/src/i2c/fsl_i2c_slave_driver.o
 .text.I2C_HAL_SetIntCmd
                0x00004260       0x28 ./SDK/platform/drivers/src/i2c/fsl_i2c_slave_driver.o
 .text.I2C_HAL_ClearInt
                0x00004288       0x14 ./SDK/platform/drivers/src/i2c/fsl_i2c_slave_driver.o
 .text.I2C_HAL_GetStopFlag
                0x0000429c       0x24 ./SDK/platform/drivers/src/i2c/fsl_i2c_slave_driver.o
 .text.I2C_HAL_ClearStopFlag
                0x000042c0       0x1c ./SDK/platform/drivers/src/i2c/fsl_i2c_slave_driver.o
 .text.I2C_HAL_GetStopIntCmd
                0x000042dc       0x24 ./SDK/platform/drivers/src/i2c/fsl_i2c_slave_driver.o
 .text.I2C_DRV_SlaveIRQHandler
                0x00004300      0x370 ./SDK/platform/drivers/src/i2c/fsl_i2c_slave_driver.o
                0x00004300                I2C_DRV_SlaveIRQHandler
 .text.SystemInit
                0x00004670      0x178 ./SDK/platform/devices/MKL25Z4/startup/system_MKL25Z4.o
                0x00004670                SystemInit
 .text.init_data_bss
                0x000047e8       0xc8 ./SDK/platform/devices/startup.o
                0x000047e8                init_data_bss
 .text.Components_Init
                0x000048b0       0x28 ./Generated_Code/Cpu.o
                0x000048b0                Components_Init
 .text.MainTask_Init
                0x000048d8       0x4c ./Generated_Code/MainTask.o
                0x000048d8                MainTask_Init
 .text.Task1_Init
                0x00004924       0x4c ./Generated_Code/Task1.o
                0x00004924                Task1_Init
 .text.SIM_HAL_EnableClock
                0x00004970       0x58 ./Generated_Code/hardware_init.o
 .text.hardware_init
                0x000049c8       0x48 ./Generated_Code/hardware_init.o
                0x000049c8                hardware_init
 .text.PORT_HAL_SetMuxMode
                0x00004a10       0x4c ./Generated_Code/pin_init.o
 .text.init_i2c_pins
                0x00004a5c       0x34 ./Generated_Code/pin_init.o
                0x00004a5c                init_i2c_pins
 .text.init_osc_pins
                0x00004a90       0x2c ./Generated_Code/pin_init.o
                0x00004a90                init_osc_pins
 .text.init_rcm_pins
                0x00004abc       0x20 ./Generated_Code/pin_init.o
                0x00004abc                init_rcm_pins
 .text.init_swd_pins
                0x00004adc       0x2c ./Generated_Code/pin_init.o
                0x00004adc                init_swd_pins
 .text.__assert_func
                0x00004b08       0x3c c:/freescale/kds_v3/toolchain/bin/../lib/gcc/arm-none-eabi/4.8.4/../../../../arm-none-eabi/lib/armv6-m\libg_s.a(lib_a-assert.o)
                0x00004b08                __assert_func
 .text.__errno  0x00004b44        0xc c:/freescale/kds_v3/toolchain/bin/../lib/gcc/arm-none-eabi/4.8.4/../../../../arm-none-eabi/lib/armv6-m\libg_s.a(lib_a-errno.o)
                0x00004b44                __errno
 .text.exit     0x00004b50       0x2c c:/freescale/kds_v3/toolchain/bin/../lib/gcc/arm-none-eabi/4.8.4/../../../../arm-none-eabi/lib/armv6-m\libg_s.a(lib_a-exit.o)
                0x00004b50                exit
 .text.fprintf  0x00004b7c       0x24 c:/freescale/kds_v3/toolchain/bin/../lib/gcc/arm-none-eabi/4.8.4/../../../../arm-none-eabi/lib/armv6-m\libg_s.a(lib_a-fprintf.o)
                0x00004b7c                fiprintf
                0x00004b7c                fprintf
 .text.__libc_init_array
                0x00004ba0       0x4c c:/freescale/kds_v3/toolchain/bin/../lib/gcc/arm-none-eabi/4.8.4/../../../../arm-none-eabi/lib/armv6-m\libg_s.a(lib_a-init.o)
                0x00004ba0                __libc_init_array
 .text.memcpy   0x00004bec       0x12 c:/freescale/kds_v3/toolchain/bin/../lib/gcc/arm-none-eabi/4.8.4/../../../../arm-none-eabi/lib/armv6-m\libg_s.a(lib_a-memcpy-stub.o)
                0x00004bec                memcpy
 .text.memset   0x00004bfe       0x10 c:/freescale/kds_v3/toolchain/bin/../lib/gcc/arm-none-eabi/4.8.4/../../../../arm-none-eabi/lib/armv6-m\libg_s.a(lib_a-memset.o)
                0x00004bfe                memset
 .text.strlen   0x00004c0e        0xe c:/freescale/kds_v3/toolchain/bin/../lib/gcc/arm-none-eabi/4.8.4/../../../../arm-none-eabi/lib/armv6-m\libg_s.a(lib_a-strlen.o)
                0x00004c0e                strlen
 .text.__sfputc_r
                0x00004c1c       0x2a c:/freescale/kds_v3/toolchain/bin/../lib/gcc/arm-none-eabi/4.8.4/../../../../arm-none-eabi/lib/armv6-m\libg_s.a(lib_a-vfprintf.o)
 .text.__sfputs_r
                0x00004c46       0x24 c:/freescale/kds_v3/toolchain/bin/../lib/gcc/arm-none-eabi/4.8.4/../../../../arm-none-eabi/lib/armv6-m\libg_s.a(lib_a-vfprintf.o)
                0x00004c46                __sfputs_r
 *fill*         0x00004c6a        0x2 
 .text._vfprintf_r
                0x00004c6c      0x210 c:/freescale/kds_v3/toolchain/bin/../lib/gcc/arm-none-eabi/4.8.4/../../../../arm-none-eabi/lib/armv6-m\libg_s.a(lib_a-vfprintf.o)
                0x00004c6c                _vfprintf_r
                0x00004c6c                _vfiprintf_r
 .text._printf_common
                0x00004e7c       0xe8 c:/freescale/kds_v3/toolchain/bin/../lib/gcc/arm-none-eabi/4.8.4/../../../../arm-none-eabi/lib/armv6-m\libg_s.a(lib_a-vfprintf_i.o)
                0x00004e7c                _printf_common
 .text._printf_i
                0x00004f64      0x22c c:/freescale/kds_v3/toolchain/bin/../lib/gcc/arm-none-eabi/4.8.4/../../../../arm-none-eabi/lib/armv6-m\libg_s.a(lib_a-vfprintf_i.o)
                0x00004f64                _printf_i
 .text.__swbuf_r
                0x00005190       0xb0 c:/freescale/kds_v3/toolchain/bin/../lib/gcc/arm-none-eabi/4.8.4/../../../../arm-none-eabi/lib/armv6-m\libg_s.a(lib_a-wbuf.o)
                0x00005190                __swbuf_r
 .text.__swsetup_r
                0x00005240       0xe4 c:/freescale/kds_v3/toolchain/bin/../lib/gcc/arm-none-eabi/4.8.4/../../../../arm-none-eabi/lib/armv6-m\libg_s.a(lib_a-wsetup.o)
                0x00005240                __swsetup_r
 .text.abort    0x00005324        0xe c:/freescale/kds_v3/toolchain/bin/../lib/gcc/arm-none-eabi/4.8.4/../../../../arm-none-eabi/lib/armv6-m\libg_s.a(lib_a-abort.o)
                0x00005324                abort
 .text.__sflush_r
                0x00005332      0x112 c:/freescale/kds_v3/toolchain/bin/../lib/gcc/arm-none-eabi/4.8.4/../../../../arm-none-eabi/lib/armv6-m\libg_s.a(lib_a-fflush.o)
                0x00005332                __sflush_r
 .text._fflush_r
                0x00005444       0x58 c:/freescale/kds_v3/toolchain/bin/../lib/gcc/arm-none-eabi/4.8.4/../../../../arm-none-eabi/lib/armv6-m\libg_s.a(lib_a-fflush.o)
                0x00005444                _fflush_r
 .text._cleanup_r
                0x0000549c       0x34 c:/freescale/kds_v3/toolchain/bin/../lib/gcc/arm-none-eabi/4.8.4/../../../../arm-none-eabi/lib/armv6-m\libg_s.a(lib_a-findfp.o)
                0x0000549c                _cleanup_r
 .text.std.isra.0
                0x000054d0       0x48 c:/freescale/kds_v3/toolchain/bin/../lib/gcc/arm-none-eabi/4.8.4/../../../../arm-none-eabi/lib/armv6-m\libg_s.a(lib_a-findfp.o)
 .text.__sfmoreglue
                0x00005518       0x2c c:/freescale/kds_v3/toolchain/bin/../lib/gcc/arm-none-eabi/4.8.4/../../../../arm-none-eabi/lib/armv6-m\libg_s.a(lib_a-findfp.o)
                0x00005518                __sfmoreglue
 .text.__sinit  0x00005544       0x64 c:/freescale/kds_v3/toolchain/bin/../lib/gcc/arm-none-eabi/4.8.4/../../../../arm-none-eabi/lib/armv6-m\libg_s.a(lib_a-findfp.o)
                0x00005544                __sinit
 .text.__sfp    0x000055a8       0x7c c:/freescale/kds_v3/toolchain/bin/../lib/gcc/arm-none-eabi/4.8.4/../../../../arm-none-eabi/lib/armv6-m\libg_s.a(lib_a-findfp.o)
                0x000055a8                __sfp
 .text.__smakebuf_r
                0x00005624       0xa0 c:/freescale/kds_v3/toolchain/bin/../lib/gcc/arm-none-eabi/4.8.4/../../../../arm-none-eabi/lib/armv6-m\libg_s.a(lib_a-makebuf.o)
                0x00005624                __smakebuf_r
 .text.memchr   0x000056c4       0x16 c:/freescale/kds_v3/toolchain/bin/../lib/gcc/arm-none-eabi/4.8.4/../../../../arm-none-eabi/lib/armv6-m\libg_s.a(lib_a-memchr-stub.o)
                0x000056c4                memchr
 *fill*         0x000056da        0x2 
 .text._free_r  0x000056dc       0x90 c:/freescale/kds_v3/toolchain/bin/../lib/gcc/arm-none-eabi/4.8.4/../../../../arm-none-eabi/lib/armv6-m\libg_s.a(lib_a-nano-freer.o)
                0x000056dc                _free_r
 .text._malloc_r
                0x0000576c       0xa8 c:/freescale/kds_v3/toolchain/bin/../lib/gcc/arm-none-eabi/4.8.4/../../../../arm-none-eabi/lib/armv6-m\libg_s.a(lib_a-nano-mallocr.o)
                0x0000576c                _malloc_r
 .text._sbrk_r  0x00005814       0x24 c:/freescale/kds_v3/toolchain/bin/../lib/gcc/arm-none-eabi/4.8.4/../../../../arm-none-eabi/lib/armv6-m\libg_s.a(lib_a-sbrkr.o)
                0x00005814                _sbrk_r
 .text._raise_r
                0x00005838       0x56 c:/freescale/kds_v3/toolchain/bin/../lib/gcc/arm-none-eabi/4.8.4/../../../../arm-none-eabi/lib/armv6-m\libg_s.a(lib_a-signal.o)
                0x00005838                _raise_r
 *fill*         0x0000588e        0x2 
 .text.raise    0x00005890       0x14 c:/freescale/kds_v3/toolchain/bin/../lib/gcc/arm-none-eabi/4.8.4/../../../../arm-none-eabi/lib/armv6-m\libg_s.a(lib_a-signal.o)
                0x00005890                raise
 .text._kill_r  0x000058a4       0x24 c:/freescale/kds_v3/toolchain/bin/../lib/gcc/arm-none-eabi/4.8.4/../../../../arm-none-eabi/lib/armv6-m\libg_s.a(lib_a-signalr.o)
                0x000058a4                _kill_r
 .text._getpid_r
                0x000058c8        0x8 c:/freescale/kds_v3/toolchain/bin/../lib/gcc/arm-none-eabi/4.8.4/../../../../arm-none-eabi/lib/armv6-m\libg_s.a(lib_a-signalr.o)
                0x000058c8                _getpid_r
 .text.__sread  0x000058d0       0x28 c:/freescale/kds_v3/toolchain/bin/../lib/gcc/arm-none-eabi/4.8.4/../../../../arm-none-eabi/lib/armv6-m\libg_s.a(lib_a-stdio.o)
                0x000058d0                __sread
 .text.__swrite
                0x000058f8       0x38 c:/freescale/kds_v3/toolchain/bin/../lib/gcc/arm-none-eabi/4.8.4/../../../../arm-none-eabi/lib/armv6-m\libg_s.a(lib_a-stdio.o)
                0x000058f8                __swrite
 .text.__sseek  0x00005930       0x2c c:/freescale/kds_v3/toolchain/bin/../lib/gcc/arm-none-eabi/4.8.4/../../../../arm-none-eabi/lib/armv6-m\libg_s.a(lib_a-stdio.o)
                0x00005930                __sseek
 .text.__sclose
                0x0000595c        0xc c:/freescale/kds_v3/toolchain/bin/../lib/gcc/arm-none-eabi/4.8.4/../../../../arm-none-eabi/lib/armv6-m\libg_s.a(lib_a-stdio.o)
                0x0000595c                __sclose
 .text._write_r
                0x00005968       0x28 c:/freescale/kds_v3/toolchain/bin/../lib/gcc/arm-none-eabi/4.8.4/../../../../arm-none-eabi/lib/armv6-m\libg_s.a(lib_a-writer.o)
                0x00005968                _write_r
 .text._close_r
                0x00005990       0x24 c:/freescale/kds_v3/toolchain/bin/../lib/gcc/arm-none-eabi/4.8.4/../../../../arm-none-eabi/lib/armv6-m\libg_s.a(lib_a-closer.o)
                0x00005990                _close_r
 .text._fstat_r
                0x000059b4       0x24 c:/freescale/kds_v3/toolchain/bin/../lib/gcc/arm-none-eabi/4.8.4/../../../../arm-none-eabi/lib/armv6-m\libg_s.a(lib_a-fstatr.o)
                0x000059b4                _fstat_r
 .text._isatty_r
                0x000059d8       0x24 c:/freescale/kds_v3/toolchain/bin/../lib/gcc/arm-none-eabi/4.8.4/../../../../arm-none-eabi/lib/armv6-m\libg_s.a(lib_a-isattyr.o)
                0x000059d8                _isatty_r
 .text._lseek_r
                0x000059fc       0x28 c:/freescale/kds_v3/toolchain/bin/../lib/gcc/arm-none-eabi/4.8.4/../../../../arm-none-eabi/lib/armv6-m\libg_s.a(lib_a-lseekr.o)
                0x000059fc                _lseek_r
 .text._read_r  0x00005a24       0x28 c:/freescale/kds_v3/toolchain/bin/../lib/gcc/arm-none-eabi/4.8.4/../../../../arm-none-eabi/lib/armv6-m\libg_s.a(lib_a-readr.o)
                0x00005a24                _read_r
 .text._close   0x00005a4c       0x10 c:/freescale/kds_v3/toolchain/bin/../lib/gcc/arm-none-eabi/4.8.4/../../../../arm-none-eabi/lib/armv6-m\libnosys.a(close.o)
                0x00005a4c                _close
 .text._fstat   0x00005a5c       0x10 c:/freescale/kds_v3/toolchain/bin/../lib/gcc/arm-none-eabi/4.8.4/../../../../arm-none-eabi/lib/armv6-m\libnosys.a(fstat.o)
                0x00005a5c                _fstat
 .text._getpid  0x00005a6c       0x10 c:/freescale/kds_v3/toolchain/bin/../lib/gcc/arm-none-eabi/4.8.4/../../../../arm-none-eabi/lib/armv6-m\libnosys.a(getpid.o)
                0x00005a6c                _getpid
 .text._isatty  0x00005a7c       0x10 c:/freescale/kds_v3/toolchain/bin/../lib/gcc/arm-none-eabi/4.8.4/../../../../arm-none-eabi/lib/armv6-m\libnosys.a(isatty.o)
                0x00005a7c                _isatty
 .text._kill    0x00005a8c       0x10 c:/freescale/kds_v3/toolchain/bin/../lib/gcc/arm-none-eabi/4.8.4/../../../../arm-none-eabi/lib/armv6-m\libnosys.a(kill.o)
                0x00005a8c                _kill
 .text._lseek   0x00005a9c       0x10 c:/freescale/kds_v3/toolchain/bin/../lib/gcc/arm-none-eabi/4.8.4/../../../../arm-none-eabi/lib/armv6-m\libnosys.a(lseek.o)
                0x00005a9c                _lseek
 .text._exit    0x00005aac        0x4 c:/freescale/kds_v3/toolchain/bin/../lib/gcc/arm-none-eabi/4.8.4/../../../../arm-none-eabi/lib/armv6-m\libnosys.a(_exit.o)
                0x00005aac                _exit
 *(.rodata)
 .rodata        0x00005ab0        0x8 ./SDK/rtos/FreeRTOS/src/tasks.o
 .rodata        0x00005ab8        0x8 ./SDK/rtos/FreeRTOS/src/timers.o
 .rodata        0x00005ac0      0x21c ./SDK/platform/system/src/clock/MKL25Z4/fsl_clock_MKL25Z4.o
 .rodata        0x00005cdc       0xb8 ./SDK/platform/osa/src/fsl_os_abstraction_free_rtos.o
 .rodata        0x00005d94       0x48 ./SDK/platform/hal/src/i2c/fsl_i2c_hal.o
 .rodata        0x00005ddc      0x104 ./SDK/platform/drivers/src/i2c/fsl_i2c_master_driver.o
 .rodata        0x00005ee0       0x5c ./SDK/platform/drivers/src/i2c/fsl_i2c_shared_function.o
 .rodata        0x00005f3c       0xfc ./SDK/platform/drivers/src/i2c/fsl_i2c_slave_driver.o
 .rodata        0x00006038        0xc ./Generated_Code/MainTask.o
 .rodata        0x00006044        0x8 ./Generated_Code/Task1.o
 .rodata        0x0000604c       0x50 ./Generated_Code/pin_init.o
 *(.rodata*)
 .rodata.mpu6050_parameters
                0x0000609c        0x8 ./driver_code/mpu6050.o
                0x0000609c                mpu6050_parameters
 .rodata.addr.5932
                0x000060a4        0x1 ./driver_code/mpu6050.o
 .rodata.val.5933
                0x000060a5        0x1 ./driver_code/mpu6050.o
 .rodata.addr.5937
                0x000060a6        0x1 ./driver_code/mpu6050.o
 *fill*         0x000060a7        0x1 
 .rodata.prvProcessReceivedCommands
                0x000060a8       0x28 ./SDK/rtos/FreeRTOS/src/timers.o
 .rodata.i2cGateTable
                0x000060d0        0x4 ./SDK/platform/system/src/clock/MKL25Z4/fsl_clock_MKL25Z4.o
 .rodata.__func__.7047
                0x000060d4       0x1c ./SDK/platform/system/src/clock/MKL25Z4/fsl_clock_MKL25Z4.o
 .rodata.__func__.5714
                0x000060f0       0x10 ./SDK/platform/osa/src/fsl_os_abstraction_free_rtos.o
 .rodata.__func__.5720
                0x00006100       0x10 ./SDK/platform/osa/src/fsl_os_abstraction_free_rtos.o
 .rodata.__func__.5731
                0x00006110       0x10 ./SDK/platform/osa/src/fsl_os_abstraction_free_rtos.o
 .rodata.__func__.5774
                0x00006120       0x10 ./SDK/platform/osa/src/fsl_os_abstraction_free_rtos.o
 .rodata.fllFactorTable.5325
                0x00006130       0x10 ./SDK/platform/hal/src/mcg/fsl_mcg_hal.o
 .rodata.kI2CDividerTable
                0x00006140       0xc8 ./SDK/platform/hal/src/i2c/fsl_i2c_hal.o
                0x00006140                kI2CDividerTable
 .rodata.__func__.5300
                0x00006208       0x14 ./SDK/platform/hal/src/i2c/fsl_i2c_hal.o
 .rodata.g_i2cBase
                0x0000621c        0x8 ./SDK/platform/drivers/src/i2c/fsl_i2c_common.o
                0x0000621c                g_i2cBase
 .rodata.g_i2cIrqId
                0x00006224        0x4 ./SDK/platform/drivers/src/i2c/fsl_i2c_common.o
                0x00006224                g_i2cIrqId
 .rodata.__func__.7308
                0x00006228       0x14 ./SDK/platform/drivers/src/i2c/fsl_i2c_master_driver.o
 .rodata.__func__.7265
                0x0000623c       0x14 ./SDK/platform/drivers/src/i2c/fsl_i2c_master_driver.o
 .rodata.__func__.7320
                0x00006250       0x1c ./SDK/platform/drivers/src/i2c/fsl_i2c_master_driver.o
 .rodata.__func__.7379
                0x0000626c       0x1c ./SDK/platform/drivers/src/i2c/fsl_i2c_master_driver.o
 .rodata.__func__.7392
                0x00006288       0x14 ./SDK/platform/drivers/src/i2c/fsl_i2c_master_driver.o
 .rodata.__func__.7400
                0x0000629c       0x1c ./SDK/platform/drivers/src/i2c/fsl_i2c_master_driver.o
 .rodata.__func__.7411
                0x000062b8       0x14 ./SDK/platform/drivers/src/i2c/fsl_i2c_master_driver.o
 .rodata.__func__.7431
                0x000062cc       0x14 ./SDK/platform/drivers/src/i2c/fsl_i2c_master_driver.o
 .rodata.__func__.7444
                0x000062e0       0x18 ./SDK/platform/drivers/src/i2c/fsl_i2c_master_driver.o
 .rodata.__func__.5280
                0x000062f8       0x14 ./SDK/platform/drivers/src/i2c/fsl_i2c_shared_function.o
 .rodata.__func__.7368
                0x0000630c       0x18 ./SDK/platform/drivers/src/i2c/fsl_i2c_slave_driver.o
 .rodata.i2cCom1_MasterConfig0
                0x00006324        0x8 ./Generated_Code/i2cCom1.o
                0x00006324                i2cCom1_MasterConfig0
 .rodata.__func__.5094
                0x0000632c       0x14 ./Generated_Code/pin_init.o
 .rodata.str1.1
                0x00006340       0x3c c:/freescale/kds_v3/toolchain/bin/../lib/gcc/arm-none-eabi/4.8.4/../../../../arm-none-eabi/lib/armv6-m\libg_s.a(lib_a-assert.o)
                                 0x3d (size before relaxing)
 .rodata.str1.1
                0x0000637c        0x2 c:/freescale/kds_v3/toolchain/bin/../lib/gcc/arm-none-eabi/4.8.4/../../../../arm-none-eabi/lib/armv6-m\libg_s.a(lib_a-impure.o)
 *fill*         0x0000637e        0x2 
 .rodata._global_impure_ptr
                0x00006380        0x4 c:/freescale/kds_v3/toolchain/bin/../lib/gcc/arm-none-eabi/4.8.4/../../../../arm-none-eabi/lib/armv6-m\libg_s.a(lib_a-impure.o)
                0x00006380                _global_impure_ptr
 .rodata.str1.1
                0x00006384       0x11 c:/freescale/kds_v3/toolchain/bin/../lib/gcc/arm-none-eabi/4.8.4/../../../../arm-none-eabi/lib/armv6-m\libg_s.a(lib_a-vfprintf.o)
 .rodata.str1.1
                0x00006395       0x22 c:/freescale/kds_v3/toolchain/bin/../lib/gcc/arm-none-eabi/4.8.4/../../../../arm-none-eabi/lib/armv6-m\libg_s.a(lib_a-vfprintf_i.o)
 *fill*         0x000063b7        0x1 
 .rodata.__sf_fake_stdin
                0x000063b8       0x20 c:/freescale/kds_v3/toolchain/bin/../lib/gcc/arm-none-eabi/4.8.4/../../../../arm-none-eabi/lib/armv6-m\libg_s.a(lib_a-findfp.o)
                0x000063b8                __sf_fake_stdin
 .rodata.__sf_fake_stdout
                0x000063d8       0x20 c:/freescale/kds_v3/toolchain/bin/../lib/gcc/arm-none-eabi/4.8.4/../../../../arm-none-eabi/lib/armv6-m\libg_s.a(lib_a-findfp.o)
                0x000063d8                __sf_fake_stdout
 .rodata.__sf_fake_stderr
                0x000063f8       0x20 c:/freescale/kds_v3/toolchain/bin/../lib/gcc/arm-none-eabi/4.8.4/../../../../arm-none-eabi/lib/armv6-m\libg_s.a(lib_a-findfp.o)
                0x000063f8                __sf_fake_stderr
 *(.glue_7)
 .glue_7        0x00000000        0x0 linker stubs
 *(.glue_7t)
 .glue_7t       0x00000000        0x0 linker stubs
 *(.eh_frame)
 .eh_frame      0x00006418        0x0 c:/freescale/kds_v3/toolchain/bin/../lib/gcc/arm-none-eabi/4.8.4/armv6-m/crtbegin.o
 *(.init)
 .init          0x00006418        0x4 c:/freescale/kds_v3/toolchain/bin/../lib/gcc/arm-none-eabi/4.8.4/armv6-m/crti.o
                0x00006418                _init
 .init          0x0000641c        0x8 c:/freescale/kds_v3/toolchain/bin/../lib/gcc/arm-none-eabi/4.8.4/armv6-m/crtn.o
 *(.fini)
 .fini          0x00006424        0x4 c:/freescale/kds_v3/toolchain/bin/../lib/gcc/arm-none-eabi/4.8.4/armv6-m/crti.o
                0x00006424                _fini
 .fini          0x00006428        0x8 c:/freescale/kds_v3/toolchain/bin/../lib/gcc/arm-none-eabi/4.8.4/armv6-m/crtn.o
                0x00006430                . = ALIGN (0x4)

.vfp11_veneer   0x00006430        0x0
 .vfp11_veneer  0x00000000        0x0 linker stubs

.v4_bx          0x00006430        0x0
 .v4_bx         0x00000000        0x0 linker stubs

.iplt           0x00006430        0x0
 .iplt          0x00000000        0x0 c:/freescale/kds_v3/toolchain/bin/../lib/gcc/arm-none-eabi/4.8.4/armv6-m/crtbegin.o

.ARM.extab
 *(.ARM.extab* .gnu.linkonce.armextab.*)

.ARM            0x00006430        0x8
                0x00006430                __exidx_start = .
 *(.ARM.exidx*)
 .ARM.exidx     0x00006430        0x8 c:/freescale/kds_v3/toolchain/bin/../lib/gcc/arm-none-eabi/4.8.4/../../../../arm-none-eabi/lib/armv6-m/crt0.o
                0x00006438                __exidx_end = .

.rel.dyn        0x00006438        0x0
 .rel.iplt      0x00000000        0x0 c:/freescale/kds_v3/toolchain/bin/../lib/gcc/arm-none-eabi/4.8.4/armv6-m/crtbegin.o

.ctors          0x00006438        0x0
                0x00006438                __CTOR_LIST__ = .
 *crtbegin.o(.ctors)
 *crtbegin?.o(.ctors)
 *(EXCLUDE_FILE(*crtend.o *crtend?.o) .ctors)
 *(SORT(.ctors.*))
 *(.ctors)
                0x00006438                __CTOR_END__ = .

.dtors          0x00006438        0x0
                0x00006438                __DTOR_LIST__ = .
 *crtbegin.o(.dtors)
 *crtbegin?.o(.dtors)
 *(EXCLUDE_FILE(*crtend.o *crtend?.o) .dtors)
 *(SORT(.dtors.*))
 *(.dtors)
                0x00006438                __DTOR_END__ = .

.preinit_array  0x00006438        0x0
                0x00006438                PROVIDE (__preinit_array_start, .)
 *(.preinit_array*)
                0x00006438                PROVIDE (__preinit_array_end, .)

.init_array     0x00006438        0x4
                0x00006438                PROVIDE (__init_array_start, .)
 *(SORT(.init_array.*))
 *(.init_array*)
 .init_array    0x00006438        0x4 c:/freescale/kds_v3/toolchain/bin/../lib/gcc/arm-none-eabi/4.8.4/armv6-m/crtbegin.o
                0x0000643c                PROVIDE (__init_array_end, .)

.fini_array     0x0000643c        0x4
                0x0000643c                PROVIDE (__fini_array_start, .)
 *(SORT(.fini_array.*))
 *(.fini_array*)
 .fini_array    0x0000643c        0x4 c:/freescale/kds_v3/toolchain/bin/../lib/gcc/arm-none-eabi/4.8.4/armv6-m/crtbegin.o
                0x00006440                PROVIDE (__fini_array_end, .)
                0x00006440                __etext = .
                0x00006440                __DATA_ROM = .

.mtb            0x1ffff200        0x0
                0x1ffff200                . = ALIGN (0x8)
                0x1ffff200                _mtb_start = .
 *(.mtb_buf)
                0x1ffff200                . = ALIGN (0x8)
                0x1ffff200                _mtb_end = .

.data           0x1ffff200       0x7c load address 0x00006440
                0x1ffff200                . = ALIGN (0x4)
                0x1ffff200                __DATA_RAM = .
                0x1ffff200                __data_start__ = .
 *(.data)
 *(.data*)
 .data.xFreeBytesRemaining
                0x1ffff200        0x4 ./SDK/rtos/FreeRTOS/src/heap_2.o
 .data.xNextTaskUnblockTime
                0x1ffff204        0x4 ./SDK/rtos/FreeRTOS/src/tasks.o
 .data.uxCriticalNesting
                0x1ffff208        0x4 ./SDK/rtos/FreeRTOS/port/gcc/port.o
 .data.g_fastInternalRefClkFreq
                0x1ffff20c        0x4 ./SDK/platform/hal/src/mcg/fsl_mcg_hal.o
                0x1ffff20c                g_fastInternalRefClkFreq
 .data.g_slowInternalRefClkFreq
                0x1ffff210        0x4 ./SDK/platform/hal/src/mcg/fsl_mcg_hal.o
                0x1ffff210                g_slowInternalRefClkFreq
 .data.impure_data
                0x1ffff214       0x60 c:/freescale/kds_v3/toolchain/bin/../lib/gcc/arm-none-eabi/4.8.4/../../../../arm-none-eabi/lib/armv6-m\libg_s.a(lib_a-impure.o)
 .data._impure_ptr
                0x1ffff274        0x4 c:/freescale/kds_v3/toolchain/bin/../lib/gcc/arm-none-eabi/4.8.4/../../../../arm-none-eabi/lib/armv6-m\libg_s.a(lib_a-impure.o)
                0x1ffff274                _impure_ptr
 *(.jcr*)
 .jcr           0x1ffff278        0x0 c:/freescale/kds_v3/toolchain/bin/../lib/gcc/arm-none-eabi/4.8.4/armv6-m/crtbegin.o
 .jcr           0x1ffff278        0x4 c:/freescale/kds_v3/toolchain/bin/../lib/gcc/arm-none-eabi/4.8.4/armv6-m/crtend.o
                0x1ffff27c                . = ALIGN (0x4)
                0x1ffff27c                __data_end__ = .
                0x000064bc                __DATA_END = (__DATA_ROM + (__data_end__ - __data_start__))

.igot.plt       0x1ffff27c        0x0 load address 0x000064bc
 .igot.plt      0x00000000        0x0 c:/freescale/kds_v3/toolchain/bin/../lib/gcc/arm-none-eabi/4.8.4/armv6-m/crtbegin.o

.m_interrupts_ram
                0x1ffff000      0x200
                0x1ffff000                . = ALIGN (0x4)
                0x1ffff000                __m_interrupts_ram_RAMStart = .
 *(.m_interrupts_ram)
                0x1ffff200                . = (. + 0x200)
 *fill*         0x1ffff000      0x200 
                0x1ffff200                __m_interrupts_ram_RAMEnd = .
                0x1ffff200                . = ALIGN (0x4)
                0x00000200                __m_interrupts_ram_ROMSize = (__m_interrupts_ram_RAMEnd - __m_interrupts_ram_RAMStart)
                0x00000200                __RAM_VECTOR_TABLE_SIZE_BYTES = (__m_interrupts_ram_RAMEnd - __m_interrupts_ram_RAMStart)
                0x00020000                text_end = (ORIGIN (m_text) + 0x1fbf0)
                0x000064bc                data_init_end = (__DATA_ROM + SIZEOF (.data))
                0x00000001                ASSERT ((data_init_end <= text_end), region m_text overflowed with text and data)

.bss            0x1ffff27c     0x2260 load address 0x000064bc
                0x1ffff27c                . = ALIGN (0x4)
                0x1ffff27c                __START_BSS = .
                0x1ffff27c                __bss_start__ = .
 *(.bss)
 .bss           0x1ffff27c       0x1c c:/freescale/kds_v3/toolchain/bin/../lib/gcc/arm-none-eabi/4.8.4/armv6-m/crtbegin.o
 *(.bss*)
 .bss.sCalValues
                0x1ffff298        0x8 ./driver_code/mpu6050.o
 .bss.ucHeap    0x1ffff2a0     0x2000 ./SDK/rtos/FreeRTOS/src/heap_2.o
 .bss.xStart    0x200012a0        0x8 ./SDK/rtos/FreeRTOS/src/heap_2.o
 .bss.xEnd      0x200012a8        0x8 ./SDK/rtos/FreeRTOS/src/heap_2.o
 .bss.xHeapHasBeenInitialised.4627
                0x200012b0        0x4 ./SDK/rtos/FreeRTOS/src/heap_2.o
 .bss.pxCurrentTCB
                0x200012b4        0x4 ./SDK/rtos/FreeRTOS/src/tasks.o
                0x200012b4                pxCurrentTCB
 .bss.pxReadyTasksLists
                0x200012b8       0xa0 ./SDK/rtos/FreeRTOS/src/tasks.o
 .bss.xDelayedTaskList1
                0x20001358       0x14 ./SDK/rtos/FreeRTOS/src/tasks.o
 .bss.xDelayedTaskList2
                0x2000136c       0x14 ./SDK/rtos/FreeRTOS/src/tasks.o
 .bss.pxDelayedTaskList
                0x20001380        0x4 ./SDK/rtos/FreeRTOS/src/tasks.o
 .bss.pxOverflowDelayedTaskList
                0x20001384        0x4 ./SDK/rtos/FreeRTOS/src/tasks.o
 .bss.xPendingReadyList
                0x20001388       0x14 ./SDK/rtos/FreeRTOS/src/tasks.o
 .bss.xTasksWaitingTermination
                0x2000139c       0x14 ./SDK/rtos/FreeRTOS/src/tasks.o
 .bss.uxTasksDeleted
                0x200013b0        0x4 ./SDK/rtos/FreeRTOS/src/tasks.o
 .bss.xSuspendedTaskList
                0x200013b4       0x14 ./SDK/rtos/FreeRTOS/src/tasks.o
 .bss.uxCurrentNumberOfTasks
                0x200013c8        0x4 ./SDK/rtos/FreeRTOS/src/tasks.o
 .bss.xTickCount
                0x200013cc        0x4 ./SDK/rtos/FreeRTOS/src/tasks.o
 .bss.uxTopReadyPriority
                0x200013d0        0x4 ./SDK/rtos/FreeRTOS/src/tasks.o
 .bss.xSchedulerRunning
                0x200013d4        0x4 ./SDK/rtos/FreeRTOS/src/tasks.o
 .bss.uxPendedTicks
                0x200013d8        0x4 ./SDK/rtos/FreeRTOS/src/tasks.o
 .bss.xYieldPending
                0x200013dc        0x4 ./SDK/rtos/FreeRTOS/src/tasks.o
 .bss.xNumOfOverflows
                0x200013e0        0x4 ./SDK/rtos/FreeRTOS/src/tasks.o
 .bss.uxTaskNumber
                0x200013e4        0x4 ./SDK/rtos/FreeRTOS/src/tasks.o
 .bss.uxSchedulerSuspended
                0x200013e8        0x4 ./SDK/rtos/FreeRTOS/src/tasks.o
 .bss.xActiveTimerList1
                0x200013ec       0x14 ./SDK/rtos/FreeRTOS/src/timers.o
 .bss.xActiveTimerList2
                0x20001400       0x14 ./SDK/rtos/FreeRTOS/src/timers.o
 .bss.pxCurrentTimerList
                0x20001414        0x4 ./SDK/rtos/FreeRTOS/src/timers.o
 .bss.pxOverflowTimerList
                0x20001418        0x4 ./SDK/rtos/FreeRTOS/src/timers.o
 .bss.xTimerQueue
                0x2000141c        0x4 ./SDK/rtos/FreeRTOS/src/timers.o
 .bss.xLastTime.4863
                0x20001420        0x4 ./SDK/rtos/FreeRTOS/src/timers.o
 .bss.xJumpBuf  0x20001424       0x5c ./SDK/rtos/FreeRTOS/port/gcc/port.o
 .bss.s_debugConsole
                0x20001480       0x10 ./SDK/platform/utilities/src/fsl_debug_console.o
 .bss.heap_end.5561
                0x20001490        0x4 ./SDK/platform/utilities/src/fsl_misc_utilities.o
 .bss.g_i2cStatePtr
                0x20001494        0x8 ./SDK/platform/drivers/src/i2c/fsl_i2c_common.o
                0x20001494                g_i2cStatePtr
 .bss.MainTask_stack
                0x2000149c        0x4 ./Generated_Code/MainTask.o
                0x2000149c                MainTask_stack
 .bss.Task1_stack
                0x200014a0        0x4 ./Generated_Code/Task1.o
                0x200014a0                Task1_stack
 .bss.__malloc_sbrk_start
                0x200014a4        0x4 c:/freescale/kds_v3/toolchain/bin/../lib/gcc/arm-none-eabi/4.8.4/../../../../arm-none-eabi/lib/armv6-m\libg_s.a(lib_a-nano-mallocr.o)
                0x200014a4                __malloc_sbrk_start
 .bss.__malloc_free_list
                0x200014a8        0x4 c:/freescale/kds_v3/toolchain/bin/../lib/gcc/arm-none-eabi/4.8.4/../../../../arm-none-eabi/lib/armv6-m\libg_s.a(lib_a-nano-mallocr.o)
                0x200014a8                __malloc_free_list
 *(COMMON)
 COMMON         0x200014ac        0x8 ./SDK/platform/hal/src/mcg/fsl_mcg_hal.o
                0x200014ac                g_xtal0ClkFreq
                0x200014b0                g_xtalRtcClkFreq
 COMMON         0x200014b4        0x4 ./Generated_Code/MainTask.o
                0x200014b4                MainTask_task_handler
 COMMON         0x200014b8        0x4 ./Generated_Code/Task1.o
                0x200014b8                Task1_task_handler
 COMMON         0x200014bc       0x1c ./Generated_Code/i2cCom1.o
                0x200014bc                i2cCom1_MasterState
 COMMON         0x200014d8        0x4 c:/freescale/kds_v3/toolchain/bin/../lib/gcc/arm-none-eabi/4.8.4/../../../../arm-none-eabi/lib/armv6-m\libg_s.a(lib_a-reent.o)
                0x200014d8                errno
                0x200014dc                . = ALIGN (0x4)
                0x200014dc                __bss_end__ = .
                0x200014dc                __END_BSS = .

.heap           0x200014dc        0x4 load address 0x0000871c
                0x200014e0                . = ALIGN (0x8)
 *fill*         0x200014dc        0x4 
                0x200014e0                __end__ = .
                0x200014e0                PROVIDE (end, .)
                0x200014e0                __HeapBase = .
                0x200014e0                . = (. + HEAP_SIZE)
                0x200014e0                __HeapLimit = .

.stack          0x200014e0      0x400 load address 0x00008720
                0x200014e0                . = ALIGN (0x8)
                0x200018e0                . = (. + STACK_SIZE)
 *fill*         0x200014e0      0x400 
                0x20003000                __StackTop = (ORIGIN (m_data) + 0x3e00)
                0x20002c00                __StackLimit = (__StackTop - STACK_SIZE)
                0x20003000                PROVIDE (__stack, __StackTop)

.ARM.attributes
                0x00000000       0x28
 *(.ARM.attributes)
 .ARM.attributes
                0x00000000       0x1e c:/freescale/kds_v3/toolchain/bin/../lib/gcc/arm-none-eabi/4.8.4/armv6-m/crti.o
 .ARM.attributes
                0x0000001e       0x2c c:/freescale/kds_v3/toolchain/bin/../lib/gcc/arm-none-eabi/4.8.4/armv6-m/crtbegin.o
 .ARM.attributes
                0x0000004a       0x1b c:/freescale/kds_v3/toolchain/bin/../lib/gcc/arm-none-eabi/4.8.4/../../../../arm-none-eabi/lib/armv6-m/crt0.o
 .ARM.attributes
                0x00000065       0x32 ./driver_code/mpu6050.o
 .ARM.attributes
                0x00000097       0x32 ./Static_Code/System/PE_low_level_init.o
 .ARM.attributes
                0x000000c9       0x32 ./Sources/Events.o
 .ARM.attributes
                0x000000fb       0x32 ./Sources/main.o
 .ARM.attributes
                0x0000012d       0x32 ./Sources/os_tasks.o
 .ARM.attributes
                0x0000015f       0x32 ./Sources/rtos_main_task.o
 .ARM.attributes
                0x00000191       0x32 ./SDK/rtos/FreeRTOS/src/event_groups.o
 .ARM.attributes
                0x000001c3       0x32 ./SDK/rtos/FreeRTOS/src/heap_2.o
 .ARM.attributes
                0x000001f5       0x32 ./SDK/rtos/FreeRTOS/src/list.o
 .ARM.attributes
                0x00000227       0x32 ./SDK/rtos/FreeRTOS/src/queue.o
 .ARM.attributes
                0x00000259       0x32 ./SDK/rtos/FreeRTOS/src/tasks.o
 .ARM.attributes
                0x0000028b       0x32 ./SDK/rtos/FreeRTOS/src/timers.o
 .ARM.attributes
                0x000002bd       0x32 ./SDK/rtos/FreeRTOS/port/gcc/port.o
 .ARM.attributes
                0x000002ef       0x32 ./SDK/platform/utilities/src/fsl_debug_console.o
 .ARM.attributes
                0x00000321       0x32 ./SDK/platform/utilities/src/fsl_misc_utilities.o
 .ARM.attributes
                0x00000353       0x32 ./SDK/platform/system/src/clock/MKL25Z4/fsl_clock_MKL25Z4.o
 .ARM.attributes
                0x00000385       0x32 ./SDK/platform/osa/src/fsl_os_abstraction_free_rtos.o
 .ARM.attributes
                0x000003b7       0x32 ./SDK/platform/hal/src/mcg/fsl_mcg_hal.o
 .ARM.attributes
                0x000003e9       0x32 ./SDK/platform/hal/src/i2c/fsl_i2c_hal.o
 .ARM.attributes
                0x0000041b       0x32 ./SDK/platform/drivers/src/i2c/fsl_i2c_common.o
 .ARM.attributes
                0x0000044d       0x32 ./SDK/platform/drivers/src/i2c/fsl_i2c_master_driver.o
 .ARM.attributes
                0x0000047f       0x32 ./SDK/platform/drivers/src/i2c/fsl_i2c_shared_function.o
 .ARM.attributes
                0x000004b1       0x32 ./SDK/platform/drivers/src/i2c/fsl_i2c_slave_driver.o
 .ARM.attributes
                0x000004e3       0x1b ./SDK/platform/devices/MKL25Z4/startup/gcc/startup_MKL25Z4.o
 .ARM.attributes
                0x000004fe       0x32 ./SDK/platform/devices/MKL25Z4/startup/system_MKL25Z4.o
 .ARM.attributes
                0x00000530       0x32 ./SDK/platform/devices/startup.o
 .ARM.attributes
                0x00000562       0x32 ./Generated_Code/Cpu.o
 .ARM.attributes
                0x00000594       0x32 ./Generated_Code/MainTask.o
 .ARM.attributes
                0x000005c6       0x32 ./Generated_Code/Task1.o
 .ARM.attributes
                0x000005f8       0x32 ./Generated_Code/hardware_init.o
 .ARM.attributes
                0x0000062a       0x32 ./Generated_Code/i2cCom1.o
 .ARM.attributes
                0x0000065c       0x32 ./Generated_Code/pin_init.o
 .ARM.attributes
                0x0000068e       0x1e c:/freescale/kds_v3/toolchain/bin/../lib/gcc/arm-none-eabi/4.8.4/armv6-m\libgcc.a(_udivsi3.o)
 .ARM.attributes
                0x000006ac       0x1e c:/freescale/kds_v3/toolchain/bin/../lib/gcc/arm-none-eabi/4.8.4/armv6-m\libgcc.a(_dvmd_tls.o)
 .ARM.attributes
                0x000006ca       0x2c c:/freescale/kds_v3/toolchain/bin/../lib/gcc/arm-none-eabi/4.8.4/../../../../arm-none-eabi/lib/armv6-m\libg_s.a(lib_a-assert.o)
 .ARM.attributes
                0x000006f6       0x2c c:/freescale/kds_v3/toolchain/bin/../lib/gcc/arm-none-eabi/4.8.4/../../../../arm-none-eabi/lib/armv6-m\libg_s.a(lib_a-errno.o)
 .ARM.attributes
                0x00000722       0x2c c:/freescale/kds_v3/toolchain/bin/../lib/gcc/arm-none-eabi/4.8.4/../../../../arm-none-eabi/lib/armv6-m\libg_s.a(lib_a-exit.o)
 .ARM.attributes
                0x0000074e       0x2c c:/freescale/kds_v3/toolchain/bin/../lib/gcc/arm-none-eabi/4.8.4/../../../../arm-none-eabi/lib/armv6-m\libg_s.a(lib_a-fprintf.o)
 .ARM.attributes
                0x0000077a       0x2c c:/freescale/kds_v3/toolchain/bin/../lib/gcc/arm-none-eabi/4.8.4/../../../../arm-none-eabi/lib/armv6-m\libg_s.a(lib_a-impure.o)
 .ARM.attributes
                0x000007a6       0x2c c:/freescale/kds_v3/toolchain/bin/../lib/gcc/arm-none-eabi/4.8.4/../../../../arm-none-eabi/lib/armv6-m\libg_s.a(lib_a-init.o)
 .ARM.attributes
                0x000007d2       0x2c c:/freescale/kds_v3/toolchain/bin/../lib/gcc/arm-none-eabi/4.8.4/../../../../arm-none-eabi/lib/armv6-m\libg_s.a(lib_a-memcpy-stub.o)
 .ARM.attributes
                0x000007fe       0x2c c:/freescale/kds_v3/toolchain/bin/../lib/gcc/arm-none-eabi/4.8.4/../../../../arm-none-eabi/lib/armv6-m\libg_s.a(lib_a-memset.o)
 .ARM.attributes
                0x0000082a       0x1c c:/freescale/kds_v3/toolchain/bin/../lib/gcc/arm-none-eabi/4.8.4/../../../../arm-none-eabi/lib/armv6-m\libg_s.a(lib_a-setjmp.o)
 .ARM.attributes
                0x00000846       0x2c c:/freescale/kds_v3/toolchain/bin/../lib/gcc/arm-none-eabi/4.8.4/../../../../arm-none-eabi/lib/armv6-m\libg_s.a(lib_a-strlen.o)
 .ARM.attributes
                0x00000872       0x2c c:/freescale/kds_v3/toolchain/bin/../lib/gcc/arm-none-eabi/4.8.4/../../../../arm-none-eabi/lib/armv6-m\libg_s.a(lib_a-vfprintf.o)
 .ARM.attributes
                0x0000089e       0x2c c:/freescale/kds_v3/toolchain/bin/../lib/gcc/arm-none-eabi/4.8.4/../../../../arm-none-eabi/lib/armv6-m\libg_s.a(lib_a-vfprintf_i.o)
 .ARM.attributes
                0x000008ca       0x2c c:/freescale/kds_v3/toolchain/bin/../lib/gcc/arm-none-eabi/4.8.4/../../../../arm-none-eabi/lib/armv6-m\libg_s.a(lib_a-wbuf.o)
 .ARM.attributes
                0x000008f6       0x2c c:/freescale/kds_v3/toolchain/bin/../lib/gcc/arm-none-eabi/4.8.4/../../../../arm-none-eabi/lib/armv6-m\libg_s.a(lib_a-wsetup.o)
 .ARM.attributes
                0x00000922       0x2c c:/freescale/kds_v3/toolchain/bin/../lib/gcc/arm-none-eabi/4.8.4/../../../../arm-none-eabi/lib/armv6-m\libg_s.a(lib_a-abort.o)
 .ARM.attributes
                0x0000094e       0x2c c:/freescale/kds_v3/toolchain/bin/../lib/gcc/arm-none-eabi/4.8.4/../../../../arm-none-eabi/lib/armv6-m\libg_s.a(lib_a-fflush.o)
 .ARM.attributes
                0x0000097a       0x2c c:/freescale/kds_v3/toolchain/bin/../lib/gcc/arm-none-eabi/4.8.4/../../../../arm-none-eabi/lib/armv6-m\libg_s.a(lib_a-findfp.o)
 .ARM.attributes
                0x000009a6       0x2c c:/freescale/kds_v3/toolchain/bin/../lib/gcc/arm-none-eabi/4.8.4/../../../../arm-none-eabi/lib/armv6-m\libg_s.a(lib_a-makebuf.o)
 .ARM.attributes
                0x000009d2       0x2c c:/freescale/kds_v3/toolchain/bin/../lib/gcc/arm-none-eabi/4.8.4/../../../../arm-none-eabi/lib/armv6-m\libg_s.a(lib_a-memchr-stub.o)
 .ARM.attributes
                0x000009fe       0x2c c:/freescale/kds_v3/toolchain/bin/../lib/gcc/arm-none-eabi/4.8.4/../../../../arm-none-eabi/lib/armv6-m\libg_s.a(lib_a-nano-freer.o)
 .ARM.attributes
                0x00000a2a       0x2c c:/freescale/kds_v3/toolchain/bin/../lib/gcc/arm-none-eabi/4.8.4/../../../../arm-none-eabi/lib/armv6-m\libg_s.a(lib_a-nano-mallocr.o)
 .ARM.attributes
                0x00000a56       0x2c c:/freescale/kds_v3/toolchain/bin/../lib/gcc/arm-none-eabi/4.8.4/../../../../arm-none-eabi/lib/armv6-m\libg_s.a(lib_a-sbrkr.o)
 .ARM.attributes
                0x00000a82       0x2c c:/freescale/kds_v3/toolchain/bin/../lib/gcc/arm-none-eabi/4.8.4/../../../../arm-none-eabi/lib/armv6-m\libg_s.a(lib_a-signal.o)
 .ARM.attributes
                0x00000aae       0x2c c:/freescale/kds_v3/toolchain/bin/../lib/gcc/arm-none-eabi/4.8.4/../../../../arm-none-eabi/lib/armv6-m\libg_s.a(lib_a-signalr.o)
 .ARM.attributes
                0x00000ada       0x2c c:/freescale/kds_v3/toolchain/bin/../lib/gcc/arm-none-eabi/4.8.4/../../../../arm-none-eabi/lib/armv6-m\libg_s.a(lib_a-stdio.o)
 .ARM.attributes
                0x00000b06       0x2c c:/freescale/kds_v3/toolchain/bin/../lib/gcc/arm-none-eabi/4.8.4/../../../../arm-none-eabi/lib/armv6-m\libg_s.a(lib_a-writer.o)
 .ARM.attributes
                0x00000b32       0x2c c:/freescale/kds_v3/toolchain/bin/../lib/gcc/arm-none-eabi/4.8.4/../../../../arm-none-eabi/lib/armv6-m\libg_s.a(lib_a-closer.o)
 .ARM.attributes
                0x00000b5e       0x2c c:/freescale/kds_v3/toolchain/bin/../lib/gcc/arm-none-eabi/4.8.4/../../../../arm-none-eabi/lib/armv6-m\libg_s.a(lib_a-fstatr.o)
 .ARM.attributes
                0x00000b8a       0x2c c:/freescale/kds_v3/toolchain/bin/../lib/gcc/arm-none-eabi/4.8.4/../../../../arm-none-eabi/lib/armv6-m\libg_s.a(lib_a-isattyr.o)
 .ARM.attributes
                0x00000bb6       0x2c c:/freescale/kds_v3/toolchain/bin/../lib/gcc/arm-none-eabi/4.8.4/../../../../arm-none-eabi/lib/armv6-m\libg_s.a(lib_a-lseekr.o)
 .ARM.attributes
                0x00000be2       0x2c c:/freescale/kds_v3/toolchain/bin/../lib/gcc/arm-none-eabi/4.8.4/../../../../arm-none-eabi/lib/armv6-m\libg_s.a(lib_a-readr.o)
 .ARM.attributes
                0x00000c0e       0x2c c:/freescale/kds_v3/toolchain/bin/../lib/gcc/arm-none-eabi/4.8.4/../../../../arm-none-eabi/lib/armv6-m\libg_s.a(lib_a-reent.o)
 .ARM.attributes
                0x00000c3a       0x2c c:/freescale/kds_v3/toolchain/bin/../lib/gcc/arm-none-eabi/4.8.4/../../../../arm-none-eabi/lib/armv6-m\libnosys.a(close.o)
 .ARM.attributes
                0x00000c66       0x2c c:/freescale/kds_v3/toolchain/bin/../lib/gcc/arm-none-eabi/4.8.4/../../../../arm-none-eabi/lib/armv6-m\libnosys.a(fstat.o)
 .ARM.attributes
                0x00000c92       0x2c c:/freescale/kds_v3/toolchain/bin/../lib/gcc/arm-none-eabi/4.8.4/../../../../arm-none-eabi/lib/armv6-m\libnosys.a(getpid.o)
 .ARM.attributes
                0x00000cbe       0x2c c:/freescale/kds_v3/toolchain/bin/../lib/gcc/arm-none-eabi/4.8.4/../../../../arm-none-eabi/lib/armv6-m\libnosys.a(isatty.o)
 .ARM.attributes
                0x00000cea       0x2c c:/freescale/kds_v3/toolchain/bin/../lib/gcc/arm-none-eabi/4.8.4/../../../../arm-none-eabi/lib/armv6-m\libnosys.a(kill.o)
 .ARM.attributes
                0x00000d16       0x2c c:/freescale/kds_v3/toolchain/bin/../lib/gcc/arm-none-eabi/4.8.4/../../../../arm-none-eabi/lib/armv6-m\libnosys.a(lseek.o)
 .ARM.attributes
                0x00000d42       0x2c c:/freescale/kds_v3/toolchain/bin/../lib/gcc/arm-none-eabi/4.8.4/../../../../arm-none-eabi/lib/armv6-m\libnosys.a(_exit.o)
 .ARM.attributes
                0x00000d6e       0x2c c:/freescale/kds_v3/toolchain/bin/../lib/gcc/arm-none-eabi/4.8.4/armv6-m/crtend.o
 .ARM.attributes
                0x00000d9a       0x1e c:/freescale/kds_v3/toolchain/bin/../lib/gcc/arm-none-eabi/4.8.4/armv6-m/crtn.o
OUTPUT(acelerometro.elf elf32-littlearm)

.debug_info     0x00000000     0xccc3
 .debug_info    0x00000000      0x2f8 ./driver_code/mpu6050.o
 .debug_info    0x000002f8      0x1db ./Static_Code/System/PE_low_level_init.o
 .debug_info    0x000004d3      0x1ca ./Sources/Events.o
 .debug_info    0x0000069d      0x1ce ./Sources/main.o
 .debug_info    0x0000086b      0x1ea ./Sources/os_tasks.o
 .debug_info    0x00000a55      0x222 ./Sources/rtos_main_task.o
 .debug_info    0x00000c77      0x60e ./SDK/rtos/FreeRTOS/src/event_groups.o
 .debug_info    0x00001285      0x2e2 ./SDK/rtos/FreeRTOS/src/heap_2.o
 .debug_info    0x00001567      0x2a1 ./SDK/rtos/FreeRTOS/src/list.o
 .debug_info    0x00001808      0xaff ./SDK/rtos/FreeRTOS/src/queue.o
 .debug_info    0x00002307     0x12e1 ./SDK/rtos/FreeRTOS/src/tasks.o
 .debug_info    0x000035e8      0x964 ./SDK/rtos/FreeRTOS/src/timers.o
 .debug_info    0x00003f4c      0x29e ./SDK/rtos/FreeRTOS/port/gcc/port.o
 .debug_info    0x000041ea      0xa71 ./SDK/platform/utilities/src/fsl_debug_console.o
 .debug_info    0x00004c5b      0x16b ./SDK/platform/utilities/src/fsl_misc_utilities.o
 .debug_info    0x00004dc6     0x17c9 ./SDK/platform/system/src/clock/MKL25Z4/fsl_clock_MKL25Z4.o
 .debug_info    0x0000658f      0xe95 ./SDK/platform/osa/src/fsl_os_abstraction_free_rtos.o
 .debug_info    0x00007424      0xc53 ./SDK/platform/hal/src/mcg/fsl_mcg_hal.o
 .debug_info    0x00008077      0x966 ./SDK/platform/hal/src/i2c/fsl_i2c_hal.o
 .debug_info    0x000089dd      0x2aa ./SDK/platform/drivers/src/i2c/fsl_i2c_common.o
 .debug_info    0x00008c87     0x117d ./SDK/platform/drivers/src/i2c/fsl_i2c_master_driver.o
 .debug_info    0x00009e04      0x29a ./SDK/platform/drivers/src/i2c/fsl_i2c_shared_function.o
 .debug_info    0x0000a09e     0x1043 ./SDK/platform/drivers/src/i2c/fsl_i2c_slave_driver.o
 .debug_info    0x0000b0e1       0x89 ./SDK/platform/devices/MKL25Z4/startup/gcc/startup_MKL25Z4.o
 .debug_info    0x0000b16a      0x672 ./SDK/platform/devices/MKL25Z4/startup/system_MKL25Z4.o
 .debug_info    0x0000b7dc      0x296 ./SDK/platform/devices/startup.o
 .debug_info    0x0000ba72      0x364 ./Generated_Code/Cpu.o
 .debug_info    0x0000bdd6      0x254 ./Generated_Code/MainTask.o
 .debug_info    0x0000c02a      0x254 ./Generated_Code/Task1.o
 .debug_info    0x0000c27e      0x3cf ./Generated_Code/hardware_init.o
 .debug_info    0x0000c64d      0x357 ./Generated_Code/i2cCom1.o
 .debug_info    0x0000c9a4      0x31f ./Generated_Code/pin_init.o

.debug_abbrev   0x00000000     0x2a50
 .debug_abbrev  0x00000000      0x149 ./driver_code/mpu6050.o
 .debug_abbrev  0x00000149       0xc4 ./Static_Code/System/PE_low_level_init.o
 .debug_abbrev  0x0000020d       0xc4 ./Sources/Events.o
 .debug_abbrev  0x000002d1       0xc6 ./Sources/main.o
 .debug_abbrev  0x00000397       0xdc ./Sources/os_tasks.o
 .debug_abbrev  0x00000473       0xeb ./Sources/rtos_main_task.o
 .debug_abbrev  0x0000055e      0x11e ./SDK/rtos/FreeRTOS/src/event_groups.o
 .debug_abbrev  0x0000067c      0x155 ./SDK/rtos/FreeRTOS/src/heap_2.o
 .debug_abbrev  0x000007d1       0xc1 ./SDK/rtos/FreeRTOS/src/list.o
 .debug_abbrev  0x00000892      0x142 ./SDK/rtos/FreeRTOS/src/queue.o
 .debug_abbrev  0x000009d4      0x204 ./SDK/rtos/FreeRTOS/src/tasks.o
 .debug_abbrev  0x00000bd8      0x194 ./SDK/rtos/FreeRTOS/src/timers.o
 .debug_abbrev  0x00000d6c      0x140 ./SDK/rtos/FreeRTOS/port/gcc/port.o
 .debug_abbrev  0x00000eac      0x23a ./SDK/platform/utilities/src/fsl_debug_console.o
 .debug_abbrev  0x000010e6       0xc4 ./SDK/platform/utilities/src/fsl_misc_utilities.o
 .debug_abbrev  0x000011aa      0x2f2 ./SDK/platform/system/src/clock/MKL25Z4/fsl_clock_MKL25Z4.o
 .debug_abbrev  0x0000149c      0x221 ./SDK/platform/osa/src/fsl_os_abstraction_free_rtos.o
 .debug_abbrev  0x000016bd      0x237 ./SDK/platform/hal/src/mcg/fsl_mcg_hal.o
 .debug_abbrev  0x000018f4      0x244 ./SDK/platform/hal/src/i2c/fsl_i2c_hal.o
 .debug_abbrev  0x00001b38       0xc7 ./SDK/platform/drivers/src/i2c/fsl_i2c_common.o
 .debug_abbrev  0x00001bff      0x295 ./SDK/platform/drivers/src/i2c/fsl_i2c_master_driver.o
 .debug_abbrev  0x00001e94      0x132 ./SDK/platform/drivers/src/i2c/fsl_i2c_shared_function.o
 .debug_abbrev  0x00001fc6      0x246 ./SDK/platform/drivers/src/i2c/fsl_i2c_slave_driver.o
 .debug_abbrev  0x0000220c       0x14 ./SDK/platform/devices/MKL25Z4/startup/gcc/startup_MKL25Z4.o
 .debug_abbrev  0x00002220      0x121 ./SDK/platform/devices/MKL25Z4/startup/system_MKL25Z4.o
 .debug_abbrev  0x00002341       0xe9 ./SDK/platform/devices/startup.o
 .debug_abbrev  0x0000242a      0x101 ./Generated_Code/Cpu.o
 .debug_abbrev  0x0000252b       0xf6 ./Generated_Code/MainTask.o
 .debug_abbrev  0x00002621       0xf6 ./Generated_Code/Task1.o
 .debug_abbrev  0x00002717      0x10c ./Generated_Code/hardware_init.o
 .debug_abbrev  0x00002823       0xf6 ./Generated_Code/i2cCom1.o
 .debug_abbrev  0x00002919      0x137 ./Generated_Code/pin_init.o

.debug_aranges  0x00000000      0xf30
 .debug_aranges
                0x00000000       0x30 ./driver_code/mpu6050.o
 .debug_aranges
                0x00000030       0x28 ./Static_Code/System/PE_low_level_init.o
 .debug_aranges
                0x00000058       0x20 ./Sources/Events.o
 .debug_aranges
                0x00000078       0x20 ./Sources/main.o
 .debug_aranges
                0x00000098       0x20 ./Sources/os_tasks.o
 .debug_aranges
                0x000000b8       0x20 ./Sources/rtos_main_task.o
 .debug_aranges
                0x000000d8       0x68 ./SDK/rtos/FreeRTOS/src/event_groups.o
 .debug_aranges
                0x00000140       0x40 ./SDK/rtos/FreeRTOS/src/heap_2.o
 .debug_aranges
                0x00000180       0x40 ./SDK/rtos/FreeRTOS/src/list.o
 .debug_aranges
                0x000001c0       0xe0 ./SDK/rtos/FreeRTOS/src/queue.o
 .debug_aranges
                0x000002a0      0x1a0 ./SDK/rtos/FreeRTOS/src/tasks.o
 .debug_aranges
                0x00000440       0xa0 ./SDK/rtos/FreeRTOS/src/timers.o
 .debug_aranges
                0x000004e0       0xa0 ./SDK/rtos/FreeRTOS/port/gcc/port.o
 .debug_aranges
                0x00000580       0xa0 ./SDK/platform/utilities/src/fsl_debug_console.o
 .debug_aranges
                0x00000620       0x28 ./SDK/platform/utilities/src/fsl_misc_utilities.o
 .debug_aranges
                0x00000648      0x210 ./SDK/platform/system/src/clock/MKL25Z4/fsl_clock_MKL25Z4.o
 .debug_aranges
                0x00000858      0x148 ./SDK/platform/osa/src/fsl_os_abstraction_free_rtos.o
 .debug_aranges
                0x000009a0       0xf0 ./SDK/platform/hal/src/mcg/fsl_mcg_hal.o
 .debug_aranges
                0x00000a90       0xd0 ./SDK/platform/hal/src/i2c/fsl_i2c_hal.o
 .debug_aranges
                0x00000b60       0x18 ./SDK/platform/drivers/src/i2c/fsl_i2c_common.o
 .debug_aranges
                0x00000b78      0x120 ./SDK/platform/drivers/src/i2c/fsl_i2c_master_driver.o
 .debug_aranges
                0x00000c98       0x30 ./SDK/platform/drivers/src/i2c/fsl_i2c_shared_function.o
 .debug_aranges
                0x00000cc8      0x100 ./SDK/platform/drivers/src/i2c/fsl_i2c_slave_driver.o
 .debug_aranges
                0x00000dc8       0x20 ./SDK/platform/devices/MKL25Z4/startup/gcc/startup_MKL25Z4.o
 .debug_aranges
                0x00000de8       0x28 ./SDK/platform/devices/MKL25Z4/startup/system_MKL25Z4.o
 .debug_aranges
                0x00000e10       0x20 ./SDK/platform/devices/startup.o
 .debug_aranges
                0x00000e30       0x20 ./Generated_Code/Cpu.o
 .debug_aranges
                0x00000e50       0x20 ./Generated_Code/MainTask.o
 .debug_aranges
                0x00000e70       0x20 ./Generated_Code/Task1.o
 .debug_aranges
                0x00000e90       0x28 ./Generated_Code/hardware_init.o
 .debug_aranges
                0x00000eb8       0x18 ./Generated_Code/i2cCom1.o
 .debug_aranges
                0x00000ed0       0x60 ./Generated_Code/pin_init.o

.debug_ranges   0x00000000      0xd10
 .debug_ranges  0x00000000       0x20 ./driver_code/mpu6050.o
 .debug_ranges  0x00000020       0x18 ./Static_Code/System/PE_low_level_init.o
 .debug_ranges  0x00000038       0x10 ./Sources/Events.o
 .debug_ranges  0x00000048       0x10 ./Sources/main.o
 .debug_ranges  0x00000058       0x10 ./Sources/os_tasks.o
 .debug_ranges  0x00000068       0x10 ./Sources/rtos_main_task.o
 .debug_ranges  0x00000078       0x58 ./SDK/rtos/FreeRTOS/src/event_groups.o
 .debug_ranges  0x000000d0       0x30 ./SDK/rtos/FreeRTOS/src/heap_2.o
 .debug_ranges  0x00000100       0x30 ./SDK/rtos/FreeRTOS/src/list.o
 .debug_ranges  0x00000130       0xd0 ./SDK/rtos/FreeRTOS/src/queue.o
 .debug_ranges  0x00000200      0x190 ./SDK/rtos/FreeRTOS/src/tasks.o
 .debug_ranges  0x00000390       0x90 ./SDK/rtos/FreeRTOS/src/timers.o
 .debug_ranges  0x00000420       0x90 ./SDK/rtos/FreeRTOS/port/gcc/port.o
 .debug_ranges  0x000004b0       0x90 ./SDK/platform/utilities/src/fsl_debug_console.o
 .debug_ranges  0x00000540       0x18 ./SDK/platform/utilities/src/fsl_misc_utilities.o
 .debug_ranges  0x00000558      0x200 ./SDK/platform/system/src/clock/MKL25Z4/fsl_clock_MKL25Z4.o
 .debug_ranges  0x00000758      0x138 ./SDK/platform/osa/src/fsl_os_abstraction_free_rtos.o
 .debug_ranges  0x00000890       0xe0 ./SDK/platform/hal/src/mcg/fsl_mcg_hal.o
 .debug_ranges  0x00000970       0xc0 ./SDK/platform/hal/src/i2c/fsl_i2c_hal.o
 .debug_ranges  0x00000a30      0x110 ./SDK/platform/drivers/src/i2c/fsl_i2c_master_driver.o
 .debug_ranges  0x00000b40       0x20 ./SDK/platform/drivers/src/i2c/fsl_i2c_shared_function.o
 .debug_ranges  0x00000b60       0xf0 ./SDK/platform/drivers/src/i2c/fsl_i2c_slave_driver.o
 .debug_ranges  0x00000c50       0x18 ./SDK/platform/devices/MKL25Z4/startup/system_MKL25Z4.o
 .debug_ranges  0x00000c68       0x10 ./SDK/platform/devices/startup.o
 .debug_ranges  0x00000c78       0x10 ./Generated_Code/Cpu.o
 .debug_ranges  0x00000c88       0x10 ./Generated_Code/MainTask.o
 .debug_ranges  0x00000c98       0x10 ./Generated_Code/Task1.o
 .debug_ranges  0x00000ca8       0x18 ./Generated_Code/hardware_init.o
 .debug_ranges  0x00000cc0       0x50 ./Generated_Code/pin_init.o

.debug_macro    0x00000000    0x184b4
 .debug_macro   0x00000000      0x25c ./driver_code/mpu6050.o
 .debug_macro   0x0000025c      0x80e ./driver_code/mpu6050.o
 .debug_macro   0x00000a6a       0x10 ./driver_code/mpu6050.o
 .debug_macro   0x00000a7a       0x58 ./driver_code/mpu6050.o
 .debug_macro   0x00000ad2       0x16 ./driver_code/mpu6050.o
 .debug_macro   0x00000ae8       0x35 ./driver_code/mpu6050.o
 .debug_macro   0x00000b1d       0xa3 ./driver_code/mpu6050.o
 .debug_macro   0x00000bc0       0x16 ./driver_code/mpu6050.o
 .debug_macro   0x00000bd6      0x10e ./driver_code/mpu6050.o
 .debug_macro   0x00000ce4       0x7f ./driver_code/mpu6050.o
 .debug_macro   0x00000d63       0x4a ./driver_code/mpu6050.o
 .debug_macro   0x00000dad       0x52 ./driver_code/mpu6050.o
 .debug_macro   0x00000dff       0x16 ./driver_code/mpu6050.o
 .debug_macro   0x00000e15       0x43 ./driver_code/mpu6050.o
 .debug_macro   0x00000e58      0x180 ./driver_code/mpu6050.o
 .debug_macro   0x00000fd8       0x22 ./driver_code/mpu6050.o
 .debug_macro   0x00000ffa       0x22 ./driver_code/mpu6050.o
 .debug_macro   0x0000101c       0x16 ./driver_code/mpu6050.o
 .debug_macro   0x00001032       0x11 ./driver_code/mpu6050.o
 .debug_macro   0x00001043       0x16 ./driver_code/mpu6050.o
 .debug_macro   0x00001059      0x20f ./driver_code/mpu6050.o
 .debug_macro   0x00001268       0x3a ./driver_code/mpu6050.o
 .debug_macro   0x000012a2       0x3a ./driver_code/mpu6050.o
 .debug_macro   0x000012dc       0x26 ./driver_code/mpu6050.o
 .debug_macro   0x00001302      0x306 ./driver_code/mpu6050.o
 .debug_macro   0x00001608       0xc6 ./driver_code/mpu6050.o
 .debug_macro   0x000016ce     0x8439 ./driver_code/mpu6050.o
 .debug_macro   0x00009b07       0x82 ./driver_code/mpu6050.o
 .debug_macro   0x00009b89     0x7658 ./driver_code/mpu6050.o
 .debug_macro   0x000111e1     0x1108 ./driver_code/mpu6050.o
 .debug_macro   0x000122e9       0x10 ./driver_code/mpu6050.o
 .debug_macro   0x000122f9       0x16 ./driver_code/mpu6050.o
 .debug_macro   0x0001230f      0x203 ./driver_code/mpu6050.o
 .debug_macro   0x00012512       0x52 ./driver_code/mpu6050.o
 .debug_macro   0x00012564       0xce ./driver_code/mpu6050.o
 .debug_macro   0x00012632       0x10 ./driver_code/mpu6050.o
 .debug_macro   0x00012642       0x1f ./driver_code/mpu6050.o
 .debug_macro   0x00012661       0xc0 ./driver_code/mpu6050.o
 .debug_macro   0x00012721       0x70 ./driver_code/mpu6050.o
 .debug_macro   0x00012791      0x337 ./driver_code/mpu6050.o
 .debug_macro   0x00012ac8       0xb0 ./driver_code/mpu6050.o
 .debug_macro   0x00012b78       0x7f ./driver_code/mpu6050.o
 .debug_macro   0x00012bf7       0x97 ./driver_code/mpu6050.o
 .debug_macro   0x00012c8e       0x19 ./driver_code/mpu6050.o
 .debug_macro   0x00012ca7       0x3c ./driver_code/mpu6050.o
 .debug_macro   0x00012ce3       0x22 ./driver_code/mpu6050.o
 .debug_macro   0x00012d05      0x3b4 ./Static_Code/System/PE_low_level_init.o
 .debug_macro   0x000130b9       0x44 ./Static_Code/System/PE_low_level_init.o
 .debug_macro   0x000130fd      0x209 ./Static_Code/System/PE_low_level_init.o
 .debug_macro   0x00013306       0x7c ./Static_Code/System/PE_low_level_init.o
 .debug_macro   0x00013382       0x10 ./Static_Code/System/PE_low_level_init.o
 .debug_macro   0x00013392       0x11 ./Static_Code/System/PE_low_level_init.o
 .debug_macro   0x000133a3       0x10 ./Static_Code/System/PE_low_level_init.o
 .debug_macro   0x000133b3       0x1c ./Static_Code/System/PE_low_level_init.o
 .debug_macro   0x000133cf       0x12 ./Static_Code/System/PE_low_level_init.o
 .debug_macro   0x000133e1       0x22 ./Static_Code/System/PE_low_level_init.o
 .debug_macro   0x00013403       0x20 ./Static_Code/System/PE_low_level_init.o
 .debug_macro   0x00013423       0x10 ./Static_Code/System/PE_low_level_init.o
 .debug_macro   0x00013433       0x1c ./Static_Code/System/PE_low_level_init.o
 .debug_macro   0x0001344f      0x3ae ./Sources/Events.o
 .debug_macro   0x000137fd      0x3ae ./Sources/main.o
 .debug_macro   0x00013bab      0x3ae ./Sources/os_tasks.o
 .debug_macro   0x00013f59      0x3c6 ./Sources/rtos_main_task.o
 .debug_macro   0x0001431f      0x185 ./SDK/rtos/FreeRTOS/src/event_groups.o
 .debug_macro   0x000144a4      0x164 ./SDK/rtos/FreeRTOS/src/heap_2.o
 .debug_macro   0x00014608      0x145 ./SDK/rtos/FreeRTOS/src/list.o
 .debug_macro   0x0001474d      0x1c1 ./SDK/rtos/FreeRTOS/src/queue.o
 .debug_macro   0x0001490e      0x2a6 ./SDK/rtos/FreeRTOS/src/queue.o
 .debug_macro   0x00014bb4       0x10 ./SDK/rtos/FreeRTOS/src/queue.o
 .debug_macro   0x00014bc4       0x35 ./SDK/rtos/FreeRTOS/src/queue.o
 .debug_macro   0x00014bf9      0x1fa ./SDK/rtos/FreeRTOS/src/tasks.o
 .debug_macro   0x00014df3       0x16 ./SDK/rtos/FreeRTOS/src/tasks.o
 .debug_macro   0x00014e09      0x169 ./SDK/rtos/FreeRTOS/src/timers.o
 .debug_macro   0x00014f72      0x1eb ./SDK/rtos/FreeRTOS/port/gcc/port.o
 .debug_macro   0x0001515d       0xc8 ./SDK/rtos/FreeRTOS/port/gcc/port.o
 .debug_macro   0x00015225       0x46 ./SDK/rtos/FreeRTOS/port/gcc/port.o
 .debug_macro   0x0001526b      0x364 ./SDK/platform/utilities/src/fsl_debug_console.o
 .debug_macro   0x000155cf       0x58 ./SDK/platform/utilities/src/fsl_debug_console.o
 .debug_macro   0x00015627       0x16 ./SDK/platform/utilities/src/fsl_debug_console.o
 .debug_macro   0x0001563d       0x97 ./SDK/platform/utilities/src/fsl_debug_console.o
 .debug_macro   0x000156d4       0xef ./SDK/platform/utilities/src/fsl_debug_console.o
 .debug_macro   0x000157c3       0x10 ./SDK/platform/utilities/src/fsl_debug_console.o
 .debug_macro   0x000157d3       0x22 ./SDK/platform/utilities/src/fsl_debug_console.o
 .debug_macro   0x000157f5       0xbd ./SDK/platform/utilities/src/fsl_debug_console.o
 .debug_macro   0x000158b2       0x16 ./SDK/platform/utilities/src/fsl_debug_console.o
 .debug_macro   0x000158c8      0x14a ./SDK/platform/utilities/src/fsl_debug_console.o
 .debug_macro   0x00015a12       0x22 ./SDK/platform/utilities/src/fsl_debug_console.o
 .debug_macro   0x00015a34      0x218 ./SDK/platform/utilities/src/fsl_misc_utilities.o
 .debug_macro   0x00015c4c       0x2e ./SDK/platform/utilities/src/fsl_misc_utilities.o
 .debug_macro   0x00015c7a       0x10 ./SDK/platform/utilities/src/fsl_misc_utilities.o
 .debug_macro   0x00015c8a      0x241 ./SDK/platform/utilities/src/fsl_misc_utilities.o
 .debug_macro   0x00015ecb      0x29c ./SDK/platform/system/src/clock/MKL25Z4/fsl_clock_MKL25Z4.o
 .debug_macro   0x00016167      0x25d ./SDK/platform/osa/src/fsl_os_abstraction_free_rtos.o
 .debug_macro   0x000163c4      0x174 ./SDK/platform/hal/src/mcg/fsl_mcg_hal.o
 .debug_macro   0x00016538      0x17c ./SDK/platform/hal/src/i2c/fsl_i2c_hal.o
 .debug_macro   0x000166b4       0x34 ./SDK/platform/hal/src/i2c/fsl_i2c_hal.o
 .debug_macro   0x000166e8      0x15d ./SDK/platform/drivers/src/i2c/fsl_i2c_common.o
 .debug_macro   0x00016845      0x305 ./SDK/platform/drivers/src/i2c/fsl_i2c_master_driver.o
 .debug_macro   0x00016b4a      0x186 ./SDK/platform/drivers/src/i2c/fsl_i2c_shared_function.o
 .debug_macro   0x00016cd0      0x305 ./SDK/platform/drivers/src/i2c/fsl_i2c_slave_driver.o
 .debug_macro   0x00016fd5      0x158 ./SDK/platform/devices/MKL25Z4/startup/system_MKL25Z4.o
 .debug_macro   0x0001712d      0x167 ./SDK/platform/devices/startup.o
 .debug_macro   0x00017294      0x3bf ./Generated_Code/Cpu.o
 .debug_macro   0x00017653       0x19 ./Generated_Code/Cpu.o
 .debug_macro   0x0001766c      0x3a6 ./Generated_Code/MainTask.o
 .debug_macro   0x00017a12      0x3a6 ./Generated_Code/Task1.o
 .debug_macro   0x00017db8      0x1b1 ./Generated_Code/hardware_init.o
 .debug_macro   0x00017f69      0x3a6 ./Generated_Code/i2cCom1.o
 .debug_macro   0x0001830f      0x1a5 ./Generated_Code/pin_init.o

.debug_line     0x00000000     0xe9d8
 .debug_line    0x00000000      0x68a ./driver_code/mpu6050.o
 .debug_line    0x0000068a      0x8f3 ./Static_Code/System/PE_low_level_init.o
 .debug_line    0x00000f7d      0x8a2 ./Sources/Events.o
 .debug_line    0x0000181f      0x8a7 ./Sources/main.o
 .debug_line    0x000020c6      0x8b0 ./Sources/os_tasks.o
 .debug_line    0x00002976      0x8fa ./Sources/rtos_main_task.o
 .debug_line    0x00003270      0x523 ./SDK/rtos/FreeRTOS/src/event_groups.o
 .debug_line    0x00003793      0x3e8 ./SDK/rtos/FreeRTOS/src/heap_2.o
 .debug_line    0x00003b7b      0x3ad ./SDK/rtos/FreeRTOS/src/list.o
 .debug_line    0x00003f28      0x8f3 ./SDK/rtos/FreeRTOS/src/queue.o
 .debug_line    0x0000481b      0xcf7 ./SDK/rtos/FreeRTOS/src/tasks.o
 .debug_line    0x00005512      0x585 ./SDK/rtos/FreeRTOS/src/timers.o
 .debug_line    0x00005a97      0x444 ./SDK/rtos/FreeRTOS/port/gcc/port.o
 .debug_line    0x00005edb      0xa10 ./SDK/platform/utilities/src/fsl_debug_console.o
 .debug_line    0x000068eb      0x4cb ./SDK/platform/utilities/src/fsl_misc_utilities.o
 .debug_line    0x00006db6      0xd48 ./SDK/platform/system/src/clock/MKL25Z4/fsl_clock_MKL25Z4.o
 .debug_line    0x00007afe      0xa78 ./SDK/platform/osa/src/fsl_os_abstraction_free_rtos.o
 .debug_line    0x00008576      0x731 ./SDK/platform/hal/src/mcg/fsl_mcg_hal.o
 .debug_line    0x00008ca7      0x74c ./SDK/platform/hal/src/i2c/fsl_i2c_hal.o
 .debug_line    0x000093f3      0x3a2 ./SDK/platform/drivers/src/i2c/fsl_i2c_common.o
 .debug_line    0x00009795      0xc61 ./SDK/platform/drivers/src/i2c/fsl_i2c_master_driver.o
 .debug_line    0x0000a3f6      0x49f ./SDK/platform/drivers/src/i2c/fsl_i2c_shared_function.o
 .debug_line    0x0000a895      0xbf7 ./SDK/platform/drivers/src/i2c/fsl_i2c_slave_driver.o
 .debug_line    0x0000b48c       0x77 ./SDK/platform/devices/MKL25Z4/startup/gcc/startup_MKL25Z4.o
 .debug_line    0x0000b503      0x44d ./SDK/platform/devices/MKL25Z4/startup/system_MKL25Z4.o
 .debug_line    0x0000b950      0x395 ./SDK/platform/devices/startup.o
 .debug_line    0x0000bce5      0x8fe ./Generated_Code/Cpu.o
 .debug_line    0x0000c5e3      0x8ca ./Generated_Code/MainTask.o