Archive member included because of file (symbol)

c:/freescale/kds_v3/toolchain/bin/../lib/gcc/arm-none-eabi/4.8.4/../../../../arm-none-eabi/lib/armv6-m\libm.a(lib_a-s_modf.o)
                              ./SDK/platform/utilities/src/print_scan.o (modf)
c:/freescale/kds_v3/toolchain/bin/../lib/gcc/arm-none-eabi/4.8.4/armv6-m\libgcc.a(_udivsi3.o)
                              ./SDK/platform/utilities/src/print_scan.o (__aeabi_uidiv)
c:/freescale/kds_v3/toolchain/bin/../lib/gcc/arm-none-eabi/4.8.4/armv6-m\libgcc.a(_divsi3.o)
                              ./SDK/platform/utilities/src/print_scan.o (__aeabi_idiv)
c:/freescale/kds_v3/toolchain/bin/../lib/gcc/arm-none-eabi/4.8.4/armv6-m\libgcc.a(_dvmd_tls.o)
                              c:/freescale/kds_v3/toolchain/bin/../lib/gcc/arm-none-eabi/4.8.4/armv6-m\libgcc.a(_udivsi3.o) (__aeabi_idiv0)
c:/freescale/kds_v3/toolchain/bin/../lib/gcc/arm-none-eabi/4.8.4/armv6-m\libgcc.a(_arm_cmpdf2.o)
                              ./SDK/platform/utilities/src/print_scan.o (__aeabi_dcmpeq)
c:/freescale/kds_v3/toolchain/bin/../lib/gcc/arm-none-eabi/4.8.4/armv6-m\libgcc.a(_arm_cmpsf2.o)
                              ./SCADE/rangeChecker_TemperatureSensor.o (__aeabi_fcmple)
c:/freescale/kds_v3/toolchain/bin/../lib/gcc/arm-none-eabi/4.8.4/armv6-m\libgcc.a(_muldi3.o)
                              ./SDK/platform/utilities/src/print_scan.o (__aeabi_lmul)
c:/freescale/kds_v3/toolchain/bin/../lib/gcc/arm-none-eabi/4.8.4/armv6-m\libgcc.a(_fixdfdi.o)
                              ./SDK/platform/utilities/src/print_scan.o (__aeabi_d2lz)
c:/freescale/kds_v3/toolchain/bin/../lib/gcc/arm-none-eabi/4.8.4/armv6-m\libgcc.a(_fixunsdfdi.o)
                              c:/freescale/kds_v3/toolchain/bin/../lib/gcc/arm-none-eabi/4.8.4/armv6-m\libgcc.a(_fixdfdi.o) (__aeabi_d2ulz)
c:/freescale/kds_v3/toolchain/bin/../lib/gcc/arm-none-eabi/4.8.4/armv6-m\libgcc.a(_floatdidf.o)
                              ./SDK/platform/utilities/src/print_scan.o (__aeabi_l2d)
c:/freescale/kds_v3/toolchain/bin/../lib/gcc/arm-none-eabi/4.8.4/armv6-m\libgcc.a(addsf3.o)
                              ./SCADE/tempratureSensor_TemperatureSensor.o (__aeabi_fadd)
c:/freescale/kds_v3/toolchain/bin/../lib/gcc/arm-none-eabi/4.8.4/armv6-m\libgcc.a(divsf3.o)
                              ./SCADE/humiditySensor_HumiditySensor.o (__aeabi_fdiv)
c:/freescale/kds_v3/toolchain/bin/../lib/gcc/arm-none-eabi/4.8.4/armv6-m\libgcc.a(eqsf2.o)
                              c:/freescale/kds_v3/toolchain/bin/../lib/gcc/arm-none-eabi/4.8.4/armv6-m\libgcc.a(_arm_cmpsf2.o) (__eqsf2)
c:/freescale/kds_v3/toolchain/bin/../lib/gcc/arm-none-eabi/4.8.4/armv6-m\libgcc.a(gesf2.o)
                              c:/freescale/kds_v3/toolchain/bin/../lib/gcc/arm-none-eabi/4.8.4/armv6-m\libgcc.a(_arm_cmpsf2.o) (__gesf2)
c:/freescale/kds_v3/toolchain/bin/../lib/gcc/arm-none-eabi/4.8.4/armv6-m\libgcc.a(lesf2.o)
                              c:/freescale/kds_v3/toolchain/bin/../lib/gcc/arm-none-eabi/4.8.4/armv6-m\libgcc.a(_arm_cmpsf2.o) (__lesf2)
c:/freescale/kds_v3/toolchain/bin/../lib/gcc/arm-none-eabi/4.8.4/armv6-m\libgcc.a(mulsf3.o)
                              ./SCADE/humiditySensor_HumiditySensor.o (__aeabi_fmul)
c:/freescale/kds_v3/toolchain/bin/../lib/gcc/arm-none-eabi/4.8.4/armv6-m\libgcc.a(subsf3.o)
                              ./SCADE/humiditySensor_HumiditySensor.o (__aeabi_fsub)
c:/freescale/kds_v3/toolchain/bin/../lib/gcc/arm-none-eabi/4.8.4/armv6-m\libgcc.a(floatsisf.o)
                              ./SCADE/humiditySensor_HumiditySensor.o (__aeabi_i2f)
c:/freescale/kds_v3/toolchain/bin/../lib/gcc/arm-none-eabi/4.8.4/armv6-m\libgcc.a(floatunsisf.o)
                              ./SCADE/tempratureSensor_TemperatureSensor.o (__aeabi_ui2f)
c:/freescale/kds_v3/toolchain/bin/../lib/gcc/arm-none-eabi/4.8.4/armv6-m\libgcc.a(adddf3.o)
                              ./SDK/platform/utilities/src/print_scan.o (__aeabi_dadd)
c:/freescale/kds_v3/toolchain/bin/../lib/gcc/arm-none-eabi/4.8.4/armv6-m\libgcc.a(divdf3.o)
                              ./SDK/platform/utilities/src/print_scan.o (__aeabi_ddiv)
c:/freescale/kds_v3/toolchain/bin/../lib/gcc/arm-none-eabi/4.8.4/armv6-m\libgcc.a(eqdf2.o)
                              c:/freescale/kds_v3/toolchain/bin/../lib/gcc/arm-none-eabi/4.8.4/armv6-m\libgcc.a(_arm_cmpdf2.o) (__eqdf2)
c:/freescale/kds_v3/toolchain/bin/../lib/gcc/arm-none-eabi/4.8.4/armv6-m\libgcc.a(gedf2.o)
                              c:/freescale/kds_v3/toolchain/bin/../lib/gcc/arm-none-eabi/4.8.4/armv6-m\libgcc.a(_arm_cmpdf2.o) (__gedf2)
c:/freescale/kds_v3/toolchain/bin/../lib/gcc/arm-none-eabi/4.8.4/armv6-m\libgcc.a(ledf2.o)
                              c:/freescale/kds_v3/toolchain/bin/../lib/gcc/arm-none-eabi/4.8.4/armv6-m\libgcc.a(_arm_cmpdf2.o) (__ledf2)
c:/freescale/kds_v3/toolchain/bin/../lib/gcc/arm-none-eabi/4.8.4/armv6-m\libgcc.a(muldf3.o)
                              ./SDK/platform/utilities/src/print_scan.o (__aeabi_dmul)
[...]
Memory Configuration

Name             Origin             Length             Attributes
m_interrupts     0x00000000         0x00000200         xr
m_flash_config   0x00000400         0x00000010         xr
m_interrupts_ram 0x1ffff000         0x00000200         rw
m_text           0x00000410         0x0001fbf0         xr
m_data           0x1ffff200         0x00003e00         rw
*default*        0x00000000         0xffffffff

Linker script and memory map

LOAD c:/freescale/kds_v3/toolchain/bin/../lib/gcc/arm-none-eabi/4.8.4/armv6-m/crti.o
LOAD c:/freescale/kds_v3/toolchain/bin/../lib/gcc/arm-none-eabi/4.8.4/armv6-m/crtbegin.o
LOAD c:/freescale/kds_v3/toolchain/bin/../lib/gcc/arm-none-eabi/4.8.4/../../../../arm-none-eabi/lib/armv6-m/crt0.o
LOAD ./nRF24L01/nRF24L01_API.o
LOAD ./Static_Code/System/PE_low_level_init.o
LOAD ./Sources/Events.o
LOAD ./Sources/main.o
LOAD ./Sources/os_tasks.o
LOAD ./Sources/rtos_main_task.o
LOAD ./SDK/rtos/FreeRTOS/src/croutine.o
LOAD ./SDK/rtos/FreeRTOS/src/event_groups.o
LOAD ./SDK/rtos/FreeRTOS/src/heap_1.o
LOAD ./SDK/rtos/FreeRTOS/src/heap_2.o
LOAD ./SDK/rtos/FreeRTOS/src/heap_3.o
LOAD ./SDK/rtos/FreeRTOS/src/heap_4.o
LOAD ./SDK/rtos/FreeRTOS/src/heap_5.o
LOAD ./SDK/rtos/FreeRTOS/src/list.o
LOAD ./SDK/rtos/FreeRTOS/src/queue.o
LOAD ./SDK/rtos/FreeRTOS/src/tasks.o
LOAD ./SDK/rtos/FreeRTOS/src/timers.o
LOAD ./SDK/rtos/FreeRTOS/port/gcc/port.o
LOAD ./SDK/rtos/FreeRTOS/port/gcc/portasm.o
LOAD ./SDK/platform/utilities/src/fsl_debug_console.o
LOAD ./SDK/platform/utilities/src/fsl_misc_utilities.o
LOAD ./SDK/platform/utilities/src/print_scan.o
LOAD ./SDK/platform/system/src/interrupt/fsl_interrupt_manager.o
LOAD ./SDK/platform/system/src/clock/MKL25Z4/fsl_clock_MKL25Z4.o
LOAD ./SDK/platform/system/src/clock/fsl_clock_manager.o
LOAD ./SDK/platform/system/src/clock/fsl_clock_manager_common.o
LOAD ./SDK/platform/osa/src/fsl_os_abstraction_free_rtos.o
LOAD ./SDK/platform/hal/src/uart/fsl_uart_hal.o
LOAD ./SDK/platform/hal/src/spi/fsl_spi_hal.o
LOAD ./SDK/platform/hal/src/sim/MKL25Z4/fsl_sim_hal_MKL25Z4.o
LOAD ./SDK/platform/hal/src/rtc/fsl_rtc_hal.o
LOAD ./SDK/platform/hal/src/port/fsl_port_hal.o
LOAD ./SDK/platform/hal/src/osc/fsl_osc_hal.o
LOAD ./SDK/platform/hal/src/mcg/fsl_mcg_hal.o
LOAD ./SDK/platform/hal/src/mcg/fsl_mcg_hal_modes.o
LOAD ./SDK/platform/hal/src/lpsci/fsl_lpsci_hal.o
LOAD ./SDK/platform/hal/src/i2c/fsl_i2c_hal.o
LOAD ./SDK/platform/hal/src/gpio/fsl_gpio_hal.o
LOAD ./SDK/platform/drivers/src/spi/fsl_spi_common.o
LOAD ./SDK/platform/drivers/src/spi/fsl_spi_master_driver.o
LOAD ./SDK/platform/drivers/src/spi/fsl_spi_shared_function.o
LOAD ./SDK/platform/drivers/src/spi/fsl_spi_slave_driver.o
LOAD ./SDK/platform/drivers/src/rtc/fsl_rtc_common.o
LOAD ./SDK/platform/drivers/src/i2c/fsl_i2c_common.o
LOAD ./SDK/platform/drivers/src/i2c/fsl_i2c_master_driver.o
LOAD ./SDK/platform/drivers/src/i2c/fsl_i2c_shared_function.o
LOAD ./SDK/platform/drivers/src/i2c/fsl_i2c_slave_driver.o
LOAD ./SDK/platform/drivers/src/gpio/fsl_gpio_common.o
LOAD ./SDK/platform/drivers/src/gpio/fsl_gpio_driver.o
LOAD ./SDK/platform/devices/MKL25Z4/startup/gcc/startup_MKL25Z4.o
LOAD ./SDK/platform/devices/MKL25Z4/startup/system_MKL25Z4.o
LOAD ./SDK/platform/devices/startup.o
LOAD ./SCADE/Integration_Integration.o
LOAD ./SCADE/accellerometerSensor_AccellerometerSensor.o
LOAD ./SCADE/humiditySensor_HumiditySensor.o
LOAD ./SCADE/kcg_consts.o
LOAD ./SCADE/kcg_types.o
LOAD ./SCADE/rangeChecker_TemperatureSensor.o
LOAD ./SCADE/tempratureSensor_TemperatureSensor.o
LOAD ./Prova_Conceito/Tarefas/maquinaEstadoRadio.o
LOAD ./Prova_Conceito/Tarefas/maquinaEstadoSensor.o
LOAD ./MAX6675/MAX6675_API.o
LOAD ./Generated_Code/Cpu.o
LOAD ./Generated_Code/DbgCs1.o
LOAD ./Generated_Code/MainTask.o
LOAD ./Generated_Code/Radio.o
LOAD ./Generated_Code/clockMan1.o
LOAD ./Generated_Code/free_rtos.o
LOAD ./Generated_Code/gpio.o
LOAD ./Generated_Code/hardware_init.o
LOAD ./Generated_Code/i2cCom1.o
LOAD ./Generated_Code/osa1.o
LOAD ./Generated_Code/pin_init.o
LOAD ./Generated_Code/spiRadioTemp.o
LOAD ./Generated_Code/tempSensor.o
LOAD c:/freescale/kds_v3/toolchain/bin/../lib/gcc/arm-none-eabi/4.8.4/../../../../arm-none-eabi/lib/armv6-m\libstdc++_s.a
LOAD c:/freescale/kds_v3/toolchain/bin/../lib/gcc/arm-none-eabi/4.8.4/../../../../arm-none-eabi/lib/armv6-m\libm.a
START GROUP
LOAD c:/freescale/kds_v3/toolchain/bin/../lib/gcc/arm-none-eabi/4.8.4/armv6-m\libgcc.a
LOAD c:/freescale/kds_v3/toolchain/bin/../lib/gcc/arm-none-eabi/4.8.4/../../../../arm-none-eabi/lib/armv6-m\libg_s.a
LOAD c:/freescale/kds_v3/toolchain/bin/../lib/gcc/arm-none-eabi/4.8.4/../../../../arm-none-eabi/lib/armv6-m\libc_s.a
END GROUP
START GROUP
LOAD c:/freescale/kds_v3/toolchain/bin/../lib/gcc/arm-none-eabi/4.8.4/armv6-m\libgcc.a
LOAD c:/freescale/kds_v3/toolchain/bin/../lib/gcc/arm-none-eabi/4.8.4/../../../../arm-none-eabi/lib/armv6-m\libc_s.a
LOAD c:/freescale/kds_v3/toolchain/bin/../lib/gcc/arm-none-eabi/4.8.4/../../../../arm-none-eabi/lib/armv6-m\libnosys.a
END GROUP
START GROUP
LOAD c:/freescale/kds_v3/toolchain/bin/../lib/gcc/arm-none-eabi/4.8.4/armv6-m\libgcc.a
LOAD c:/freescale/kds_v3/toolchain/bin/../lib/gcc/arm-none-eabi/4.8.4/../../../../arm-none-eabi/lib/armv6-m\libc_s.a
LOAD c:/freescale/kds_v3/toolchain/bin/../lib/gcc/arm-none-eabi/4.8.4/../../../../arm-none-eabi/lib/armv6-m\libnosys.a
END GROUP
LOAD c:/freescale/kds_v3/toolchain/bin/../lib/gcc/arm-none-eabi/4.8.4/armv6-m/crtend.o
LOAD c:/freescale/kds_v3/toolchain/bin/../lib/gcc/arm-none-eabi/4.8.4/armv6-m/crtn.o
                0x00002000                HEAP_SIZE = DEFINED (__heap_size__)?__heap_size__:0x2000
                0x00000400                STACK_SIZE = DEFINED (__stack_size__)?__stack_size__:0x400

.interrupts     0x00000000       0xc0
                0x00000000                __VECTOR_TABLE = .
                0x00000000                . = ALIGN (0x4)
 *(.isr_vector)
 .isr_vector    0x00000000       0xc0 ./SDK/platform/devices/MKL25Z4/startup/gcc/startup_MKL25Z4.o
                0x00000000                __isr_vector
                0x000000c0                . = ALIGN (0x4)
                0x1ffff000                __VECTOR_RAM = ORIGIN (m_interrupts_ram)

.flash_config   0x00000400       0x10
                0x00000400                . = ALIGN (0x4)
 *(.FlashConfig)
 .FlashConfig   0x00000400       0x10 ./SDK/platform/devices/MKL25Z4/startup/gcc/startup_MKL25Z4.o
                0x00000410                . = ALIGN (0x4)

.text           0x00000410     0xbe48
                0x00000410                . = ALIGN (0x4)
 *(.text)
 .text          0x00000410       0x60 c:/freescale/kds_v3/toolchain/bin/../lib/gcc/arm-none-eabi/4.8.4/armv6-m/crtbegin.o
 .text          0x00000470       0x78 c:/freescale/kds_v3/toolchain/bin/../lib/gcc/arm-none-eabi/4.8.4/../../../../arm-none-eabi/lib/armv6-m/crt0.o
                0x00000470                _start
                0x00000470                _mainCRTStartup
 .text          0x000004e8       0x18 ./SDK/platform/devices/MKL25Z4/startup/gcc/startup_MKL25Z4.o
                0x000004e8                Reset_Handler
                0x000004f8                HardFault_Handler
                0x000004f8                NMI_Handler
                0x000004f8                UART1_IRQHandler
                0x000004f8                DMA2_IRQHandler
                0x000004f8                TPM0_IRQHandler
                0x000004f8                LLWU_IRQHandler
                0x000004f8                TSI0_IRQHandler
                0x000004f8                UART0_IRQHandler
                0x000004f8                ADC0_IRQHandler
                0x000004f8                Reserved39_IRQHandler
                0x000004f8                SPI1_IRQHandler
                0x000004f8                DefaultISR
                0x000004f8                PORTD_IRQHandler
                0x000004f8                TPM2_IRQHandler
                0x000004f8                RTC_IRQHandler
                0x000004f8                I2C0_IRQHandler
                0x000004f8                RTC_Seconds_IRQHandler
                0x000004f8                MCG_IRQHandler
                0x000004f8                UART2_IRQHandler
                0x000004f8                Reserved20_IRQHandler
                0x000004f8                USB0_IRQHandler
                0x000004f8                PIT_IRQHandler
                0x000004f8                DMA3_IRQHandler
                0x000004f8                DMA0_IRQHandler
                0x000004f8                DAC0_IRQHandler
                0x000004f8                Reserved45_IRQHandler
                0x000004f8                TPM1_IRQHandler
                0x000004f8                LVD_LVW_IRQHandler
                0x000004f8                FTFA_IRQHandler
                0x000004f8                LPTMR0_IRQHandler
                0x000004f8                CMP0_IRQHandler
                0x000004f8                DMA1_IRQHandler
 .text          0x00000500       0x9c c:/freescale/kds_v3/toolchain/bin/../lib/gcc/arm-none-eabi/4.8.4/armv6-m\libgcc.a(_udivsi3.o)
                0x00000500                __aeabi_uidiv
                0x00000500                __udivsi3
                0x00000588                __aeabi_uidivmod
 .text          0x0000059c       0xc0 c:/freescale/kds_v3/toolchain/bin/../lib/gcc/arm-none-eabi/4.8.4/armv6-m\libgcc.a(_divsi3.o)
                0x0000059c                __divsi3
                0x0000059c                __aeabi_idiv
                0x00000648                __aeabi_idivmod
 .text          0x0000065c        0x4 c:/freescale/kds_v3/toolchain/bin/../lib/gcc/arm-none-eabi/4.8.4/armv6-m\libgcc.a(_dvmd_tls.o)
                0x0000065c                __aeabi_idiv0
                0x0000065c                __aeabi_ldiv0
 .text          0x00000660       0x7c c:/freescale/kds_v3/toolchain/bin/../lib/gcc/arm-none-eabi/4.8.4/armv6-m\libgcc.a(_arm_cmpdf2.o)
                0x00000660                __aeabi_cdrcmple
                0x00000670                __aeabi_cdcmple
                0x00000670                __aeabi_cdcmpeq
                0x00000680                __aeabi_dcmpeq
                0x0000068c                __aeabi_dcmplt
                0x000006a0                __aeabi_dcmple
                0x000006b4                __aeabi_dcmpgt
                0x000006c8                __aeabi_dcmpge
 .text          0x000006dc       0x74 c:/freescale/kds_v3/toolchain/bin/../lib/gcc/arm-none-eabi/4.8.4/armv6-m\libgcc.a(_arm_cmpsf2.o)
                0x000006dc                __aeabi_cfrcmple
                0x000006e4                __aeabi_cfcmpeq
                0x000006e4                __aeabi_cfcmple
                0x000006f4                __aeabi_fcmpeq
                0x00000700                __aeabi_fcmplt
                0x00000714                __aeabi_fcmple
                0x00000728                __aeabi_fcmpgt
                0x0000073c                __aeabi_fcmpge
 .text          0x00000750       0x44 c:/freescale/kds_v3/toolchain/bin/../lib/gcc/arm-none-eabi/4.8.4/armv6-m\libgcc.a(_muldi3.o)
                0x00000750                __muldi3
                0x00000750                __aeabi_lmul
 *fill*         0x00000794        0x4 
 .text          0x00000798       0x40 c:/freescale/kds_v3/toolchain/bin/../lib/gcc/arm-none-eabi/4.8.4/armv6-m\libgcc.a(_fixdfdi.o)
                0x00000798                __fixdfdi
                0x00000798                __aeabi_d2lz
 .text          0x000007d8       0x48 c:/freescale/kds_v3/toolchain/bin/../lib/gcc/arm-none-eabi/4.8.4/armv6-m\libgcc.a(_fixunsdfdi.o)
                0x000007d8                __fixunsdfdi
                0x000007d8                __aeabi_d2ulz
 .text          0x00000820       0x30 c:/freescale/kds_v3/toolchain/bin/../lib/gcc/arm-none-eabi/4.8.4/armv6-m\libgcc.a(_floatdidf.o)
                0x00000820                __aeabi_l2d
                0x00000820                __floatdidf
 .text          0x00000850      0x2d8 c:/freescale/kds_v3/toolchain/bin/../lib/gcc/arm-none-eabi/4.8.4/armv6-m\libgcc.a(addsf3.o)
                0x00000850                __aeabi_fadd
 .text          0x00000b28      0x24c c:/freescale/kds_v3/toolchain/bin/../lib/gcc/arm-none-eabi/4.8.4/armv6-m\libgcc.a(divsf3.o)
                0x00000b28                __aeabi_fdiv
 .text          0x00000d74       0x54 c:/freescale/kds_v3/toolchain/bin/../lib/gcc/arm-none-eabi/4.8.4/armv6-m\libgcc.a(eqsf2.o)
                0x00000d74                __eqsf2
                0x00000d74                __nesf2
 .text          0x00000dc8       0x90 c:/freescale/kds_v3/toolchain/bin/../lib/gcc/arm-none-eabi/4.8.4/armv6-m\libgcc.a(gesf2.o)
                0x00000dc8                __gesf2
                0x00000dc8                __gtsf2
 .text          0x00000e58       0x98 c:/freescale/kds_v3/toolchain/bin/../lib/gcc/arm-none-eabi/4.8.4/armv6-m\libgcc.a(lesf2.o)
                0x00000e58                __ltsf2
                0x00000e58                __lesf2
 .text          0x00000ef0      0x254 c:/freescale/kds_v3/toolchain/bin/../lib/gcc/arm-none-eabi/4.8.4/armv6-m\libgcc.a(mulsf3.o)
                0x00000ef0                __aeabi_fmul
 .text          0x00001144       0xa0 c:/freescale/kds_v3/toolchain/bin/../lib/gcc/arm-none-eabi/4.8.4/armv6-m\libgcc.a(floatunsisf.o)
                0x00001144                __aeabi_ui2f
 .text          0x000011e4      0x644 c:/freescale/kds_v3/toolchain/bin/../lib/gcc/arm-none-eabi/4.8.4/armv6-m\libgcc.a(adddf3.o)
                0x000011e4                __aeabi_dadd
 .text          0x00001828      0x648 c:/freescale/kds_v3/toolchain/bin/../lib/gcc/arm-none-eabi/4.8.4/armv6-m\libgcc.a(divdf3.o)
                0x00001828                __aeabi_ddiv
 .text          0x00001e70       0x94 c:/freescale/kds_v3/toolchain/bin/../lib/gcc/arm-none-eabi/4.8.4/armv6-m\libgcc.a(eqdf2.o)
                0x00001e70                __nedf2
                0x00001e70                __eqdf2
 .text          0x00001f04       0xfc c:/freescale/kds_v3/toolchain/bin/../lib/gcc/arm-none-eabi/4.8.4/armv6-m\libgcc.a(gedf2.o)
                0x00001f04                __gedf2
                0x00001f04                __gtdf2
 .text          0x00002000       0xfc c:/freescale/kds_v3/toolchain/bin/../lib/gcc/arm-none-eabi/4.8.4/armv6-m\libgcc.a(ledf2.o)
                0x00002000                __ledf2
                0x00002000                __ltdf2
 .text          0x000020fc      0x520 c:/freescale/kds_v3/toolchain/bin/../lib/gcc/arm-none-eabi/4.8.4/armv6-m\libgcc.a(muldf3.o)
                0x000020fc                __aeabi_dmul
 .text          0x0000261c      0x668 c:/freescale/kds_v3/toolchain/bin/../lib/gcc/arm-none-eabi/4.8.4/armv6-m\libgcc.a(subdf3.o)
                0x0000261c                __aeabi_dsub
 .text          0x00002c84       0x68 c:/freescale/kds_v3/toolchain/bin/../lib/gcc/arm-none-eabi/4.8.4/armv6-m\libgcc.a(fixdfsi.o)
                0x00002c84                __aeabi_d2iz
 .text          0x00002cec       0x7c c:/freescale/kds_v3/toolchain/bin/../lib/gcc/arm-none-eabi/4.8.4/armv6-m\libgcc.a(floatsidf.o)
                0x00002cec                __aeabi_i2d
 .text          0x00002d68       0x68 c:/freescale/kds_v3/toolchain/bin/../lib/gcc/arm-none-eabi/4.8.4/armv6-m\libgcc.a(floatunsidf.o)
                0x00002d68                __aeabi_ui2d
 .text          0x00002dd0       0xa4 c:/freescale/kds_v3/toolchain/bin/../lib/gcc/arm-none-eabi/4.8.4/armv6-m\libgcc.a(extendsfdf2.o)
                0x00002dd0                __aeabi_f2d
 .text          0x00002e74       0x3c c:/freescale/kds_v3/toolchain/bin/../lib/gcc/arm-none-eabi/4.8.4/armv6-m\libgcc.a(_clzsi2.o)
                0x00002e74                __clzsi2
 .text          0x00002eb0       0x40 c:/freescale/kds_v3/toolchain/bin/../lib/gcc/arm-none-eabi/4.8.4/armv6-m\libgcc.a(_fixunsdfsi.o)
                0x00002eb0                __aeabi_d2uiz
                0x00002eb0                __fixunsdfsi
 .text          0x00002ef0       0x34 c:/freescale/kds_v3/toolchain/bin/../lib/gcc/arm-none-eabi/4.8.4/../../../../arm-none-eabi/lib/armv6-m\libg_s.a(lib_a-setjmp.o)
                0x00002ef0                setjmp
                0x00002f08                longjmp
 *(.text*)
 .text.nRF24L01_RW
                0x00002f24       0x48 ./nRF24L01/nRF24L01_API.o
                0x00002f24                nRF24L01_RW
 .text.nRF24L01_Read
                0x00002f6c       0x68 ./nRF24L01/nRF24L01_API.o
                0x00002f6c                nRF24L01_Read
 .text.nRF24L01_Write
                0x00002fd4       0x50 ./nRF24L01/nRF24L01_API.o
                0x00002fd4                nRF24L01_Write
 .text.nRF24L01_writeRegister
                0x00003024       0x74 ./nRF24L01/nRF24L01_API.o
                0x00003024                nRF24L01_writeRegister
 .text.nRF24L01_Write_Buf
                0x00003098       0x9c ./nRF24L01/nRF24L01_API.o
                0x00003098                nRF24L01_Write_Buf
 .text.nRF24L01_Init
                0x00003134       0x50 ./nRF24L01/nRF24L01_API.o
                0x00003134                nRF24L01_Init
 .text.nRF24L01_transmitPayload
                0x00003184       0xb4 ./nRF24L01/nRF24L01_API.o
                0x00003184                nRF24L01_transmitPayload
 .text.nRF24L01_readStatus
                0x00003238       0x14 ./nRF24L01/nRF24L01_API.o
                0x00003238                nRF24L01_readStatus
 .text.L01_Clear_IRQ
                0x0000324c       0x24 ./nRF24L01/nRF24L01_API.o
                0x0000324c                L01_Clear_IRQ
 .text.PEX_components_init
                0x00003270        0xc ./Static_Code/System/PE_low_level_init.o
                0x00003270                PEX_components_init
 .text.PE_low_level_init
                0x0000327c       0x10 ./Static_Code/System/PE_low_level_init.o
                0x0000327c                PE_low_level_init
 .text.PORT_HAL_ClearPortIntFlag
                0x0000328c       0x18 ./Sources/Events.o
 .text.PORTA_IRQHandler
                0x000032a4       0x20 ./Sources/Events.o
                0x000032a4                PORTA_IRQHandler
 .text.SPI0_IRQHandler
                0x000032c4       0x10 ./Sources/Events.o
                0x000032c4                SPI0_IRQHandler
 .text.I2C1_IRQHandler
                0x000032d4       0x10 ./Sources/Events.o
                0x000032d4                I2C1_IRQHandler
 .text.main     0x000032e4       0x48 ./Sources/main.o
                0x000032e4                main
 .text.tempSensor_task
                0x0000332c       0x14 ./Sources/os_tasks.o
                0x0000332c                tempSensor_task
 .text.Radio_task
                0x00003340       0x14 ./Sources/os_tasks.o
                0x00003340                Radio_task
 .text.main_task
                0x00003354       0x14 ./Sources/rtos_main_task.o
                0x00003354                main_task
 .text.xEventGroupSetBits
                0x00003368       0xf8 ./SDK/rtos/FreeRTOS/src/event_groups.o
                0x00003368                xEventGroupSetBits
 .text.vEventGroupSetBitsCallback
                0x00003460       0x1c ./SDK/rtos/FreeRTOS/src/event_groups.o
                0x00003460                vEventGroupSetBitsCallback
 .text.pvPortMalloc
                0x0000347c       0x28 ./SDK/rtos/FreeRTOS/src/heap_3.o
                0x0000347c                pvPortMalloc
 .text.vPortFree
                0x000034a4       0x24 ./SDK/rtos/FreeRTOS/src/heap_3.o
                0x000034a4                vPortFree
 .text.vListInitialise
                0x000034c8       0x3c ./SDK/rtos/FreeRTOS/src/list.o
                0x000034c8                vListInitialise
 .text.vListInitialiseItem
                0x00003504       0x14 ./SDK/rtos/FreeRTOS/src/list.o
                0x00003504                vListInitialiseItem
 .text.vListInsertEnd
                0x00003518       0x44 ./SDK/rtos/FreeRTOS/src/list.o
                0x00003518                vListInsertEnd
 .text.vListInsert
                0x0000355c       0x6c ./SDK/rtos/FreeRTOS/src/list.o
                0x0000355c                vListInsert
 .text.uxListRemove
                0x000035c8       0x50 ./SDK/rtos/FreeRTOS/src/list.o
                0x000035c8                uxListRemove
 .text.xQueueGenericReset
                0x00003618       0xac ./SDK/rtos/FreeRTOS/src/queue.o
                0x00003618                xQueueGenericReset
 .text.xQueueGenericCreate
                0x000036c4       0x94 ./SDK/rtos/FreeRTOS/src/queue.o
                0x000036c4                xQueueGenericCreate
 .text.xQueueCreateCountingSemaphore
                0x00003758       0x58 ./SDK/rtos/FreeRTOS/src/queue.o
                0x00003758                xQueueCreateCountingSemaphore
 .text.xQueueGenericSend
                0x000037b0      0x198 ./SDK/rtos/FreeRTOS/src/queue.o
                0x000037b0                xQueueGenericSend
 .text.xQueueGenericSendFromISR
                0x00003948       0xd8 ./SDK/rtos/FreeRTOS/src/queue.o
                0x00003948                xQueueGenericSendFromISR
 .text.xQueueGiveFromISR
                0x00003a20       0x9c ./SDK/rtos/FreeRTOS/src/queue.o
                0x00003a20                xQueueGiveFromISR
 .text.xQueueGenericReceive
                0x00003abc      0x1c4 ./SDK/rtos/FreeRTOS/src/queue.o
                0x00003abc                xQueueGenericReceive
 .text.prvCopyDataToQueue
                0x00003c80       0xe0 ./SDK/rtos/FreeRTOS/src/queue.o
 .text.prvCopyDataFromQueue
                0x00003d60       0x50 ./SDK/rtos/FreeRTOS/src/queue.o
 .text.prvUnlockQueue
                0x00003db0       0x98 ./SDK/rtos/FreeRTOS/src/queue.o
 .text.prvIsQueueEmpty
                0x00003e48       0x2c ./SDK/rtos/FreeRTOS/src/queue.o
 .text.prvIsQueueFull
                0x00003e74       0x30 ./SDK/rtos/FreeRTOS/src/queue.o
 .text.vQueueWaitForMessageRestricted
                0x00003ea4       0x58 ./SDK/rtos/FreeRTOS/src/queue.o
                0x00003ea4                vQueueWaitForMessageRestricted
 .text.xTaskGenericCreate
                0x00003efc      0x170 ./SDK/rtos/FreeRTOS/src/tasks.o
                0x00003efc                xTaskGenericCreate
 .text.vTaskDelay
                0x0000406c       0x68 ./SDK/rtos/FreeRTOS/src/tasks.o
                0x0000406c                vTaskDelay
 .text.vTaskStartScheduler
                0x000040d4       0x78 ./SDK/rtos/FreeRTOS/src/tasks.o
                0x000040d4                vTaskStartScheduler
 .text.vTaskSuspendAll
                0x0000414c       0x18 ./SDK/rtos/FreeRTOS/src/tasks.o
                0x0000414c                vTaskSuspendAll
 .text.xTaskResumeAll
                0x00004164      0x10c ./SDK/rtos/FreeRTOS/src/tasks.o
                0x00004164                xTaskResumeAll
 .text.xTaskGetTickCount
                0x00004270       0x24 ./SDK/rtos/FreeRTOS/src/tasks.o
                0x00004270                xTaskGetTickCount
 .text.xTaskIncrementTick
                0x00004294      0x16c ./SDK/rtos/FreeRTOS/src/tasks.o
                0x00004294                xTaskIncrementTick
 .text.vTaskSwitchContext
                0x00004400       0xa0 ./SDK/rtos/FreeRTOS/src/tasks.o
                0x00004400                vTaskSwitchContext
 .text.vTaskPlaceOnEventList
                0x000044a0       0x70 ./SDK/rtos/FreeRTOS/src/tasks.o
                0x000044a0                vTaskPlaceOnEventList
 .text.vTaskPlaceOnEventListRestricted
                0x00004510       0x54 ./SDK/rtos/FreeRTOS/src/tasks.o
                0x00004510                vTaskPlaceOnEventListRestricted
 .text.xTaskRemoveFromEventList
                0x00004564       0xb8 ./SDK/rtos/FreeRTOS/src/tasks.o
                0x00004564                xTaskRemoveFromEventList
 .text.xTaskRemoveFromUnorderedEventList
                0x0000461c       0xb4 ./SDK/rtos/FreeRTOS/src/tasks.o
                0x0000461c                xTaskRemoveFromUnorderedEventList
 .text.vTaskSetTimeOutState
                0x000046d0       0x34 ./SDK/rtos/FreeRTOS/src/tasks.o
                0x000046d0                vTaskSetTimeOutState
 .text.xTaskCheckForTimeOut
                0x00004704       0xa0 ./SDK/rtos/FreeRTOS/src/tasks.o
                0x00004704                xTaskCheckForTimeOut
 .text.vTaskMissedYield
                0x000047a4       0x14 ./SDK/rtos/FreeRTOS/src/tasks.o
                0x000047a4                vTaskMissedYield
 .text.prvIdleTask
                0x000047b8       0x20 ./SDK/rtos/FreeRTOS/src/tasks.o
 .text.prvInitialiseTCBVariables
                0x000047d8       0xa4 ./SDK/rtos/FreeRTOS/src/tasks.o
 .text.prvInitialiseTaskLists
                0x0000487c       0x88 ./SDK/rtos/FreeRTOS/src/tasks.o
 .text.prvCheckTasksWaitingTermination
                0x00004904       0x74 ./SDK/rtos/FreeRTOS/src/tasks.o
 .text.prvAddCurrentTaskToDelayedList
                0x00004978       0x6c ./SDK/rtos/FreeRTOS/src/tasks.o
 .text.prvAllocateTCBAndStack
                0x000049e4       0x78 ./SDK/rtos/FreeRTOS/src/tasks.o
 .text.prvDeleteTCB
                0x00004a5c       0x20 ./SDK/rtos/FreeRTOS/src/tasks.o
 .text.prvResetNextTaskUnblockTime
                0x00004a7c       0x44 ./SDK/rtos/FreeRTOS/src/tasks.o
 .text.xTaskGetSchedulerState
                0x00004ac0       0x38 ./SDK/rtos/FreeRTOS/src/tasks.o
                0x00004ac0                xTaskGetSchedulerState
 .text.vTaskPriorityInherit
                0x00004af8       0xbc ./SDK/rtos/FreeRTOS/src/tasks.o
                0x00004af8                vTaskPriorityInherit
 .text.xTaskPriorityDisinherit
                0x00004bb4       0xa8 ./SDK/rtos/FreeRTOS/src/tasks.o
                0x00004bb4                xTaskPriorityDisinherit
 .text.pvTaskIncrementMutexHeldCount
                0x00004c5c       0x24 ./SDK/rtos/FreeRTOS/src/tasks.o
                0x00004c5c                pvTaskIncrementMutexHeldCount
 .text.xTimerCreateTimerTask
                0x00004c80       0x5c ./SDK/rtos/FreeRTOS/src/timers.o
                0x00004c80                xTimerCreateTimerTask
 .text.xTimerGenericCommand
                0x00004cdc       0xa0 ./SDK/rtos/FreeRTOS/src/timers.o
                0x00004cdc                xTimerGenericCommand
 .text.prvProcessExpiredTimer
                0x00004d7c       0x78 ./SDK/rtos/FreeRTOS/src/timers.o
 .text.prvTimerTask
                0x00004df4       0x28 ./SDK/rtos/FreeRTOS/src/timers.o
 .text.prvProcessTimerOrBlockTask
                0x00004e1c       0x74 ./SDK/rtos/FreeRTOS/src/timers.o
 .text.prvGetNextExpireTime
                0x00004e90       0x40 ./SDK/rtos/FreeRTOS/src/timers.o
 .text.prvSampleTimeNow
                0x00004ed0       0x40 ./SDK/rtos/FreeRTOS/src/timers.o
 .text.prvInsertTimerInActiveList
                0x00004f10       0x84 ./SDK/rtos/FreeRTOS/src/timers.o
 .text.prvProcessReceivedCommands
                0x00004f94      0x144 ./SDK/rtos/FreeRTOS/src/timers.o
 .text.prvSwitchTimerLists
                0x000050d8       0xb8 ./SDK/rtos/FreeRTOS/src/timers.o
 .text.prvCheckForValidListAndQueue
                0x00005190       0x68 ./SDK/rtos/FreeRTOS/src/timers.o
 .text.xTimerPendFunctionCallFromISR
                0x000051f8       0x58 ./SDK/rtos/FreeRTOS/src/timers.o
                0x000051f8                xTimerPendFunctionCallFromISR
 .text.prvTaskExitError
                0x00005250       0x1c ./SDK/rtos/FreeRTOS/port/gcc/port.o
                0x00005250                prvTaskExitError
 .text.pxPortInitialiseStack
                0x0000526c       0x54 ./SDK/rtos/FreeRTOS/port/gcc/port.o
                0x0000526c                pxPortInitialiseStack
 .text.vPortInitTickTimer
                0x000052c0       0x3c ./SDK/rtos/FreeRTOS/port/gcc/port.o
                0x000052c0                vPortInitTickTimer
 .text.vPortStartTickTimer
                0x000052fc       0x14 ./SDK/rtos/FreeRTOS/port/gcc/port.o
                0x000052fc                vPortStartTickTimer
 .text.xPortStartScheduler
                0x00005310       0x4c ./SDK/rtos/FreeRTOS/port/gcc/port.o
                0x00005310                xPortStartScheduler
 .text.vPortEnterCritical
                0x0000535c       0x24 ./SDK/rtos/FreeRTOS/port/gcc/port.o
                0x0000535c                vPortEnterCritical
 .text.vPortExitCritical
                0x00005380       0x24 ./SDK/rtos/FreeRTOS/port/gcc/port.o
                0x00005380                vPortExitCritical
 .text.vPortYieldFromISR
                0x000053a4       0x1c ./SDK/rtos/FreeRTOS/port/gcc/port.o
                0x000053a4                vPortYieldFromISR
 .text.SysTick_Handler
                0x000053c0       0x20 ./SDK/rtos/FreeRTOS/port/gcc/port.o
                0x000053c0                SysTick_Handler
 .text.vPortStartFirstTask
                0x000053e0       0x1c ./SDK/rtos/FreeRTOS/port/gcc/port.o
                0x000053e0                vPortStartFirstTask
 .text.SVC_Handler
                0x000053fc       0x28 ./SDK/rtos/FreeRTOS/port/gcc/port.o
                0x000053fc                SVC_Handler
 .text.PendSV_Handler
                0x00005424       0x44 ./SDK/rtos/FreeRTOS/port/gcc/port.o
                0x00005424                PendSV_Handler
 .text.ulPortSetInterruptMask
                0x00005468        0xc ./SDK/rtos/FreeRTOS/port/gcc/port.o
                0x00005468                ulPortSetInterruptMask
 .text.vPortClearInterruptMask
                0x00005474        0x8 ./SDK/rtos/FreeRTOS/port/gcc/port.o
                0x00005474                vPortClearInterruptMask
 .text.UART_HAL_EnableTransmitter
                0x0000547c       0x1c ./SDK/platform/utilities/src/fsl_debug_console.o
 .text.UART_HAL_EnableReceiver
                0x00005498       0x1c ./SDK/platform/utilities/src/fsl_debug_console.o
 .text.UART_HAL_SetBitCountPerChar
                0x000054b4       0x28 ./SDK/platform/utilities/src/fsl_debug_console.o
 .text.UART_HAL_SetStopBitCount
                0x000054dc       0x28 ./SDK/platform/utilities/src/fsl_debug_console.o
 .text.LPSCI_HAL_EnableTransmitter
                0x00005504       0x1c ./SDK/platform/utilities/src/fsl_debug_console.o
 .text.LPSCI_HAL_EnableReceiver
                0x00005520       0x1c ./SDK/platform/utilities/src/fsl_debug_console.o
 .text.LPSCI_HAL_SetBitCountPerChar
                0x0000553c       0x28 ./SDK/platform/utilities/src/fsl_debug_console.o
 .text.LPSCI_HAL_SetStopBitCount
                0x00005564       0x28 ./SDK/platform/utilities/src/fsl_debug_console.o
 .text.DbgConsole_Init
                0x0000558c      0x160 ./SDK/platform/utilities/src/fsl_debug_console.o
                0x0000558c                DbgConsole_Init
 .text._write   0x000056ec       0x5c ./SDK/platform/utilities/src/fsl_debug_console.o
                0x000056ec                _write
 .text._read    0x00005748       0x48 ./SDK/platform/utilities/src/fsl_debug_console.o
                0x00005748                _read
 .text.debug_printf
                0x00005790       0x4c ./SDK/platform/utilities/src/fsl_debug_console.o
                0x00005790                debug_printf
 .text.debug_putc
                0x000057dc       0x44 ./SDK/platform/utilities/src/fsl_debug_console.o
 .text._sbrk    0x00005820       0x5c ./SDK/platform/utilities/src/fsl_misc_utilities.o
                0x00005820                _sbrk
 *fill*         0x0000587c        0x4 
 .text._doprint
                0x00005880      0x8f0 ./SDK/platform/utilities/src/print_scan.o
                0x00005880                _doprint
 .text.mknumstr
                0x00006170      0x110 ./SDK/platform/utilities/src/print_scan.o
 .text.mkfloatnumstr
                0x00006280      0x250 ./SDK/platform/utilities/src/print_scan.o
 .text.fput_pad
                0x000064d0       0x44 ./SDK/platform/utilities/src/print_scan.o
 .text.SIM_HAL_EnableClock
                0x00006514       0x58 ./SDK/platform/system/src/clock/MKL25Z4/fsl_clock_MKL25Z4.o
 .text.CLOCK_HAL_GetLpsciSrc
                0x0000656c       0x28 ./SDK/platform/system/src/clock/MKL25Z4/fsl_clock_MKL25Z4.o
 .text.CLOCK_HAL_GetPllfllSel
                0x00006594       0x24 ./SDK/platform/system/src/clock/MKL25Z4/fsl_clock_MKL25Z4.o
 .text.CLOCK_HAL_GetOutDiv1
                0x000065b8       0x28 ./SDK/platform/system/src/clock/MKL25Z4/fsl_clock_MKL25Z4.o
 .text.CLOCK_HAL_GetOutDiv4
                0x000065e0       0x28 ./SDK/platform/system/src/clock/MKL25Z4/fsl_clock_MKL25Z4.o
 .text.OSC_HAL_GetExternalRefClkCmd
                0x00006608       0x24 ./SDK/platform/system/src/clock/MKL25Z4/fsl_clock_MKL25Z4.o
 .text.CLOCK_SYS_GetSystemClockFreq
                0x0000662c       0x34 ./SDK/platform/system/src/clock/MKL25Z4/fsl_clock_MKL25Z4.o
                0x0000662c                CLOCK_SYS_GetSystemClockFreq
 .text.CLOCK_SYS_GetBusClockFreq
                0x00006660       0x2c ./SDK/platform/system/src/clock/MKL25Z4/fsl_clock_MKL25Z4.o
                0x00006660                CLOCK_SYS_GetBusClockFreq
 .text.CLOCK_SYS_GetPllFllClockFreq
                0x0000668c       0x5c ./SDK/platform/system/src/clock/MKL25Z4/fsl_clock_MKL25Z4.o
                0x0000668c                CLOCK_SYS_GetPllFllClockFreq
 .text.CLOCK_SYS_GetOsc0ExternalRefClockFreq
                0x000066e8       0x2c ./SDK/platform/system/src/clock/MKL25Z4/fsl_clock_MKL25Z4.o
                0x000066e8                CLOCK_SYS_GetOsc0ExternalRefClockFreq
 .text.CLOCK_SYS_GetSpiFreq
                0x00006714       0x38 ./SDK/platform/system/src/clock/MKL25Z4/fsl_clock_MKL25Z4.o
                0x00006714                CLOCK_SYS_GetSpiFreq
 .text.CLOCK_SYS_GetI2cFreq
                0x0000674c       0x28 ./SDK/platform/system/src/clock/MKL25Z4/fsl_clock_MKL25Z4.o
                0x0000674c                CLOCK_SYS_GetI2cFreq
 .text.CLOCK_SYS_GetLpsciFreq
                0x00006774       0x68 ./SDK/platform/system/src/clock/MKL25Z4/fsl_clock_MKL25Z4.o
                0x00006774                CLOCK_SYS_GetLpsciFreq
 .text.CLOCK_SYS_GetUartFreq
                0x000067dc       0x2c ./SDK/platform/system/src/clock/MKL25Z4/fsl_clock_MKL25Z4.o
                0x000067dc                CLOCK_SYS_GetUartFreq
 .text.CLOCK_SYS_EnablePortClock
                0x00006808       0x4c ./SDK/platform/system/src/clock/MKL25Z4/fsl_clock_MKL25Z4.o
                0x00006808                CLOCK_SYS_EnablePortClock
 .text.CLOCK_SYS_EnableSpiClock
                0x00006854       0x48 ./SDK/platform/system/src/clock/MKL25Z4/fsl_clock_MKL25Z4.o
                0x00006854                CLOCK_SYS_EnableSpiClock
 .text.CLOCK_SYS_EnableI2cClock
                0x0000689c       0x4c ./SDK/platform/system/src/clock/MKL25Z4/fsl_clock_MKL25Z4.o
                0x0000689c                CLOCK_SYS_EnableI2cClock
 .text.CLOCK_SYS_EnableLpsciClock
                0x000068e8       0x40 ./SDK/platform/system/src/clock/MKL25Z4/fsl_clock_MKL25Z4.o
                0x000068e8                CLOCK_SYS_EnableLpsciClock
 .text.CLOCK_SYS_EnableUartClock
                0x00006928       0x4c ./SDK/platform/system/src/clock/MKL25Z4/fsl_clock_MKL25Z4.o
                0x00006928                CLOCK_SYS_EnableUartClock
 .text.OSA_SemaCreate
                0x00006974       0x58 ./SDK/platform/osa/src/fsl_os_abstraction_free_rtos.o
                0x00006974                OSA_SemaCreate
 .text.OSA_SemaWait
                0x000069cc       0x78 ./SDK/platform/osa/src/fsl_os_abstraction_free_rtos.o
                0x000069cc                OSA_SemaWait
 .text.OSA_SemaphorePostFromTask
                0x00006a44       0x2c ./SDK/platform/osa/src/fsl_os_abstraction_free_rtos.o
 .text.OSA_SemaphorePostFromISR
                0x00006a70       0x3c ./SDK/platform/osa/src/fsl_os_abstraction_free_rtos.o
 .text.OSA_SemaPost
                0x00006aac       0x54 ./SDK/platform/osa/src/fsl_os_abstraction_free_rtos.o
                0x00006aac                OSA_SemaPost
 .text.OSA_EventSet
                0x00006b00       0x74 ./SDK/platform/osa/src/fsl_os_abstraction_free_rtos.o
                0x00006b00                OSA_EventSet
 .text.OSA_TaskCreate
                0x00006b74       0x50 ./SDK/platform/osa/src/fsl_os_abstraction_free_rtos.o
                0x00006b74                OSA_TaskCreate
 .text.OSA_MsgQCreate
                0x00006bc4       0x2c ./SDK/platform/osa/src/fsl_os_abstraction_free_rtos.o
                0x00006bc4                OSA_MsgQCreate
 .text.OSA_MessageQueuePutFromTask
                0x00006bf0       0x30 ./SDK/platform/osa/src/fsl_os_abstraction_free_rtos.o
 .text.OSA_MessageQueuePutFromISR
                0x00006c20       0x40 ./SDK/platform/osa/src/fsl_os_abstraction_free_rtos.o
 .text.OSA_MsgQPut
                0x00006c60       0x3c ./SDK/platform/osa/src/fsl_os_abstraction_free_rtos.o
                0x00006c60                OSA_MsgQPut
 .text.OSA_MsgQGet
                0x00006c9c       0x58 ./SDK/platform/osa/src/fsl_os_abstraction_free_rtos.o
                0x00006c9c                OSA_MsgQGet
 .text.OSA_TimeDelay
                0x00006cf4       0x2c ./SDK/platform/osa/src/fsl_os_abstraction_free_rtos.o
                0x00006cf4                OSA_TimeDelay
 .text.OSA_Init
                0x00006d20        0xc ./SDK/platform/osa/src/fsl_os_abstraction_free_rtos.o
                0x00006d20                OSA_Init
 .text.OSA_Start
                0x00006d2c       0x10 ./SDK/platform/osa/src/fsl_os_abstraction_free_rtos.o
                0x00006d2c                OSA_Start
 .text.UART_HAL_SetBaudRate
                0x00006d3c       0x6c ./SDK/platform/hal/src/uart/fsl_uart_hal.o
                0x00006d3c                UART_HAL_SetBaudRate
 .text.UART_HAL_SetParityMode
                0x00006da8       0x40 ./SDK/platform/hal/src/uart/fsl_uart_hal.o
                0x00006da8                UART_HAL_SetParityMode
 .text.UART_HAL_Putchar
                0x00006de8       0x34 ./SDK/platform/hal/src/uart/fsl_uart_hal.o
                0x00006de8                UART_HAL_Putchar
 .text.UART_HAL_Getchar
                0x00006e1c       0x34 ./SDK/platform/hal/src/uart/fsl_uart_hal.o
                0x00006e1c                UART_HAL_Getchar
 .text.UART_HAL_SendDataPolling
                0x00006e50       0x44 ./SDK/platform/hal/src/uart/fsl_uart_hal.o
                0x00006e50                UART_HAL_SendDataPolling
 .text.UART_HAL_ReceiveDataPolling
                0x00006e94       0xa4 ./SDK/platform/hal/src/uart/fsl_uart_hal.o
                0x00006e94                UART_HAL_ReceiveDataPolling
 .text.SPI_HAL_Init
                0x00006f38       0x28 ./SDK/platform/hal/src/spi/fsl_spi_hal.o
                0x00006f38                SPI_HAL_Init
 .text.SPI_HAL_SetBaud
                0x00006f60       0xd4 ./SDK/platform/hal/src/spi/fsl_spi_hal.o
                0x00006f60                SPI_HAL_SetBaud
 .text.SPI_HAL_SetSlaveSelectOutputMode
                0x00007034       0x4c ./SDK/platform/hal/src/spi/fsl_spi_hal.o
                0x00007034                SPI_HAL_SetSlaveSelectOutputMode
 .text.SPI_HAL_SetDataFormat
                0x00007080       0x54 ./SDK/platform/hal/src/spi/fsl_spi_hal.o
                0x00007080                SPI_HAL_SetDataFormat
 .text.SPI_HAL_SetPinMode
                0x000070d4       0x48 ./SDK/platform/hal/src/spi/fsl_spi_hal.o
                0x000070d4                SPI_HAL_SetPinMode
 .text.SPI_HAL_SetIntMode
                0x0000711c       0x64 ./SDK/platform/hal/src/spi/fsl_spi_hal.o
                0x0000711c                SPI_HAL_SetIntMode
 .text.CLOCK_HAL_GetClkOutStat
                0x00007180       0x20 ./SDK/platform/hal/src/mcg/fsl_mcg_hal.o
 .text.CLOCK_HAL_IsPllSelected
                0x000071a0       0x24 ./SDK/platform/hal/src/mcg/fsl_mcg_hal.o
 .text.CLOCK_HAL_GetMcgExternalClkFreq
                0x000071c4       0x18 ./SDK/platform/hal/src/mcg/fsl_mcg_hal.o
 .text.CLOCK_HAL_TestFllExternalRefFreq
                0x000071dc       0x7c ./SDK/platform/hal/src/mcg/fsl_mcg_hal.o
                0x000071dc                CLOCK_HAL_TestFllExternalRefFreq
 .text.CLOCK_HAL_GetFllRefClk
                0x00007258       0x8c ./SDK/platform/hal/src/mcg/fsl_mcg_hal.o
                0x00007258                CLOCK_HAL_GetFllRefClk
 .text.CLOCK_HAL_TestFllFreq
                0x000072e4       0x6c ./SDK/platform/hal/src/mcg/fsl_mcg_hal.o
                0x000072e4                CLOCK_HAL_TestFllFreq
 .text.CLOCK_HAL_GetFllClk
                0x00007350       0x7c ./SDK/platform/hal/src/mcg/fsl_mcg_hal.o
                0x00007350                CLOCK_HAL_GetFllClk
 .text.CLOCK_HAL_GetPll0RefFreq
                0x000073cc       0x1c ./SDK/platform/hal/src/mcg/fsl_mcg_hal.o
                0x000073cc                CLOCK_HAL_GetPll0RefFreq
 .text.CLOCK_HAL_GetPll0Clk
                0x000073e8       0x90 ./SDK/platform/hal/src/mcg/fsl_mcg_hal.o
                0x000073e8                CLOCK_HAL_GetPll0Clk
 .text.CLOCK_HAL_GetInternalRefClk
                0x00007478       0x64 ./SDK/platform/hal/src/mcg/fsl_mcg_hal.o
                0x00007478                CLOCK_HAL_GetInternalRefClk
 .text.CLOCK_HAL_GetOutClk
                0x000074dc       0x7c ./SDK/platform/hal/src/mcg/fsl_mcg_hal.o
                0x000074dc                CLOCK_HAL_GetOutClk
 .text.LPSCI_HAL_Putchar
                0x00007558       0x1c ./SDK/platform/hal/src/lpsci/fsl_lpsci_hal.o
 .text.LPSCI_HAL_Getchar
                0x00007574       0x1c ./SDK/platform/hal/src/lpsci/fsl_lpsci_hal.o
 .text.LPSCI_HAL_SetBaudRate
                0x00007590      0x14c ./SDK/platform/hal/src/lpsci/fsl_lpsci_hal.o
                0x00007590                LPSCI_HAL_SetBaudRate
 .text.LPSCI_HAL_SetParityMode
                0x000076dc       0x40 ./SDK/platform/hal/src/lpsci/fsl_lpsci_hal.o
                0x000076dc                LPSCI_HAL_SetParityMode
 .text.LPSCI_HAL_SendDataPolling
                0x0000771c       0x44 ./SDK/platform/hal/src/lpsci/fsl_lpsci_hal.o
                0x0000771c                LPSCI_HAL_SendDataPolling
 .text.LPSCI_HAL_ReceiveDataPolling
                0x00007760       0x88 ./SDK/platform/hal/src/lpsci/fsl_lpsci_hal.o
                0x00007760                LPSCI_HAL_ReceiveDataPolling
 .text.I2C_HAL_GetStatusFlag
                0x000077e8       0x34 ./SDK/platform/hal/src/i2c/fsl_i2c_hal.o
 .text.I2C_HAL_Init
                0x0000781c       0x50 ./SDK/platform/hal/src/i2c/fsl_i2c_hal.o
                0x0000781c                I2C_HAL_Init
 .text.I2C_HAL_SetBaudRate
                0x0000786c       0xe0 ./SDK/platform/hal/src/i2c/fsl_i2c_hal.o
                0x0000786c                I2C_HAL_SetBaudRate
 .text.I2C_HAL_SendStop
                0x0000794c       0x78 ./SDK/platform/hal/src/i2c/fsl_i2c_hal.o
                0x0000794c                I2C_HAL_SendStop
 .text.GPIO_HAL_SetPinDir
                0x000079c4       0x6c ./SDK/platform/hal/src/gpio/fsl_gpio_hal.o
                0x000079c4                GPIO_HAL_SetPinDir
 .text.GPIO_HAL_WritePinOutput
                0x00007a30       0x50 ./SDK/platform/hal/src/gpio/fsl_gpio_hal.o
                0x00007a30                GPIO_HAL_WritePinOutput
 .text.NVIC_EnableIRQ
                0x00007a80       0x2c ./SDK/platform/drivers/src/spi/fsl_spi_master_driver.o
 .text.SPI_HAL_Enable
                0x00007aac       0x1c ./SDK/platform/drivers/src/spi/fsl_spi_master_driver.o
 .text.SPI_HAL_Disable
                0x00007ac8       0x1c ./SDK/platform/drivers/src/spi/fsl_spi_master_driver.o
 .text.SPI_HAL_SetMasterSlave
                0x00007ae4       0x28 ./SDK/platform/drivers/src/spi/fsl_spi_master_driver.o
 .text.SPI_HAL_IsReadBuffFullPending
                0x00007b0c       0x20 ./SDK/platform/drivers/src/spi/fsl_spi_master_driver.o
 .text.SPI_HAL_IsTxBuffEmptyPending
                0x00007b2c       0x24 ./SDK/platform/drivers/src/spi/fsl_spi_master_driver.o
 .text.SPI_HAL_ReadData
                0x00007b50       0x18 ./SDK/platform/drivers/src/spi/fsl_spi_master_driver.o
 .text.SPI_HAL_WriteData
                0x00007b68       0x1c ./SDK/platform/drivers/src/spi/fsl_spi_master_driver.o
 .text.INT_SYS_EnableIRQ
                0x00007b84       0x5c ./SDK/platform/drivers/src/spi/fsl_spi_master_driver.o
 .text.SPI_DRV_MasterInit
                0x00007be0       0xac ./SDK/platform/drivers/src/spi/fsl_spi_master_driver.o
                0x00007be0                SPI_DRV_MasterInit
 .text.SPI_DRV_MasterConfigureBus
                0x00007c8c       0x7c ./SDK/platform/drivers/src/spi/fsl_spi_master_driver.o
                0x00007c8c                SPI_DRV_MasterConfigureBus
 .text.SPI_DRV_MasterTransferBlocking
                0x00007d08       0xd8 ./SDK/platform/drivers/src/spi/fsl_spi_master_driver.o
                0x00007d08                SPI_DRV_MasterTransferBlocking
 .text.SPI_DRV_MasterStartTransfer
                0x00007de0       0xf4 ./SDK/platform/drivers/src/spi/fsl_spi_master_driver.o
 .text.SPI_DRV_MasterCompleteTransfer
                0x00007ed4       0x5c ./SDK/platform/drivers/src/spi/fsl_spi_master_driver.o
 .text.SPI_DRV_MasterIRQHandler
                0x00007f30      0x104 ./SDK/platform/drivers/src/spi/fsl_spi_master_driver.o
                0x00007f30                SPI_DRV_MasterIRQHandler
 .text.SPI_HAL_IsMaster
                0x00008034       0x24 ./SDK/platform/drivers/src/spi/fsl_spi_shared_function.o
 .text.SPI_DRV_IRQHandler
                0x00008058       0x5c ./SDK/platform/drivers/src/spi/fsl_spi_shared_function.o
                0x00008058                SPI_DRV_IRQHandler
 .text.SPI_HAL_IsReadBuffFullPending
                0x000080b4       0x20 ./SDK/platform/drivers/src/spi/fsl_spi_slave_driver.o
 .text.SPI_HAL_IsTxBuffEmptyPending
                0x000080d4       0x24 ./SDK/platform/drivers/src/spi/fsl_spi_slave_driver.o
 .text.SPI_HAL_ReadData
                0x000080f8       0x18 ./SDK/platform/drivers/src/spi/fsl_spi_slave_driver.o
 .text.SPI_HAL_WriteData
                0x00008110       0x1c ./SDK/platform/drivers/src/spi/fsl_spi_slave_driver.o
 .text.SPI_DRV_SlaveIRQHandler
                0x0000812c      0x12c ./SDK/platform/drivers/src/spi/fsl_spi_slave_driver.o
                0x0000812c                SPI_DRV_SlaveIRQHandler
 .text.SPI_DRV_SlaveCompleteTransfer
                0x00008258       0x84 ./SDK/platform/drivers/src/spi/fsl_spi_slave_driver.o
 .text.NVIC_EnableIRQ
                0x000082dc       0x2c ./SDK/platform/drivers/src/i2c/fsl_i2c_master_driver.o
 .text.I2C_HAL_Enable
                0x00008308       0x1c ./SDK/platform/drivers/src/i2c/fsl_i2c_master_driver.o
 .text.I2C_HAL_SendAck
                0x00008324       0x1c ./SDK/platform/drivers/src/i2c/fsl_i2c_master_driver.o
 .text.I2C_HAL_SendNak
                0x00008340       0x1c ./SDK/platform/drivers/src/i2c/fsl_i2c_master_driver.o
 .text.I2C_HAL_GetDirMode
                0x0000835c       0x20 ./SDK/platform/drivers/src/i2c/fsl_i2c_master_driver.o
 .text.I2C_HAL_ReadByte
                0x0000837c       0x18 ./SDK/platform/drivers/src/i2c/fsl_i2c_master_driver.o
 .text.I2C_HAL_WriteByte
                0x00008394       0x1c ./SDK/platform/drivers/src/i2c/fsl_i2c_master_driver.o
 .text.I2C_HAL_GetStatusFlag
                0x000083b0       0x34 ./SDK/platform/drivers/src/i2c/fsl_i2c_master_driver.o
 .text.I2C_HAL_IsMaster
                0x000083e4       0x24 ./SDK/platform/drivers/src/i2c/fsl_i2c_master_driver.o
 .text.I2C_HAL_ClearArbitrationLost
                0x00008408       0x14 ./SDK/platform/drivers/src/i2c/fsl_i2c_master_driver.o
 .text.I2C_HAL_SetIntCmd
                0x0000841c       0x28 ./SDK/platform/drivers/src/i2c/fsl_i2c_master_driver.o
 .text.I2C_HAL_ClearInt
                0x00008444       0x14 ./SDK/platform/drivers/src/i2c/fsl_i2c_master_driver.o
 .text.INT_SYS_EnableIRQ
                0x00008458       0x5c ./SDK/platform/drivers/src/i2c/fsl_i2c_master_driver.o
 .text.I2C_DRV_MasterInit
                0x000084b4       0xc4 ./SDK/platform/drivers/src/i2c/fsl_i2c_master_driver.o
                0x000084b4                I2C_DRV_MasterInit
 .text.I2C_DRV_MasterSetBaudRate
                0x00008578       0x98 ./SDK/platform/drivers/src/i2c/fsl_i2c_master_driver.o
                0x00008578                I2C_DRV_MasterSetBaudRate
 .text.I2C_DRV_MasterIRQHandler
                0x00008610      0x180 ./SDK/platform/drivers/src/i2c/fsl_i2c_master_driver.o
                0x00008610                I2C_DRV_MasterIRQHandler
 .text.I2C_DRV_CompleteTransfer
                0x00008790       0x98 ./SDK/platform/drivers/src/i2c/fsl_i2c_master_driver.o
 .text.I2C_HAL_GetStatusFlag
                0x00008828       0x34 ./SDK/platform/drivers/src/i2c/fsl_i2c_shared_function.o
 .text.I2C_HAL_IsMaster
                0x0000885c       0x24 ./SDK/platform/drivers/src/i2c/fsl_i2c_shared_function.o
 .text.I2C_DRV_IRQHandler
                0x00008880       0x78 ./SDK/platform/drivers/src/i2c/fsl_i2c_shared_function.o
                0x00008880                I2C_DRV_IRQHandler
 .text.I2C_HAL_SetDirMode
                0x000088f8       0x28 ./SDK/platform/drivers/src/i2c/fsl_i2c_slave_driver.o
 .text.I2C_HAL_GetDirMode
                0x00008920       0x20 ./SDK/platform/drivers/src/i2c/fsl_i2c_slave_driver.o
 .text.I2C_HAL_ReadByte
                0x00008940       0x18 ./SDK/platform/drivers/src/i2c/fsl_i2c_slave_driver.o
 .text.I2C_HAL_WriteByte
                0x00008958       0x1c ./SDK/platform/drivers/src/i2c/fsl_i2c_slave_driver.o
 .text.I2C_HAL_GetStatusFlag
                0x00008974       0x34 ./SDK/platform/drivers/src/i2c/fsl_i2c_slave_driver.o
 .text.I2C_HAL_SetIntCmd
                0x000089a8       0x28 ./SDK/platform/drivers/src/i2c/fsl_i2c_slave_driver.o
 .text.I2C_HAL_ClearInt
                0x000089d0       0x14 ./SDK/platform/drivers/src/i2c/fsl_i2c_slave_driver.o
 .text.I2C_HAL_GetStopFlag
                0x000089e4       0x24 ./SDK/platform/drivers/src/i2c/fsl_i2c_slave_driver.o
 .text.I2C_HAL_ClearStopFlag
                0x00008a08       0x1c ./SDK/platform/drivers/src/i2c/fsl_i2c_slave_driver.o
 .text.I2C_HAL_GetStopIntCmd
                0x00008a24       0x24 ./SDK/platform/drivers/src/i2c/fsl_i2c_slave_driver.o
 .text.I2C_DRV_SlaveIRQHandler
                0x00008a48      0x370 ./SDK/platform/drivers/src/i2c/fsl_i2c_slave_driver.o
                0x00008a48                I2C_DRV_SlaveIRQHandler
 .text.NVIC_EnableIRQ
                0x00008db8       0x2c ./SDK/platform/drivers/src/gpio/fsl_gpio_driver.o
 .text.PORT_HAL_SetPullCmd
                0x00008de4       0x4c ./SDK/platform/drivers/src/gpio/fsl_gpio_driver.o
 .text.PORT_HAL_SetSlewRateMode
                0x00008e30       0x4c ./SDK/platform/drivers/src/gpio/fsl_gpio_driver.o
 .text.PORT_HAL_SetPassiveFilterCmd
                0x00008e7c       0x4c ./SDK/platform/drivers/src/gpio/fsl_gpio_driver.o
 .text.PORT_HAL_SetDriveStrengthMode
                0x00008ec8       0x4c ./SDK/platform/drivers/src/gpio/fsl_gpio_driver.o
 .text.PORT_HAL_SetMuxMode
                0x00008f14       0x4c ./SDK/platform/drivers/src/gpio/fsl_gpio_driver.o
 .text.PORT_HAL_SetPinIntMode
                0x00008f60       0x4c ./SDK/platform/drivers/src/gpio/fsl_gpio_driver.o
 .text.INT_SYS_EnableIRQ
                0x00008fac       0x5c ./SDK/platform/drivers/src/gpio/fsl_gpio_driver.o
 .text.GPIO_DRV_Init
                0x00009008       0x4c ./SDK/platform/drivers/src/gpio/fsl_gpio_driver.o
                0x00009008                GPIO_DRV_Init
 .text.GPIO_DRV_InputPinInit
                0x00009054       0xc4 ./SDK/platform/drivers/src/gpio/fsl_gpio_driver.o
                0x00009054                GPIO_DRV_InputPinInit
 .text.GPIO_DRV_OutputPinInit
                0x00009118       0x9c ./SDK/platform/drivers/src/gpio/fsl_gpio_driver.o
                0x00009118                GPIO_DRV_OutputPinInit
 .text.GPIO_DRV_WritePinOutput
                0x000091b4       0x3c ./SDK/platform/drivers/src/gpio/fsl_gpio_driver.o
                0x000091b4                GPIO_DRV_WritePinOutput
 .text.SystemInit
                0x000091f0      0x178 ./SDK/platform/devices/MKL25Z4/startup/system_MKL25Z4.o
                0x000091f0                SystemInit
 .text.init_data_bss
                0x00009368       0xc8 ./SDK/platform/devices/startup.o
                0x00009368                init_data_bss
 .text.rangeChecker_TemperatureSensor
                0x00009430       0x8c ./SCADE/rangeChecker_TemperatureSensor.o
                0x00009430                rangeChecker_TemperatureSensor
 .text.rangeChecker_init_TemperatureSensor
                0x000094bc       0x38 ./SCADE/rangeChecker_TemperatureSensor.o
                0x000094bc                rangeChecker_init_TemperatureSensor
 .text.rangeChecker_reset_TemperatureSensor
                0x000094f4       0x10 ./SCADE/rangeChecker_TemperatureSensor.o
                0x000094f4                rangeChecker_reset_TemperatureSensor
 .text.tempratureSensor_TemperatureSensor
                0x00009504      0x100 ./SCADE/tempratureSensor_TemperatureSensor.o
                0x00009504                tempratureSensor_TemperatureSensor
 .text.tempratureSensor_init_TemperatureSensor
                0x00009604       0x74 ./SCADE/tempratureSensor_TemperatureSensor.o
                0x00009604                tempratureSensor_init_TemperatureSensor
 .text.tempratureSensor_reset_TemperatureSensor
                0x00009678       0x20 ./SCADE/tempratureSensor_TemperatureSensor.o
                0x00009678                tempratureSensor_reset_TemperatureSensor
 .text.CONFIGURA_RADIO_PORT
                0x00009698       0x30 ./Prova_Conceito/Tarefas/maquinaEstadoRadio.o
 .text.CONECTAR_PORT
                0x000096c8        0xc ./Prova_Conceito/Tarefas/maquinaEstadoRadio.o
 .text.AGUARDA_TEMPO_TRANSMISSAO_PORT
                0x000096d4       0x18 ./Prova_Conceito/Tarefas/maquinaEstadoRadio.o
 .text.TRANSMITE_AMOSTRAS_PORT
                0x000096ec      0x1a0 ./Prova_Conceito/Tarefas/maquinaEstadoRadio.o
 .text.DESCONFIGURA_RADIO_PORT
                0x0000988c        0xc ./Prova_Conceito/Tarefas/maquinaEstadoRadio.o
 .text.radio_stateMachine
                0x00009898      0x110 ./Prova_Conceito/Tarefas/maquinaEstadoRadio.o
                0x00009898                radio_stateMachine
 .text.CONFIGURA_SENSOR_PORT
                0x000099a8       0x28 ./Prova_Conceito/Tarefas/maquinaEstadoSensor.o
 .text.AGUARDA_DADOS_PORT
                0x000099d0       0x18 ./Prova_Conceito/Tarefas/maquinaEstadoSensor.o
 .text.LER_DADOS_PORT
                0x000099e8       0x60 ./Prova_Conceito/Tarefas/maquinaEstadoSensor.o
 .text.INTERPRETA_DADOS_PORT
                0x00009a48       0x2c ./Prova_Conceito/Tarefas/maquinaEstadoSensor.o
 .text.DESCONFIGURA_SENSOR_PORT
                0x00009a74       0x18 ./Prova_Conceito/Tarefas/maquinaEstadoSensor.o
 .text.sensor_stateMachine
                0x00009a8c      0x118 ./Prova_Conceito/Tarefas/maquinaEstadoSensor.o
                0x00009a8c                sensor_stateMachine
 .text.MAX6675_Init
                0x00009ba4        0xc ./MAX6675/MAX6675_API.o
                0x00009ba4                MAX6675_Init
 .text.MAX6675_readValue
                0x00009bb0       0xe0 ./MAX6675/MAX6675_API.o
                0x00009bb0                MAX6675_readValue
 .text.MAX6675_convertValueToCelsiusDegree
                0x00009c90       0x2c ./MAX6675/MAX6675_API.o
                0x00009c90                MAX6675_convertValueToCelsiusDegree
 .text.CLOCK_HAL_SetLpsciSrc
                0x00009cbc       0x30 ./Generated_Code/Cpu.o
 .text.CLOCK_SYS_SetLpsciSrc
                0x00009cec       0x2c ./Generated_Code/Cpu.o
 .text.Components_Init
                0x00009d18       0x7c ./Generated_Code/Cpu.o
                0x00009d18                Components_Init
 .text.MainTask_Init
                0x00009d94       0x4c ./Generated_Code/MainTask.o
                0x00009d94                MainTask_Init
 .text.Radio_Init
                0x00009de0       0x4c ./Generated_Code/Radio.o
                0x00009de0                Radio_Init
 .text.SIM_HAL_EnableClock
                0x00009e2c       0x58 ./Generated_Code/hardware_init.o
 .text.hardware_init
                0x00009e84       0x60 ./Generated_Code/hardware_init.o
                0x00009e84                hardware_init
 .text.PORT_HAL_SetPullCmd
                0x00009ee4       0x4c ./Generated_Code/pin_init.o
 .text.PORT_HAL_SetMuxMode
                0x00009f30       0x4c ./Generated_Code/pin_init.o
 .text.SIM_HAL_SetLpsciRxSrcMode
                0x00009f7c       0x2c ./Generated_Code/pin_init.o
 .text.init_gpio_pins
                0x00009fa8       0x64 ./Generated_Code/pin_init.o
                0x00009fa8                init_gpio_pins
 .text.init_i2c_pins
                0x0000a00c       0x34 ./Generated_Code/pin_init.o
                0x0000a00c                init_i2c_pins
 .text.init_osc_pins
                0x0000a040       0x2c ./Generated_Code/pin_init.o
                0x0000a040                init_osc_pins
 .text.init_rcm_pins
                0x0000a06c       0x20 ./Generated_Code/pin_init.o
                0x0000a06c                init_rcm_pins
 .text.init_spi_pins
                0x0000a08c       0x40 ./Generated_Code/pin_init.o
                0x0000a08c                init_spi_pins
 .text.init_swd_pins
                0x0000a0cc       0x2c ./Generated_Code/pin_init.o
                0x0000a0cc                init_swd_pins
 .text.init_uart0_pins
                0x0000a0f8       0x3c ./Generated_Code/pin_init.o
                0x0000a0f8                init_uart0_pins
 .text.tempSensor_Init
                0x0000a134       0x4c ./Generated_Code/tempSensor.o
                0x0000a134                tempSensor_Init
 .text.modf     0x0000a180       0x7c c:/freescale/kds_v3/toolchain/bin/../lib/gcc/arm-none-eabi/4.8.4/../../../../arm-none-eabi/lib/armv6-m\libm.a(lib_a-s_modf.o)
                0x0000a180                modf
 .text.__assert_func
                0x0000a1fc       0x3c c:/freescale/kds_v3/toolchain/bin/../lib/gcc/arm-none-eabi/4.8.4/../../../../arm-none-eabi/lib/armv6-m\libg_s.a(lib_a-assert.o)
                0x0000a1fc                __assert_func
 .text.__errno  0x0000a238        0xc c:/freescale/kds_v3/toolchain/bin/../lib/gcc/arm-none-eabi/4.8.4/../../../../arm-none-eabi/lib/armv6-m\libg_s.a(lib_a-errno.o)
                0x0000a238                __errno
 .text.exit     0x0000a244       0x2c c:/freescale/kds_v3/toolchain/bin/../lib/gcc/arm-none-eabi/4.8.4/../../../../arm-none-eabi/lib/armv6-m\libg_s.a(lib_a-exit.o)
                0x0000a244                exit
 .text.fprintf  0x0000a270       0x24 c:/freescale/kds_v3/toolchain/bin/../lib/gcc/arm-none-eabi/4.8.4/../../../../arm-none-eabi/lib/armv6-m\libg_s.a(lib_a-fprintf.o)
                0x0000a270                fiprintf
                0x0000a270                fprintf
 .text.__libc_init_array
                0x0000a294       0x4c c:/freescale/kds_v3/toolchain/bin/../lib/gcc/arm-none-eabi/4.8.4/../../../../arm-none-eabi/lib/armv6-m\libg_s.a(lib_a-init.o)
                0x0000a294                __libc_init_array
 .text.malloc   0x0000a2e0       0x14 c:/freescale/kds_v3/toolchain/bin/../lib/gcc/arm-none-eabi/4.8.4/../../../../arm-none-eabi/lib/armv6-m\libg_s.a(lib_a-malloc.o)
                0x0000a2e0                malloc
 .text.free     0x0000a2f4       0x14 c:/freescale/kds_v3/toolchain/bin/../lib/gcc/arm-none-eabi/4.8.4/../../../../arm-none-eabi/lib/armv6-m\libg_s.a(lib_a-malloc.o)
                0x0000a2f4                free
 .text.memcpy   0x0000a308       0x12 c:/freescale/kds_v3/toolchain/bin/../lib/gcc/arm-none-eabi/4.8.4/../../../../arm-none-eabi/lib/armv6-m\libg_s.a(lib_a-memcpy-stub.o)
                0x0000a308                memcpy
 .text.memset   0x0000a31a       0x10 c:/freescale/kds_v3/toolchain/bin/../lib/gcc/arm-none-eabi/4.8.4/../../../../arm-none-eabi/lib/armv6-m\libg_s.a(lib_a-memset.o)
                0x0000a31a                memset
 *fill*         0x0000a32a        0x2 
 .text._free_r  0x0000a32c       0x90 c:/freescale/kds_v3/toolchain/bin/../lib/gcc/arm-none-eabi/4.8.4/../../../../arm-none-eabi/lib/armv6-m\libg_s.a(lib_a-nano-freer.o)
                0x0000a32c                _free_r
 .text._malloc_r
                0x0000a3bc       0xa8 c:/freescale/kds_v3/toolchain/bin/../lib/gcc/arm-none-eabi/4.8.4/../../../../arm-none-eabi/lib/armv6-m\libg_s.a(lib_a-nano-mallocr.o)
                0x0000a3bc                _malloc_r
 .text._sbrk_r  0x0000a464       0x24 c:/freescale/kds_v3/toolchain/bin/../lib/gcc/arm-none-eabi/4.8.4/../../../../arm-none-eabi/lib/armv6-m\libg_s.a(lib_a-sbrkr.o)
                0x0000a464                _sbrk_r
 .text.strlen   0x0000a488        0xe c:/freescale/kds_v3/toolchain/bin/../lib/gcc/arm-none-eabi/4.8.4/../../../../arm-none-eabi/lib/armv6-m\libg_s.a(lib_a-strlen.o)
                0x0000a488                strlen
 .text.__sfputc_r
                0x0000a496       0x2a c:/freescale/kds_v3/toolchain/bin/../lib/gcc/arm-none-eabi/4.8.4/../../../../arm-none-eabi/lib/armv6-m\libg_s.a(lib_a-vfprintf.o)
 .text.__sfputs_r
                0x0000a4c0       0x24 c:/freescale/kds_v3/toolchain/bin/../lib/gcc/arm-none-eabi/4.8.4/../../../../arm-none-eabi/lib/armv6-m\libg_s.a(lib_a-vfprintf.o)
                0x0000a4c0                __sfputs_r
 .text._vfprintf_r
                0x0000a4e4      0x210 c:/freescale/kds_v3/toolchain/bin/../lib/gcc/arm-none-eabi/4.8.4/../../../../arm-none-eabi/lib/armv6-m\libg_s.a(lib_a-vfprintf.o)
                0x0000a4e4                _vfprintf_r
                0x0000a4e4                _vfiprintf_r
 .text._printf_common
                0x0000a6f4       0xe8 c:/freescale/kds_v3/toolchain/bin/../lib/gcc/arm-none-eabi/4.8.4/../../../../arm-none-eabi/lib/armv6-m\libg_s.a(lib_a-vfprintf_i.o)
                0x0000a6f4                _printf_common
 .text._printf_i
                0x0000a7dc      0x22c c:/freescale/kds_v3/toolchain/bin/../lib/gcc/arm-none-eabi/4.8.4/../../../../arm-none-eabi/lib/armv6-m\libg_s.a(lib_a-vfprintf_i.o)
                0x0000a7dc                _printf_i
 .text.__swbuf_r
                0x0000aa08       0xb0 c:/freescale/kds_v3/toolchain/bin/../lib/gcc/arm-none-eabi/4.8.4/../../../../arm-none-eabi/lib/armv6-m\libg_s.a(lib_a-wbuf.o)
                0x0000aa08                __swbuf_r
 .text.__swsetup_r
                0x0000aab8       0xe4 c:/freescale/kds_v3/toolchain/bin/../lib/gcc/arm-none-eabi/4.8.4/../../../../arm-none-eabi/lib/armv6-m\libg_s.a(lib_a-wsetup.o)
                0x0000aab8                __swsetup_r
 .text.abort    0x0000ab9c        0xe c:/freescale/kds_v3/toolchain/bin/../lib/gcc/arm-none-eabi/4.8.4/../../../../arm-none-eabi/lib/armv6-m\libg_s.a(lib_a-abort.o)
                0x0000ab9c                abort
 .text.__sflush_r
                0x0000abaa      0x112 c:/freescale/kds_v3/toolchain/bin/../lib/gcc/arm-none-eabi/4.8.4/../../../../arm-none-eabi/lib/armv6-m\libg_s.a(lib_a-fflush.o)
                0x0000abaa                __sflush_r
 .text._fflush_r
                0x0000acbc       0x58 c:/freescale/kds_v3/toolchain/bin/../lib/gcc/arm-none-eabi/4.8.4/../../../../arm-none-eabi/lib/armv6-m\libg_s.a(lib_a-fflush.o)
                0x0000acbc                _fflush_r
 .text._cleanup_r
                0x0000ad14       0x34 c:/freescale/kds_v3/toolchain/bin/../lib/gcc/arm-none-eabi/4.8.4/../../../../arm-none-eabi/lib/armv6-m\libg_s.a(lib_a-findfp.o)
                0x0000ad14                _cleanup_r
 .text.std.isra.0
                0x0000ad48       0x48 c:/freescale/kds_v3/toolchain/bin/../lib/gcc/arm-none-eabi/4.8.4/../../../../arm-none-eabi/lib/armv6-m\libg_s.a(lib_a-findfp.o)
 .text.__sfmoreglue
                0x0000ad90       0x2c c:/freescale/kds_v3/toolchain/bin/../lib/gcc/arm-none-eabi/4.8.4/../../../../arm-none-eabi/lib/armv6-m\libg_s.a(lib_a-findfp.o)
                0x0000ad90                __sfmoreglue
 .text.__sinit  0x0000adbc       0x64 c:/freescale/kds_v3/toolchain/bin/../lib/gcc/arm-none-eabi/4.8.4/../../../../arm-none-eabi/lib/armv6-m\libg_s.a(lib_a-findfp.o)
                0x0000adbc                __sinit
 .text.__sfp    0x0000ae20       0x7c c:/freescale/kds_v3/toolchain/bin/../lib/gcc/arm-none-eabi/4.8.4/../../../../arm-none-eabi/lib/armv6-m\libg_s.a(lib_a-findfp.o)
                0x0000ae20                __sfp
 .text.__smakebuf_r
                0x0000ae9c       0xa0 c:/freescale/kds_v3/toolchain/bin/../lib/gcc/arm-none-eabi/4.8.4/../../../../arm-none-eabi/lib/armv6-m\libg_s.a(lib_a-makebuf.o)
                0x0000ae9c                __smakebuf_r
 .text.memchr   0x0000af3c       0x16 c:/freescale/kds_v3/toolchain/bin/../lib/gcc/arm-none-eabi/4.8.4/../../../../arm-none-eabi/lib/armv6-m\libg_s.a(lib_a-memchr-stub.o)
                0x0000af3c                memchr
 .text._raise_r
                0x0000af52       0x56 c:/freescale/kds_v3/toolchain/bin/../lib/gcc/arm-none-eabi/4.8.4/../../../../arm-none-eabi/lib/armv6-m\libg_s.a(lib_a-signal.o)
                0x0000af52                _raise_r
 .text.raise    0x0000afa8       0x14 c:/freescale/kds_v3/toolchain/bin/../lib/gcc/arm-none-eabi/4.8.4/../../../../arm-none-eabi/lib/armv6-m\libg_s.a(lib_a-signal.o)
                0x0000afa8                raise
 .text._kill_r  0x0000afbc       0x24 c:/freescale/kds_v3/toolchain/bin/../lib/gcc/arm-none-eabi/4.8.4/../../../../arm-none-eabi/lib/armv6-m\libg_s.a(lib_a-signalr.o)
                0x0000afbc                _kill_r
 .text._getpid_r
                0x0000afe0        0x8 c:/freescale/kds_v3/toolchain/bin/../lib/gcc/arm-none-eabi/4.8.4/../../../../arm-none-eabi/lib/armv6-m\libg_s.a(lib_a-signalr.o)
                0x0000afe0                _getpid_r
 .text.__sread  0x0000afe8       0x28 c:/freescale/kds_v3/toolchain/bin/../lib/gcc/arm-none-eabi/4.8.4/../../../../arm-none-eabi/lib/armv6-m\libg_s.a(lib_a-stdio.o)
                0x0000afe8                __sread
 .text.__swrite
                0x0000b010       0x38 c:/freescale/kds_v3/toolchain/bin/../lib/gcc/arm-none-eabi/4.8.4/../../../../arm-none-eabi/lib/armv6-m\libg_s.a(lib_a-stdio.o)
                0x0000b010                __swrite
 .text.__sseek  0x0000b048       0x2c c:/freescale/kds_v3/toolchain/bin/../lib/gcc/arm-none-eabi/4.8.4/../../../../arm-none-eabi/lib/armv6-m\libg_s.a(lib_a-stdio.o)
                0x0000b048                __sseek
 .text.__sclose
                0x0000b074        0xc c:/freescale/kds_v3/toolchain/bin/../lib/gcc/arm-none-eabi/4.8.4/../../../../arm-none-eabi/lib/armv6-m\libg_s.a(lib_a-stdio.o)
                0x0000b074                __sclose
 .text._write_r
                0x0000b080       0x28 c:/freescale/kds_v3/toolchain/bin/../lib/gcc/arm-none-eabi/4.8.4/../../../../arm-none-eabi/lib/armv6-m\libg_s.a(lib_a-writer.o)
                0x0000b080                _write_r
 .text._close_r
                0x0000b0a8       0x24 c:/freescale/kds_v3/toolchain/bin/../lib/gcc/arm-none-eabi/4.8.4/../../../../arm-none-eabi/lib/armv6-m\libg_s.a(lib_a-closer.o)
                0x0000b0a8                _close_r
 .text._fstat_r
                0x0000b0cc       0x24 c:/freescale/kds_v3/toolchain/bin/../lib/gcc/arm-none-eabi/4.8.4/../../../../arm-none-eabi/lib/armv6-m\libg_s.a(lib_a-fstatr.o)
                0x0000b0cc                _fstat_r
 .text._isatty_r
                0x0000b0f0       0x24 c:/freescale/kds_v3/toolchain/bin/../lib/gcc/arm-none-eabi/4.8.4/../../../../arm-none-eabi/lib/armv6-m\libg_s.a(lib_a-isattyr.o)
                0x0000b0f0                _isatty_r
 .text._lseek_r
                0x0000b114       0x28 c:/freescale/kds_v3/toolchain/bin/../lib/gcc/arm-none-eabi/4.8.4/../../../../arm-none-eabi/lib/armv6-m\libg_s.a(lib_a-lseekr.o)
                0x0000b114                _lseek_r
 .text._read_r  0x0000b13c       0x28 c:/freescale/kds_v3/toolchain/bin/../lib/gcc/arm-none-eabi/4.8.4/../../../../arm-none-eabi/lib/armv6-m\libg_s.a(lib_a-readr.o)
                0x0000b13c                _read_r
 .text._close   0x0000b164       0x10 c:/freescale/kds_v3/toolchain/bin/../lib/gcc/arm-none-eabi/4.8.4/../../../../arm-none-eabi/lib/armv6-m\libnosys.a(close.o)
                0x0000b164                _close
 .text._fstat   0x0000b174       0x10 c:/freescale/kds_v3/toolchain/bin/../lib/gcc/arm-none-eabi/4.8.4/../../../../arm-none-eabi/lib/armv6-m\libnosys.a(fstat.o)
                0x0000b174                _fstat
 .text._getpid  0x0000b184       0x10 c:/freescale/kds_v3/toolchain/bin/../lib/gcc/arm-none-eabi/4.8.4/../../../../arm-none-eabi/lib/armv6-m\libnosys.a(getpid.o)
                0x0000b184                _getpid
 .text._isatty  0x0000b194       0x10 c:/freescale/kds_v3/toolchain/bin/../lib/gcc/arm-none-eabi/4.8.4/../../../../arm-none-eabi/lib/armv6-m\libnosys.a(isatty.o)
                0x0000b194                _isatty
 .text._kill    0x0000b1a4       0x10 c:/freescale/kds_v3/toolchain/bin/../lib/gcc/arm-none-eabi/4.8.4/../../../../arm-none-eabi/lib/armv6-m\libnosys.a(kill.o)
                0x0000b1a4                _kill
 .text._lseek   0x0000b1b4       0x10 c:/freescale/kds_v3/toolchain/bin/../lib/gcc/arm-none-eabi/4.8.4/../../../../arm-none-eabi/lib/armv6-m\libnosys.a(lseek.o)
                0x0000b1b4                _lseek
 .text._exit    0x0000b1c4        0x4 c:/freescale/kds_v3/toolchain/bin/../lib/gcc/arm-none-eabi/4.8.4/../../../../arm-none-eabi/lib/armv6-m\libnosys.a(_exit.o)
                0x0000b1c4                _exit
 *(.rodata)
 .rodata        0x0000b1c8        0x8 ./SDK/rtos/FreeRTOS/src/tasks.o
 .rodata        0x0000b1d0        0x8 ./SDK/rtos/FreeRTOS/src/timers.o
 .rodata        0x0000b1d8        0xc ./SDK/platform/utilities/src/fsl_debug_console.o
 .rodata        0x0000b1e4      0x21c ./SDK/platform/system/src/clock/MKL25Z4/fsl_clock_MKL25Z4.o
 .rodata        0x0000b400       0xb8 ./SDK/platform/osa/src/fsl_os_abstraction_free_rtos.o
 .rodata        0x0000b4b8       0x48 ./SDK/platform/hal/src/i2c/fsl_i2c_hal.o
 .rodata        0x0000b500       0x38 ./SDK/platform/hal/src/gpio/fsl_gpio_hal.o
 .rodata        0x0000b538       0xc0 ./SDK/platform/drivers/src/spi/fsl_spi_master_driver.o
 .rodata        0x0000b5f8       0x5c ./SDK/platform/drivers/src/spi/fsl_spi_shared_function.o
 .rodata        0x0000b654       0xf8 ./SDK/platform/drivers/src/i2c/fsl_i2c_master_driver.o
 .rodata        0x0000b74c       0x5c ./SDK/platform/drivers/src/i2c/fsl_i2c_shared_function.o
 .rodata        0x0000b7a8       0xf0 ./SDK/platform/drivers/src/i2c/fsl_i2c_slave_driver.o
 .rodata        0x0000b898      0x108 ./SDK/platform/drivers/src/gpio/fsl_gpio_driver.o
 .rodata        0x0000b9a0       0x90 ./Prova_Conceito/Tarefas/maquinaEstadoRadio.o
 .rodata        0x0000ba30        0xc ./Prova_Conceito/Tarefas/maquinaEstadoSensor.o
 .rodata        0x0000ba3c        0xc ./Generated_Code/MainTask.o
 .rodata        0x0000ba48        0x8 ./Generated_Code/Radio.o
 .rodata        0x0000ba50       0x44 ./Generated_Code/pin_init.o
 .rodata        0x0000ba94        0xc ./Generated_Code/tempSensor.o
 .rodata        0x0000baa0       0x40 c:/freescale/kds_v3/toolchain/bin/../lib/gcc/arm-none-eabi/4.8.4/armv6-m\libgcc.a(divsf3.o)
 .rodata        0x0000bae0       0x40 c:/freescale/kds_v3/toolchain/bin/../lib/gcc/arm-none-eabi/4.8.4/armv6-m\libgcc.a(mulsf3.o)
 .rodata        0x0000bb20       0x40 c:/freescale/kds_v3/toolchain/bin/../lib/gcc/arm-none-eabi/4.8.4/armv6-m\libgcc.a(divdf3.o)
 .rodata        0x0000bb60       0x40 c:/freescale/kds_v3/toolchain/bin/../lib/gcc/arm-none-eabi/4.8.4/armv6-m\libgcc.a(muldf3.o)
 *(.rodata*)
 .rodata.prvProcessReceivedCommands
                0x0000bba0       0x28 ./SDK/rtos/FreeRTOS/src/timers.o
 .rodata._doprint
                0x0000bbc8      0x110 ./SDK/platform/utilities/src/print_scan.o
 .rodata.portGateTable
                0x0000bcd8        0x8 ./SDK/platform/system/src/clock/MKL25Z4/fsl_clock_MKL25Z4.o
 .rodata.spiGateTable
                0x0000bce0        0x4 ./SDK/platform/system/src/clock/MKL25Z4/fsl_clock_MKL25Z4.o
 .rodata.i2cGateTable
                0x0000bce4        0x4 ./SDK/platform/system/src/clock/MKL25Z4/fsl_clock_MKL25Z4.o
 .rodata.uartGateTable
                0x0000bce8        0x4 ./SDK/platform/system/src/clock/MKL25Z4/fsl_clock_MKL25Z4.o
 .rodata.__func__.6995
                0x0000bcec       0x1c ./SDK/platform/system/src/clock/MKL25Z4/fsl_clock_MKL25Z4.o
 .rodata.__func__.7034
                0x0000bd08       0x1c ./SDK/platform/system/src/clock/MKL25Z4/fsl_clock_MKL25Z4.o
 .rodata.__func__.7047
                0x0000bd24       0x1c ./SDK/platform/system/src/clock/MKL25Z4/fsl_clock_MKL25Z4.o
 .rodata.__func__.7068
                0x0000bd40       0x1c ./SDK/platform/system/src/clock/MKL25Z4/fsl_clock_MKL25Z4.o
 .rodata.__func__.7073
                0x0000bd5c       0x1c ./SDK/platform/system/src/clock/MKL25Z4/fsl_clock_MKL25Z4.o
 .rodata.g_oscBase
                0x0000bd78        0x4 ./SDK/platform/system/src/clock/fsl_clock_manager_common.o
                0x0000bd78                g_oscBase
 .rodata.__func__.5714
                0x0000bd7c       0x10 ./SDK/platform/osa/src/fsl_os_abstraction_free_rtos.o
 .rodata.__func__.5720
                0x0000bd8c       0x10 ./SDK/platform/osa/src/fsl_os_abstraction_free_rtos.o
 .rodata.__func__.5731
                0x0000bd9c       0x10 ./SDK/platform/osa/src/fsl_os_abstraction_free_rtos.o
 .rodata.__func__.5774
                0x0000bdac       0x10 ./SDK/platform/osa/src/fsl_os_abstraction_free_rtos.o
 .rodata.fllFactorTable.5325
                0x0000bdbc       0x10 ./SDK/platform/hal/src/mcg/fsl_mcg_hal.o
 .rodata.kI2CDividerTable
                0x0000bdcc       0xc8 ./SDK/platform/hal/src/i2c/fsl_i2c_hal.o
                0x0000bdcc                kI2CDividerTable
 .rodata.__func__.5300
                0x0000be94       0x14 ./SDK/platform/hal/src/i2c/fsl_i2c_hal.o
 .rodata.__func__.5175
                0x0000bea8       0x14 ./SDK/platform/hal/src/gpio/fsl_gpio_hal.o
 .rodata.__func__.5181
                0x0000bebc       0x18 ./SDK/platform/hal/src/gpio/fsl_gpio_hal.o
 .rodata.g_spiBase
                0x0000bed4        0x8 ./SDK/platform/drivers/src/spi/fsl_spi_common.o
                0x0000bed4                g_spiBase
 .rodata.g_spiIrqId
                0x0000bedc        0x4 ./SDK/platform/drivers/src/spi/fsl_spi_common.o
                0x0000bedc                g_spiIrqId
 .rodata.__func__.7180
                0x0000bee0       0x14 ./SDK/platform/drivers/src/spi/fsl_spi_master_driver.o
 .rodata.__func__.7211
                0x0000bef4       0x1c ./SDK/platform/drivers/src/spi/fsl_spi_master_driver.o
 .rodata.__func__.5238
                0x0000bf10       0x14 ./SDK/platform/drivers/src/spi/fsl_spi_shared_function.o
 .rodata.g_i2cBase
                0x0000bf24        0x8 ./SDK/platform/drivers/src/i2c/fsl_i2c_common.o
                0x0000bf24                g_i2cBase
 .rodata.g_i2cIrqId
                0x0000bf2c        0x4 ./SDK/platform/drivers/src/i2c/fsl_i2c_common.o
                0x0000bf2c                g_i2cIrqId
 .rodata.__func__.7308
                0x0000bf30       0x14 ./SDK/platform/drivers/src/i2c/fsl_i2c_master_driver.o
 .rodata.__func__.7265
                0x0000bf44       0x14 ./SDK/platform/drivers/src/i2c/fsl_i2c_master_driver.o
 .rodata.__func__.7320
                0x0000bf58       0x1c ./SDK/platform/drivers/src/i2c/fsl_i2c_master_driver.o
 .rodata.__func__.7379
                0x0000bf74       0x1c ./SDK/platform/drivers/src/i2c/fsl_i2c_master_driver.o
 .rodata.__func__.7400
                0x0000bf90       0x1c ./SDK/platform/drivers/src/i2c/fsl_i2c_master_driver.o
 .rodata.__func__.5280
                0x0000bfac       0x14 ./SDK/platform/drivers/src/i2c/fsl_i2c_shared_function.o
 .rodata.__func__.7368
                0x0000bfc0       0x18 ./SDK/platform/drivers/src/i2c/fsl_i2c_slave_driver.o
 .rodata.g_gpioBase
                0x0000bfd8       0x14 ./SDK/platform/drivers/src/gpio/fsl_gpio_common.o
                0x0000bfd8                g_gpioBase
 .rodata.g_portBase
                0x0000bfec       0x14 ./SDK/platform/drivers/src/gpio/fsl_gpio_common.o
                0x0000bfec                g_portBase
 .rodata.g_portIrqId
                0x0000c000        0x8 ./SDK/platform/drivers/src/gpio/fsl_gpio_common.o
                0x0000c000                g_portIrqId
 .rodata.__func__.5094
                0x0000c008       0x14 ./SDK/platform/drivers/src/gpio/fsl_gpio_driver.o
 .rodata.__func__.5070
                0x0000c01c       0x14 ./SDK/platform/drivers/src/gpio/fsl_gpio_driver.o
 .rodata.__func__.5082
                0x0000c030       0x20 ./SDK/platform/drivers/src/gpio/fsl_gpio_driver.o
 .rodata.__func__.5108
                0x0000c050       0x18 ./SDK/platform/drivers/src/gpio/fsl_gpio_driver.o
 .rodata.__func__.6588
                0x0000c068       0x14 ./SDK/platform/drivers/src/gpio/fsl_gpio_driver.o
 .rodata.__func__.5076
                0x0000c07c       0x1c ./SDK/platform/drivers/src/gpio/fsl_gpio_driver.o
 .rodata.__func__.5088
                0x0000c098       0x20 ./SDK/platform/drivers/src/gpio/fsl_gpio_driver.o
 .rodata.radio_stateMachine
                0x0000c0b8       0x1c ./Prova_Conceito/Tarefas/maquinaEstadoRadio.o
 .rodata.sensor_stateMachine
                0x0000c0d4       0x1c ./Prova_Conceito/Tarefas/maquinaEstadoSensor.o
 .rodata.gpio_InpConfig0
                0x0000c0f0       0x10 ./Generated_Code/gpio.o
                0x0000c0f0                gpio_InpConfig0
 .rodata.gpio_OutConfig0
                0x0000c100       0x30 ./Generated_Code/gpio.o
                0x0000c100                gpio_OutConfig0
 .rodata.i2cCom1_MasterConfig0
                0x0000c130        0x8 ./Generated_Code/i2cCom1.o
                0x0000c130                i2cCom1_MasterConfig0
 .rodata.__func__.5070
                0x0000c138       0x14 ./Generated_Code/pin_init.o
 .rodata.__func__.5094
                0x0000c14c       0x14 ./Generated_Code/pin_init.o
 .rodata.spiRadioTemp_MasterConfig0
                0x0000c160        0x8 ./Generated_Code/spiRadioTemp.o
                0x0000c160                spiRadioTemp_MasterConfig0
 .rodata.str1.1
                0x0000c168       0x3c c:/freescale/kds_v3/toolchain/bin/../lib/gcc/arm-none-eabi/4.8.4/../../../../arm-none-eabi/lib/armv6-m\libg_s.a(lib_a-assert.o)
                                 0x3d (size before relaxing)
 .rodata.str1.1
                0x0000c1a4        0x2 c:/freescale/kds_v3/toolchain/bin/../lib/gcc/arm-none-eabi/4.8.4/../../../../arm-none-eabi/lib/armv6-m\libg_s.a(lib_a-impure.o)
 *fill*         0x0000c1a6        0x2 
 .rodata._global_impure_ptr
                0x0000c1a8        0x4 c:/freescale/kds_v3/toolchain/bin/../lib/gcc/arm-none-eabi/4.8.4/../../../../arm-none-eabi/lib/armv6-m\libg_s.a(lib_a-impure.o)
                0x0000c1a8                _global_impure_ptr
 .rodata.str1.1
                0x0000c1ac       0x11 c:/freescale/kds_v3/toolchain/bin/../lib/gcc/arm-none-eabi/4.8.4/../../../../arm-none-eabi/lib/armv6-m\libg_s.a(lib_a-vfprintf.o)
 .rodata.str1.1
                0x0000c1bd       0x22 c:/freescale/kds_v3/toolchain/bin/../lib/gcc/arm-none-eabi/4.8.4/../../../../arm-none-eabi/lib/armv6-m\libg_s.a(lib_a-vfprintf_i.o)
 *fill*         0x0000c1df        0x1 
 .rodata.__sf_fake_stdin
                0x0000c1e0       0x20 c:/freescale/kds_v3/toolchain/bin/../lib/gcc/arm-none-eabi/4.8.4/../../../../arm-none-eabi/lib/armv6-m\libg_s.a(lib_a-findfp.o)
                0x0000c1e0                __sf_fake_stdin
 .rodata.__sf_fake_stdout
                0x0000c200       0x20 c:/freescale/kds_v3/toolchain/bin/../lib/gcc/arm-none-eabi/4.8.4/../../../../arm-none-eabi/lib/armv6-m\libg_s.a(lib_a-findfp.o)
                0x0000c200                __sf_fake_stdout
 .rodata.__sf_fake_stderr
                0x0000c220       0x20 c:/freescale/kds_v3/toolchain/bin/../lib/gcc/arm-none-eabi/4.8.4/../../../../arm-none-eabi/lib/armv6-m\libg_s.a(lib_a-findfp.o)
                0x0000c220                __sf_fake_stderr
 *(.glue_7)
 .glue_7        0x00000000        0x0 linker stubs
 *(.glue_7t)
 .glue_7t       0x00000000        0x0 linker stubs
 *(.eh_frame)
 .eh_frame      0x0000c240        0x0 c:/freescale/kds_v3/toolchain/bin/../lib/gcc/arm-none-eabi/4.8.4/armv6-m/crtbegin.o
 *(.init)
 .init          0x0000c240        0x4 c:/freescale/kds_v3/toolchain/bin/../lib/gcc/arm-none-eabi/4.8.4/armv6-m/crti.o
                0x0000c240                _init
 .init          0x0000c244        0x8 c:/freescale/kds_v3/toolchain/bin/../lib/gcc/arm-none-eabi/4.8.4/armv6-m/crtn.o
 *(.fini)
 .fini          0x0000c24c        0x4 c:/freescale/kds_v3/toolchain/bin/../lib/gcc/arm-none-eabi/4.8.4/armv6-m/crti.o
                0x0000c24c                _fini
 .fini          0x0000c250        0x8 c:/freescale/kds_v3/toolchain/bin/../lib/gcc/arm-none-eabi/4.8.4/armv6-m/crtn.o
                0x0000c258                . = ALIGN (0x4)

.vfp11_veneer   0x0000c258        0x0
 .vfp11_veneer  0x00000000        0x0 linker stubs

.v4_bx          0x0000c258        0x0
 .v4_bx         0x00000000        0x0 linker stubs

.iplt           0x0000c258        0x0
 .iplt          0x00000000        0x0 c:/freescale/kds_v3/toolchain/bin/../lib/gcc/arm-none-eabi/4.8.4/armv6-m/crtbegin.o

.ARM.extab
 *(.ARM.extab* .gnu.linkonce.armextab.*)

.ARM            0x0000c258        0x8
                0x0000c258                __exidx_start = .
 *(.ARM.exidx*)
 .ARM.exidx     0x0000c258        0x8 c:/freescale/kds_v3/toolchain/bin/../lib/gcc/arm-none-eabi/4.8.4/../../../../arm-none-eabi/lib/armv6-m/crt0.o
                0x0000c260                __exidx_end = .

.rel.dyn        0x0000c260        0x0
 .rel.iplt      0x00000000        0x0 c:/freescale/kds_v3/toolchain/bin/../lib/gcc/arm-none-eabi/4.8.4/armv6-m/crtbegin.o

.ctors          0x0000c260        0x0
                0x0000c260                __CTOR_LIST__ = .
 *crtbegin.o(.ctors)
 *crtbegin?.o(.ctors)
 *(EXCLUDE_FILE(*crtend.o *crtend?.o) .ctors)
 *(SORT(.ctors.*))
 *(.ctors)
                0x0000c260                __CTOR_END__ = .

.dtors          0x0000c260        0x0
                0x0000c260                __DTOR_LIST__ = .
 *crtbegin.o(.dtors)
 *crtbegin?.o(.dtors)
 *(EXCLUDE_FILE(*crtend.o *crtend?.o) .dtors)
 *(SORT(.dtors.*))
 *(.dtors)
                0x0000c260                __DTOR_END__ = .

.preinit_array  0x0000c260        0x0
                0x0000c260                PROVIDE (__preinit_array_start, .)
 *(.preinit_array*)
                0x0000c260                PROVIDE (__preinit_array_end, .)

.init_array     0x0000c260        0x4
                0x0000c260                PROVIDE (__init_array_start, .)
 *(SORT(.init_array.*))
 *(.init_array*)
 .init_array    0x0000c260        0x4 c:/freescale/kds_v3/toolchain/bin/../lib/gcc/arm-none-eabi/4.8.4/armv6-m/crtbegin.o
                0x0000c264                PROVIDE (__init_array_end, .)

.fini_array     0x0000c264        0x4
                0x0000c264                PROVIDE (__fini_array_start, .)
 *(SORT(.fini_array.*))
 *(.fini_array*)
 .fini_array    0x0000c264        0x4 c:/freescale/kds_v3/toolchain/bin/../lib/gcc/arm-none-eabi/4.8.4/armv6-m/crtbegin.o
                0x0000c268                PROVIDE (__fini_array_end, .)
                0x0000c268                __etext = .
                0x0000c268                __DATA_ROM = .

.mtb            0x1ffff200        0x0
                0x1ffff200                . = ALIGN (0x8)
                0x1ffff200                _mtb_start = .
 *(.mtb_buf)
                0x1ffff200                . = ALIGN (0x8)
                0x1ffff200                _mtb_end = .

.data           0x1ffff200       0x84 load address 0x0000c268
                0x1ffff200                . = ALIGN (0x4)
                0x1ffff200                __DATA_RAM = .
                0x1ffff200                __data_start__ = .
 *(.data)
 *(.data*)
 .data.xNextTaskUnblockTime
                0x1ffff200        0x4 ./SDK/rtos/FreeRTOS/src/tasks.o
 .data.uxCriticalNesting
                0x1ffff204        0x4 ./SDK/rtos/FreeRTOS/port/gcc/port.o
 .data.g_fastInternalRefClkFreq
                0x1ffff208        0x4 ./SDK/platform/hal/src/mcg/fsl_mcg_hal.o
                0x1ffff208                g_fastInternalRefClkFreq
 .data.g_slowInternalRefClkFreq
                0x1ffff20c        0x4 ./SDK/platform/hal/src/mcg/fsl_mcg_hal.o
                0x1ffff20c                g_slowInternalRefClkFreq
 .data.transmitSetup
                0x1ffff210        0xc ./Prova_Conceito/Tarefas/maquinaEstadoRadio.o
 .data.impure_data
                0x1ffff21c       0x60 c:/freescale/kds_v3/toolchain/bin/../lib/gcc/arm-none-eabi/4.8.4/../../../../arm-none-eabi/lib/armv6-m\libg_s.a(lib_a-impure.o)
 .data._impure_ptr
                0x1ffff27c        0x4 c:/freescale/kds_v3/toolchain/bin/../lib/gcc/arm-none-eabi/4.8.4/../../../../arm-none-eabi/lib/armv6-m\libg_s.a(lib_a-impure.o)
                0x1ffff27c                _impure_ptr
 *(.jcr*)
 .jcr           0x1ffff280        0x0 c:/freescale/kds_v3/toolchain/bin/../lib/gcc/arm-none-eabi/4.8.4/armv6-m/crtbegin.o
 .jcr           0x1ffff280        0x4 c:/freescale/kds_v3/toolchain/bin/../lib/gcc/arm-none-eabi/4.8.4/armv6-m/crtend.o
                0x1ffff284                . = ALIGN (0x4)
                0x1ffff284                __data_end__ = .
                0x0000c2ec                __DATA_END = (__DATA_ROM + (__data_end__ - __data_start__))

.igot.plt       0x1ffff284        0x0 load address 0x0000c2ec
 .igot.plt      0x00000000        0x0 c:/freescale/kds_v3/toolchain/bin/../lib/gcc/arm-none-eabi/4.8.4/armv6-m/crtbegin.o

.m_interrupts_ram
                0x1ffff000      0x200
                0x1ffff000                . = ALIGN (0x4)
                0x1ffff000                __m_interrupts_ram_RAMStart = .
 *(.m_interrupts_ram)
                0x1ffff200                . = (. + 0x200)
 *fill*         0x1ffff000      0x200 
                0x1ffff200                __m_interrupts_ram_RAMEnd = .
                0x1ffff200                . = ALIGN (0x4)
                0x00000200                __m_interrupts_ram_ROMSize = (__m_interrupts_ram_RAMEnd - __m_interrupts_ram_RAMStart)
                0x00000200                __RAM_VECTOR_TABLE_SIZE_BYTES = (__m_interrupts_ram_RAMEnd - __m_interrupts_ram_RAMStart)
                0x00020000                text_end = (ORIGIN (m_text) + 0x1fbf0)
                0x0000c2ec                data_init_end = (__DATA_ROM + SIZEOF (.data))
                0x00000001                ASSERT ((data_init_end <= text_end), region m_text overflowed with text and data)

.bss            0x1ffff284      0x318 load address 0x0000c2ec
                0x1ffff284                . = ALIGN (0x4)
                0x1ffff284                __START_BSS = .
                0x1ffff284                __bss_start__ = .
 *(.bss)
 .bss           0x1ffff284       0x1c c:/freescale/kds_v3/toolchain/bin/../lib/gcc/arm-none-eabi/4.8.4/armv6-m/crtbegin.o
 *(.bss*)
 .bss.radioIRQ_semaphore
                0x1ffff2a0        0x4 ./Sources/main.o
                0x1ffff2a0                radioIRQ_semaphore
 .bss.SPI0_Semaphore
                0x1ffff2a4        0x4 ./Sources/main.o
                0x1ffff2a4                SPI0_Semaphore
 .bss.temperature_msg_queue_handler
                0x1ffff2a8        0x4 ./Sources/main.o
                0x1ffff2a8                temperature_msg_queue_handler
 .bss.pxCurrentTCB
                0x1ffff2ac        0x4 ./SDK/rtos/FreeRTOS/src/tasks.o
                0x1ffff2ac                pxCurrentTCB
 .bss.pxReadyTasksLists
                0x1ffff2b0       0xa0 ./SDK/rtos/FreeRTOS/src/tasks.o
 .bss.xDelayedTaskList1
                0x1ffff350       0x14 ./SDK/rtos/FreeRTOS/src/tasks.o
 .bss.xDelayedTaskList2
                0x1ffff364       0x14 ./SDK/rtos/FreeRTOS/src/tasks.o
 .bss.pxDelayedTaskList
                0x1ffff378        0x4 ./SDK/rtos/FreeRTOS/src/tasks.o
 .bss.pxOverflowDelayedTaskList
                0x1ffff37c        0x4 ./SDK/rtos/FreeRTOS/src/tasks.o
 .bss.xPendingReadyList
                0x1ffff380       0x14 ./SDK/rtos/FreeRTOS/src/tasks.o
 .bss.xTasksWaitingTermination
                0x1ffff394       0x14 ./SDK/rtos/FreeRTOS/src/tasks.o
 .bss.uxTasksDeleted
                0x1ffff3a8        0x4 ./SDK/rtos/FreeRTOS/src/tasks.o
 .bss.xSuspendedTaskList
                0x1ffff3ac       0x14 ./SDK/rtos/FreeRTOS/src/tasks.o
 .bss.uxCurrentNumberOfTasks
                0x1ffff3c0        0x4 ./SDK/rtos/FreeRTOS/src/tasks.o
 .bss.xTickCount
                0x1ffff3c4        0x4 ./SDK/rtos/FreeRTOS/src/tasks.o
 .bss.uxTopReadyPriority
                0x1ffff3c8        0x4 ./SDK/rtos/FreeRTOS/src/tasks.o
 .bss.xSchedulerRunning
                0x1ffff3cc        0x4 ./SDK/rtos/FreeRTOS/src/tasks.o
 .bss.uxPendedTicks
                0x1ffff3d0        0x4 ./SDK/rtos/FreeRTOS/src/tasks.o
 .bss.xYieldPending
                0x1ffff3d4        0x4 ./SDK/rtos/FreeRTOS/src/tasks.o
 .bss.xNumOfOverflows
                0x1ffff3d8        0x4 ./SDK/rtos/FreeRTOS/src/tasks.o
 .bss.uxTaskNumber
                0x1ffff3dc        0x4 ./SDK/rtos/FreeRTOS/src/tasks.o
 .bss.uxSchedulerSuspended
                0x1ffff3e0        0x4 ./SDK/rtos/FreeRTOS/src/tasks.o
 .bss.xActiveTimerList1
                0x1ffff3e4       0x14 ./SDK/rtos/FreeRTOS/src/timers.o
 .bss.xActiveTimerList2
                0x1ffff3f8       0x14 ./SDK/rtos/FreeRTOS/src/timers.o
 .bss.pxCurrentTimerList
                0x1ffff40c        0x4 ./SDK/rtos/FreeRTOS/src/timers.o
 .bss.pxOverflowTimerList
                0x1ffff410        0x4 ./SDK/rtos/FreeRTOS/src/timers.o
 .bss.xTimerQueue
                0x1ffff414        0x4 ./SDK/rtos/FreeRTOS/src/timers.o
 .bss.xLastTime.4863
                0x1ffff418        0x4 ./SDK/rtos/FreeRTOS/src/timers.o
 .bss.xJumpBuf  0x1ffff41c       0x5c ./SDK/rtos/FreeRTOS/port/gcc/port.o
 .bss.s_debugConsole
                0x1ffff478       0x10 ./SDK/platform/utilities/src/fsl_debug_console.o
 .bss.heap_end.5561
                0x1ffff488        0x4 ./SDK/platform/utilities/src/fsl_misc_utilities.o
 .bss.g_spiStatePtr
                0x1ffff48c        0x8 ./SDK/platform/drivers/src/spi/fsl_spi_common.o
                0x1ffff48c                g_spiStatePtr
 .bss.g_i2cStatePtr
                0x1ffff494        0x8 ./SDK/platform/drivers/src/i2c/fsl_i2c_common.o
                0x1ffff494                g_i2cStatePtr
 .bss.sendPackage
                0x1ffff49c       0x20 ./Prova_Conceito/Tarefas/maquinaEstadoRadio.o
                0x1ffff49c                sendPackage
 .bss.estadoMaquina
                0x1ffff4bc        0x1 ./Prova_Conceito/Tarefas/maquinaEstadoRadio.o
 .bss.estadoRadio
                0x1ffff4bd        0x1 ./Prova_Conceito/Tarefas/maquinaEstadoRadio.o
 *fill*         0x1ffff4be        0x2 
 .bss.temperatureCelsiusDegree
                0x1ffff4c0        0x4 ./Prova_Conceito/Tarefas/maquinaEstadoSensor.o
                0x1ffff4c0                temperatureCelsiusDegree
 .bss.estadoMaquina
                0x1ffff4c4        0x1 ./Prova_Conceito/Tarefas/maquinaEstadoSensor.o
 .bss.estadoSensor
                0x1ffff4c5        0x1 ./Prova_Conceito/Tarefas/maquinaEstadoSensor.o
 *fill*         0x1ffff4c6        0x2 
 .bss.MainTask_stack
                0x1ffff4c8        0x4 ./Generated_Code/MainTask.o
                0x1ffff4c8                MainTask_stack
 .bss.Radio_stack
                0x1ffff4cc        0x4 ./Generated_Code/Radio.o
                0x1ffff4cc                Radio_stack
 .bss.spiRadioTemp_calculatedBaudRate
                0x1ffff4d0        0x4 ./Generated_Code/spiRadioTemp.o
                0x1ffff4d0                spiRadioTemp_calculatedBaudRate
 .bss.tempSensor_stack
                0x1ffff4d4        0x4 ./Generated_Code/tempSensor.o
                0x1ffff4d4                tempSensor_stack
 .bss.__malloc_sbrk_start
                0x1ffff4d8        0x4 c:/freescale/kds_v3/toolchain/bin/../lib/gcc/arm-none-eabi/4.8.4/../../../../arm-none-eabi/lib/armv6-m\libg_s.a(lib_a-nano-mallocr.o)
                0x1ffff4d8                __malloc_sbrk_start
 .bss.__malloc_free_list
                0x1ffff4dc        0x4 c:/freescale/kds_v3/toolchain/bin/../lib/gcc/arm-none-eabi/4.8.4/../../../../arm-none-eabi/lib/armv6-m\libg_s.a(lib_a-nano-mallocr.o)
                0x1ffff4dc                __malloc_free_list
 *(COMMON)
 COMMON         0x1ffff4e0       0x10 ./Sources/main.o
                0x1ffff4e0                temperature_msg_queue
 COMMON         0x1ffff4f0        0x8 ./SDK/platform/hal/src/mcg/fsl_mcg_hal.o
                0x1ffff4f0                g_xtal0ClkFreq
                0x1ffff4f4                g_xtalRtcClkFreq
 COMMON         0x1ffff4f8       0x50 ./Prova_Conceito/Tarefas/maquinaEstadoSensor.o
                0x1ffff4f8                SCADEtemperature
 COMMON         0x1ffff548        0x4 ./Generated_Code/MainTask.o
                0x1ffff548                MainTask_task_handler
 COMMON         0x1ffff54c        0x4 ./Generated_Code/Radio.o
                0x1ffff54c                Radio_task_handler
 COMMON         0x1ffff550       0x1c ./Generated_Code/i2cCom1.o
                0x1ffff550                i2cCom1_MasterState
 COMMON         0x1ffff56c       0x28 ./Generated_Code/spiRadioTemp.o
                0x1ffff56c                spiRadioTemp_MasterState
 COMMON         0x1ffff594        0x4 ./Generated_Code/tempSensor.o
                0x1ffff594                tempSensor_task_handler
 COMMON         0x1ffff598        0x4 c:/freescale/kds_v3/toolchain/bin/../lib/gcc/arm-none-eabi/4.8.4/../../../../arm-none-eabi/lib/armv6-m\libg_s.a(lib_a-reent.o)
                0x1ffff598                errno
                0x1ffff59c                . = ALIGN (0x4)
                0x1ffff59c                __bss_end__ = .
                0x1ffff59c                __END_BSS = .

.heap           0x1ffff59c     0x2004 load address 0x0000c604
                0x1ffff5a0                . = ALIGN (0x8)
 *fill*         0x1ffff59c        0x4 
                0x1ffff5a0                __end__ = .
                0x1ffff5a0                PROVIDE (end, .)
                0x1ffff5a0                __HeapBase = .
                0x200015a0                . = (. + HEAP_SIZE)
 *fill*         0x1ffff5a0     0x2000 
                0x200015a0                __HeapLimit = .

.stack          0x200015a0      0x400 load address 0x0000e608
                0x200015a0                . = ALIGN (0x8)
                0x200019a0                . = (. + STACK_SIZE)
 *fill*         0x200015a0      0x400 