17:28:48 **** Incremental Build of configuration Debug for project acelerometro ****
make all 
Building file: N:/Sensores/acelerometro/driver_code/mpu6050.c
Invoking: Cross ARM C Compiler
arm-none-eabi-gcc -mcpu=cortex-m0plus -mthumb -O0 -fmessage-length=0 -fsigned-char -ffunction-sections -fdata-sections -Wall  -g3 -D"CPU_MKL25Z128VLK4" -D"FSL_RTOS_FREE_RTOS" -I"C:/Users/john/ipbl2019/5_Prova_Conceito/Sistema_Embarcado/Sensores/acelerometro/KDS/SDK/platform/hal/inc" -I"C:/Users/john/ipbl2019/5_Prova_Conceito/Sistema_Embarcado/Sensores/acelerometro/KDS/SDK/platform/hal/src/sim/MKL25Z4" -I"C:/Users/john/ipbl2019/5_Prova_Conceito/Sistema_Embarcado/Sensores/acelerometro/KDS/SDK/platform/system/src/clock/MKL25Z4" -I"C:/Users/john/ipbl2019/5_Prova_Conceito/Sistema_Embarcado/Sensores/acelerometro/KDS/SDK/platform/system/inc" -I"C:/Users/john/ipbl2019/5_Prova_Conceito/Sistema_Embarcado/Sensores/acelerometro/KDS/SDK/platform/osa/inc" -I"C:/Users/john/ipbl2019/5_Prova_Conceito/Sistema_Embarcado/Sensores/acelerometro/KDS/SDK/platform/CMSIS/Include" -I"C:/Users/john/ipbl2019/5_Prova_Conceito/Sistema_Embarcado/Sensores/acelerometro/KDS/SDK/platform/devices" -I"C:/Users/john/ipbl2019/5_Prova_Conceito/Sistema_Embarcado/Sensores/acelerometro/KDS/SDK/platform/devices/MKL25Z4/include" -I"C:/Users/john/ipbl2019/5_Prova_Conceito/Sistema_Embarcado/Sensores/acelerometro/KDS/SDK/platform/utilities/src" -I"C:/Users/john/ipbl2019/5_Prova_Conceito/Sistema_Embarcado/Sensores/acelerometro/KDS/SDK/platform/utilities/inc" -I"C:/Users/john/ipbl2019/5_Prova_Conceito/Sistema_Embarcado/Sensores/acelerometro/KDS/SDK/platform/devices/MKL25Z4/startup" -I"C:/Users/john/ipbl2019/5_Prova_Conceito/Sistema_Embarcado/Sensores/acelerometro/KDS/Generated_Code/SDK/platform/devices/MKL25Z4/startup" -I"C:/Users/john/ipbl2019/5_Prova_Conceito/Sistema_Embarcado/Sensores/acelerometro/KDS/Sources" -I"C:/Users/john/ipbl2019/5_Prova_Conceito/Sistema_Embarcado/Sensores/acelerometro/KDS/Generated_Code" -I"C:/Users/john/ipbl2019/5_Prova_Conceito/Sistema_Embarcado/Sensores/acelerometro/KDS/SDK/platform/drivers/inc" -I"C:/Users/john/ipbl2019/5_Prova_Conceito/Sistema_Embarcado/Sensores/acelerometro/KDS/SDK/rtos/FreeRTOS/include" -I"C:/Users/john/ipbl2019/5_Prova_Conceito/Sistema_Embarcado/Sensores/acelerometro/KDS/SDK/rtos/FreeRTOS/port/gcc" -I"C:/Users/john/ipbl2019/5_Prova_Conceito/Sistema_Embarcado/Sensores/acelerometro/KDS/Generated_Code/SDK/rtos/FreeRTOS/config" -I"C:/Users/john/ipbl2019/5_Prova_Conceito/Sistema_Embarcado/Sensores/acelerometro/KDS/../driver_code" -I"C:/Users/john/ipbl2019/5_Prova_Conceito/Sistema_Embarcado/Sensores/acelerometro/KDS/../driver_code/Template" -std=c99 -MMD -MP -MF"driver_code/mpu6050.d" -MT"driver_code/mpu6050.o" -c -o "driver_code/mpu6050.o" "N:/Sensores/acelerometro/driver_code/mpu6050.c"
In file included from N:/Sensores/acelerometro/driver_code/mpu6050.c:10:0:
N:/Sensores/acelerometro/driver_code/mpu6050.h:77:1: warning: "/*" within comment [-Wcomment]
 /*
 ^
Finished building: N:/Sensores/acelerometro/driver_code/mpu6050.c
 
Building file: ../Sources/rtos_main_task.c
Invoking: Cross ARM C Compiler
arm-none-eabi-gcc -mcpu=cortex-m0plus -mthumb -O0 -fmessage-length=0 -fsigned-char -ffunction-sections -fdata-sections -Wall  -g3 -D"CPU_MKL25Z128VLK4" -D"FSL_RTOS_FREE_RTOS" -I"C:/Users/john/ipbl2019/5_Prova_Conceito/Sistema_Embarcado/Sensores/acelerometro/KDS/SDK/platform/hal/inc" -I"C:/Users/john/ipbl2019/5_Prova_Conceito/Sistema_Embarcado/Sensores/acelerometro/KDS/SDK/platform/hal/src/sim/MKL25Z4" -I"C:/Users/john/ipbl2019/5_Prova_Conceito/Sistema_Embarcado/Sensores/acelerometro/KDS/SDK/platform/system/src/clock/MKL25Z4" -I"C:/Users/john/ipbl2019/5_Prova_Conceito/Sistema_Embarcado/Sensores/acelerometro/KDS/SDK/platform/system/inc" -I"C:/Users/john/ipbl2019/5_Prova_Conceito/Sistema_Embarcado/Sensores/acelerometro/KDS/SDK/platform/osa/inc" -I"C:/Users/john/ipbl2019/5_Prova_Conceito/Sistema_Embarcado/Sensores/acelerometro/KDS/SDK/platform/CMSIS/Include" -I"C:/Users/john/ipbl2019/5_Prova_Conceito/Sistema_Embarcado/Sensores/acelerometro/KDS/SDK/platform/devices" -I"C:/Users/john/ipbl2019/5_Prova_Conceito/Sistema_Embarcado/Sensores/acelerometro/KDS/SDK/platform/devices/MKL25Z4/include" -I"C:/Users/john/ipbl2019/5_Prova_Conceito/Sistema_Embarcado/Sensores/acelerometro/KDS/SDK/platform/utilities/src" -I"C:/Users/john/ipbl2019/5_Prova_Conceito/Sistema_Embarcado/Sensores/acelerometro/KDS/SDK/platform/utilities/inc" -I"C:/Users/john/ipbl2019/5_Prova_Conceito/Sistema_Embarcado/Sensores/acelerometro/KDS/SDK/platform/devices/MKL25Z4/startup" -I"C:/Users/john/ipbl2019/5_Prova_Conceito/Sistema_Embarcado/Sensores/acelerometro/KDS/Generated_Code/SDK/platform/devices/MKL25Z4/startup" -I"C:/Users/john/ipbl2019/5_Prova_Conceito/Sistema_Embarcado/Sensores/acelerometro/KDS/Sources" -I"C:/Users/john/ipbl2019/5_Prova_Conceito/Sistema_Embarcado/Sensores/acelerometro/KDS/Generated_Code" -I"C:/Users/john/ipbl2019/5_Prova_Conceito/Sistema_Embarcado/Sensores/acelerometro/KDS/SDK/platform/drivers/inc" -I"C:/Users/john/ipbl2019/5_Prova_Conceito/Sistema_Embarcado/Sensores/acelerometro/KDS/SDK/rtos/FreeRTOS/include" -I"C:/Users/john/ipbl2019/5_Prova_Conceito/Sistema_Embarcado/Sensores/acelerometro/KDS/SDK/rtos/FreeRTOS/port/gcc" -I"C:/Users/john/ipbl2019/5_Prova_Conceito/Sistema_Embarcado/Sensores/acelerometro/KDS/Generated_Code/SDK/rtos/FreeRTOS/config" -I"C:/Users/john/ipbl2019/5_Prova_Conceito/Sistema_Embarcado/Sensores/acelerometro/KDS/../driver_code" -I"C:/Users/john/ipbl2019/5_Prova_Conceito/Sistema_Embarcado/Sensores/acelerometro/KDS/../driver_code/Template" -std=c99 -MMD -MP -MF"Sources/rtos_main_task.d" -MT"Sources/rtos_main_task.o" -c -o "Sources/rtos_main_task.o" "../Sources/rtos_main_task.c"
In file included from ../Sources/rtos_main_task.c:41:0:
c:\users\john\ipbl2019\5_prova_conceito\sistema_embarcado\sensores\acelerometro\driver_code\mpu6050.h:77:1: warning: "/*" within comment [-Wcomment]
 /*
 ^
../Sources/rtos_main_task.c: In function 'main_task':
../Sources/rtos_main_task.c:111:4: warning: implicit declaration of function 'MPU6050_WhoAmI' [-Wimplicit-function-declaration]
    whoami = MPU6050_WhoAmI(&value);
    ^
../Sources/rtos_main_task.c:77:10: warning: unused variable 'z' [-Wunused-variable]
  uint8_t z = 0;
          ^
../Sources/rtos_main_task.c:76:10: warning: unused variable 'y' [-Wunused-variable]
  uint8_t y = 0;
          ^
../Sources/rtos_main_task.c:75:10: warning: unused variable 'x' [-Wunused-variable]
  uint8_t x = 0;
          ^
../Sources/rtos_main_task.c:72:10: warning: variable 'codigoErro' set but not used [-Wunused-but-set-variable]
  uint8_t codigoErro;
          ^
../Sources/rtos_main_task.c:69:10: warning: unused variable 'a_z' [-Wunused-variable]
  uint8_t a_z;
          ^
../Sources/rtos_main_task.c:68:10: warning: unused variable 'a_y' [-Wunused-variable]
  uint8_t a_y;
          ^
../Sources/rtos_main_task.c:65:10: warning: variable 'read' set but not used [-Wunused-but-set-variable]
  uint8_t read;
          ^
../Sources/rtos_main_task.c:64:10: warning: unused variable 'codigo_erro' [-Wunused-variable]
  uint8_t codigo_erro;
          ^
../Sources/rtos_main_task.c:63:10: warning: variable 'whoami' set but not used [-Wunused-but-set-variable]
  uint8_t whoami;
          ^
../Sources/rtos_main_task.c:62:10: warning: unused variable 'deinit_status_code' [-Wunused-variable]
  uint8_t deinit_status_code;
          ^
../Sources/rtos_main_task.c:61:10: warning: variable 'init_status_code' set but not used [-Wunused-but-set-variable]
  uint8_t init_status_code;
          ^
Finished building: ../Sources/rtos_main_task.c
 
Building target: acelerometro.elf
Invoking: Cross ARM C++ Linker
arm-none-eabi-g++ -mcpu=cortex-m0plus -mthumb -O0 -fmessage-length=0 -fsigned-char -ffunction-sections -fdata-sections -Wall  -g3 -T "C:/Users/john/ipbl2019/5_Prova_Conceito/Sistema_Embarcado/Sensores/acelerometro/KDS/Project_Settings/Linker_Files/ProcessorExpert.ld" -Xlinker --gc-sections -L"C:/Users/john/ipbl2019/5_Prova_Conceito/Sistema_Embarcado/Sensores/acelerometro/KDS/Project_Settings/Linker_Files" -Wl,-Map,"acelerometro.map" -specs=nosys.specs -specs=nano.specs -Xlinker -z -Xlinker muldefs -o "acelerometro.elf"  ./driver_code/mpu6050.o  ./Static_Code/System/PE_low_level_init.o  ./Sources/Events.o ./Sources/main.o ./Sources/os_tasks.o ./Sources/rtos_main_task.o  ./SDK/rtos/FreeRTOS/src/croutine.o ./SDK/rtos/FreeRTOS/src/event_groups.o ./SDK/rtos/FreeRTOS/src/heap_1.o ./SDK/rtos/FreeRTOS/src/heap_2.o ./SDK/rtos/FreeRTOS/src/heap_3.o ./SDK/rtos/FreeRTOS/src/heap_4.o ./SDK/rtos/FreeRTOS/src/heap_5.o ./SDK/rtos/FreeRTOS/src/list.o ./SDK/rtos/FreeRTOS/src/queue.o ./SDK/rtos/FreeRTOS/src/tasks.o ./SDK/rtos/FreeRTOS/src/timers.o  ./SDK/rtos/FreeRTOS/port/gcc/port.o ./SDK/rtos/FreeRTOS/port/gcc/portasm.o  ./SDK/platform/utilities/src/fsl_debug_console.o ./SDK/platform/utilities/src/fsl_misc_utilities.o ./SDK/platform/utilities/src/print_scan.o  ./SDK/platform/system/src/interrupt/fsl_interrupt_manager.o  ./SDK/platform/system/src/clock/MKL25Z4/fsl_clock_MKL25Z4.o  ./SDK/platform/system/src/clock/fsl_clock_manager.o ./SDK/platform/system/src/clock/fsl_clock_manager_common.o  ./SDK/platform/osa/src/fsl_os_abstraction_free_rtos.o  ./SDK/platform/hal/src/uart/fsl_uart_hal.o  ./SDK/platform/hal/src/sim/MKL25Z4/fsl_sim_hal_MKL25Z4.o  ./SDK/platform/hal/src/rtc/fsl_rtc_hal.o  ./SDK/platform/hal/src/port/fsl_port_hal.o  ./SDK/platform/hal/src/osc/fsl_osc_hal.o  ./SDK/platform/hal/src/mcg/fsl_mcg_hal.o ./SDK/platform/hal/src/mcg/fsl_mcg_hal_modes.o  ./SDK/platform/hal/src/lpsci/fsl_lpsci_hal.o  ./SDK/platform/hal/src/i2c/fsl_i2c_hal.o  ./SDK/platform/drivers/src/rtc/fsl_rtc_common.o  ./SDK/platform/drivers/src/i2c/fsl_i2c_common.o ./SDK/platform/drivers/src/i2c/fsl_i2c_master_driver.o ./SDK/platform/drivers/src/i2c/fsl_i2c_shared_function.o ./SDK/platform/drivers/src/i2c/fsl_i2c_slave_driver.o  ./SDK/platform/devices/MKL25Z4/startup/gcc/startup_MKL25Z4.o  ./SDK/platform/devices/MKL25Z4/startup/system_MKL25Z4.o  ./SDK/platform/devices/startup.o  ./Generated_Code/Cpu.o ./Generated_Code/MainTask.o ./Generated_Code/Task1.o ./Generated_Code/clockMan1.o ./Generated_Code/free_rtos.o ./Generated_Code/hardware_init.o ./Generated_Code/i2cCom1.o ./Generated_Code/osa1.o ./Generated_Code/pin_init.o  ./.metadata/.plugins/org.eclipse.cdt.make.core/specs.o   
Finished building target: acelerometro.elf
 
Invoking: Cross ARM GNU Print Size
arm-none-eabi-size --format=berkeley "acelerometro.elf"
   text	   data	    bss	    dec	    hex	filename
  25420	    132	  10340	  35892	   8c34	acelerometro.elf
Finished building: acelerometro.siz
 
17:30:44 **** Incremental Build of configuration Debug for project acelerometro ****
make all 
Invoking: Cross ARM GNU Print Size
arm-none-eabi-size --format=berkeley "acelerometro.elf"
   text	   data	    bss	    dec	    hex	filename
  25420	    132	  10340	  35892	   8c34	acelerometro.elf
Finished building: acelerometro.siz
 
